Archive member included to satisfy reference by file (symbol)

c:/st/stm32cubeide_1.11.0/stm32cubeide/plugins/com.st.stm32cube.ide.mcu.externaltools.gnu-tools-for-stm32.10.3-2021.10.win32_1.0.100.202210260954/tools/bin/../lib/gcc/arm-none-eabi/10.3.1/../../../../arm-none-eabi/lib/thumb/v7e-m+fp/hard\libc_nano.a(lib_a-errno.o)
                              ./Core/Src/syscalls.o (__errno)
c:/st/stm32cubeide_1.11.0/stm32cubeide/plugins/com.st.stm32cube.ide.mcu.externaltools.gnu-tools-for-stm32.10.3-2021.10.win32_1.0.100.202210260954/tools/bin/../lib/gcc/arm-none-eabi/10.3.1/../../../../arm-none-eabi/lib/thumb/v7e-m+fp/hard\libc_nano.a(lib_a-exit.o)
                              c:/st/stm32cubeide_1.11.0/stm32cubeide/plugins/com.st.stm32cube.ide.mcu.externaltools.gnu-tools-for-stm32.10.3-2021.10.win32_1.0.100.202210260954/tools/bin/../lib/gcc/arm-none-eabi/10.3.1/../../../../arm-none-eabi/lib/thumb/v7e-m+fp/hard/crt0.o (exit)
c:/st/stm32cubeide_1.11.0/stm32cubeide/plugins/com.st.stm32cube.ide.mcu.externaltools.gnu-tools-for-stm32.10.3-2021.10.win32_1.0.100.202210260954/tools/bin/../lib/gcc/arm-none-eabi/10.3.1/../../../../arm-none-eabi/lib/thumb/v7e-m+fp/hard\libc_nano.a(lib_a-impure.o)
                              c:/st/stm32cubeide_1.11.0/stm32cubeide/plugins/com.st.stm32cube.ide.mcu.externaltools.gnu-tools-for-stm32.10.3-2021.10.win32_1.0.100.202210260954/tools/bin/../lib/gcc/arm-none-eabi/10.3.1/../../../../arm-none-eabi/lib/thumb/v7e-m+fp/hard\libc_nano.a(lib_a-exit.o) (_global_impure_ptr)
c:/st/stm32cubeide_1.11.0/stm32cubeide/plugins/com.st.stm32cube.ide.mcu.externaltools.gnu-tools-for-stm32.10.3-2021.10.win32_1.0.100.202210260954/tools/bin/../lib/gcc/arm-none-eabi/10.3.1/../../../../arm-none-eabi/lib/thumb/v7e-m+fp/hard\libc_nano.a(lib_a-init.o)
                              c:/st/stm32cubeide_1.11.0/stm32cubeide/plugins/com.st.stm32cube.ide.mcu.externaltools.gnu-tools-for-stm32.10.3-2021.10.win32_1.0.100.202210260954/tools/bin/../lib/gcc/arm-none-eabi/10.3.1/../../../../arm-none-eabi/lib/thumb/v7e-m+fp/hard/crt0.o (__libc_init_array)
c:/st/stm32cubeide_1.11.0/stm32cubeide/plugins/com.st.stm32cube.ide.mcu.externaltools.gnu-tools-for-stm32.10.3-2021.10.win32_1.0.100.202210260954/tools/bin/../lib/gcc/arm-none-eabi/10.3.1/../../../../arm-none-eabi/lib/thumb/v7e-m+fp/hard\libc_nano.a(lib_a-malloc.o)
                              ./Core/Src/main.o (malloc)
c:/st/stm32cubeide_1.11.0/stm32cubeide/plugins/com.st.stm32cube.ide.mcu.externaltools.gnu-tools-for-stm32.10.3-2021.10.win32_1.0.100.202210260954/tools/bin/../lib/gcc/arm-none-eabi/10.3.1/../../../../arm-none-eabi/lib/thumb/v7e-m+fp/hard\libc_nano.a(lib_a-memcpy-stub.o)
                              ./FreeRTOS/queue.o (memcpy)
c:/st/stm32cubeide_1.11.0/stm32cubeide/plugins/com.st.stm32cube.ide.mcu.externaltools.gnu-tools-for-stm32.10.3-2021.10.win32_1.0.100.202210260954/tools/bin/../lib/gcc/arm-none-eabi/10.3.1/../../../../arm-none-eabi/lib/thumb/v7e-m+fp/hard\libc_nano.a(lib_a-memset.o)
                              c:/st/stm32cubeide_1.11.0/stm32cubeide/plugins/com.st.stm32cube.ide.mcu.externaltools.gnu-tools-for-stm32.10.3-2021.10.win32_1.0.100.202210260954/tools/bin/../lib/gcc/arm-none-eabi/10.3.1/../../../../arm-none-eabi/lib/thumb/v7e-m+fp/hard/crt0.o (memset)
c:/st/stm32cubeide_1.11.0/stm32cubeide/plugins/com.st.stm32cube.ide.mcu.externaltools.gnu-tools-for-stm32.10.3-2021.10.win32_1.0.100.202210260954/tools/bin/../lib/gcc/arm-none-eabi/10.3.1/../../../../arm-none-eabi/lib/thumb/v7e-m+fp/hard\libc_nano.a(lib_a-nano-freer.o)
                              c:/st/stm32cubeide_1.11.0/stm32cubeide/plugins/com.st.stm32cube.ide.mcu.externaltools.gnu-tools-for-stm32.10.3-2021.10.win32_1.0.100.202210260954/tools/bin/../lib/gcc/arm-none-eabi/10.3.1/../../../../arm-none-eabi/lib/thumb/v7e-m+fp/hard\libc_nano.a(lib_a-malloc.o) (_free_r)
c:/st/stm32cubeide_1.11.0/stm32cubeide/plugins/com.st.stm32cube.ide.mcu.externaltools.gnu-tools-for-stm32.10.3-2021.10.win32_1.0.100.202210260954/tools/bin/../lib/gcc/arm-none-eabi/10.3.1/../../../../arm-none-eabi/lib/thumb/v7e-m+fp/hard\libc_nano.a(lib_a-nano-mallocr.o)
                              c:/st/stm32cubeide_1.11.0/stm32cubeide/plugins/com.st.stm32cube.ide.mcu.externaltools.gnu-tools-for-stm32.10.3-2021.10.win32_1.0.100.202210260954/tools/bin/../lib/gcc/arm-none-eabi/10.3.1/../../../../arm-none-eabi/lib/thumb/v7e-m+fp/hard\libc_nano.a(lib_a-malloc.o) (_malloc_r)
c:/st/stm32cubeide_1.11.0/stm32cubeide/plugins/com.st.stm32cube.ide.mcu.externaltools.gnu-tools-for-stm32.10.3-2021.10.win32_1.0.100.202210260954/tools/bin/../lib/gcc/arm-none-eabi/10.3.1/../../../../arm-none-eabi/lib/thumb/v7e-m+fp/hard\libc_nano.a(lib_a-nano-vfprintf_float.o)
                              (_printf_float)
[...]
Memory Configuration

Name             Origin             Length             Attributes
CCMRAM           0x0000000010000000 0x0000000000010000 xrw
RAM              0x0000000020000000 0x0000000000020000 xrw
FLASH            0x0000000008000000 0x0000000000100000 xr
*default*        0x0000000000000000 0xffffffffffffffff

Linker script and memory map

LOAD c:/st/stm32cubeide_1.11.0/stm32cubeide/plugins/com.st.stm32cube.ide.mcu.externaltools.gnu-tools-for-stm32.10.3-2021.10.win32_1.0.100.202210260954/tools/bin/../lib/gcc/arm-none-eabi/10.3.1/thumb/v7e-m+fp/hard/crti.o
LOAD c:/st/stm32cubeide_1.11.0/stm32cubeide/plugins/com.st.stm32cube.ide.mcu.externaltools.gnu-tools-for-stm32.10.3-2021.10.win32_1.0.100.202210260954/tools/bin/../lib/gcc/arm-none-eabi/10.3.1/thumb/v7e-m+fp/hard/crtbegin.o
LOAD c:/st/stm32cubeide_1.11.0/stm32cubeide/plugins/com.st.stm32cube.ide.mcu.externaltools.gnu-tools-for-stm32.10.3-2021.10.win32_1.0.100.202210260954/tools/bin/../lib/gcc/arm-none-eabi/10.3.1/../../../../arm-none-eabi/lib/thumb/v7e-m+fp/hard/crt0.o
LOAD ./Core/Src/liquidcrystal_i2c.o
LOAD ./Core/Src/main.o
LOAD ./Core/Src/rc522.o
LOAD ./Core/Src/stm32f4xx_hal_msp.o
LOAD ./Core/Src/stm32f4xx_hal_timebase_tim.o
LOAD ./Core/Src/stm32f4xx_it.o
LOAD ./Core/Src/syscalls.o
LOAD ./Core/Src/sysmem.o
LOAD ./Core/Src/system_stm32f4xx.o
LOAD ./Core/Startup/startup_stm32f407vgtx.o
LOAD ./Drivers/STM32F4xx_HAL_Driver/Src/stm32f4xx_hal.o
LOAD ./Drivers/STM32F4xx_HAL_Driver/Src/stm32f4xx_hal_adc.o
LOAD ./Drivers/STM32F4xx_HAL_Driver/Src/stm32f4xx_hal_adc_ex.o
LOAD ./Drivers/STM32F4xx_HAL_Driver/Src/stm32f4xx_hal_cortex.o
LOAD ./Drivers/STM32F4xx_HAL_Driver/Src/stm32f4xx_hal_dma.o
LOAD ./Drivers/STM32F4xx_HAL_Driver/Src/stm32f4xx_hal_dma_ex.o
LOAD ./Drivers/STM32F4xx_HAL_Driver/Src/stm32f4xx_hal_exti.o
LOAD ./Drivers/STM32F4xx_HAL_Driver/Src/stm32f4xx_hal_flash.o
LOAD ./Drivers/STM32F4xx_HAL_Driver/Src/stm32f4xx_hal_flash_ex.o
LOAD ./Drivers/STM32F4xx_HAL_Driver/Src/stm32f4xx_hal_flash_ramfunc.o
LOAD ./Drivers/STM32F4xx_HAL_Driver/Src/stm32f4xx_hal_gpio.o
LOAD ./Drivers/STM32F4xx_HAL_Driver/Src/stm32f4xx_hal_i2c.o
LOAD ./Drivers/STM32F4xx_HAL_Driver/Src/stm32f4xx_hal_i2c_ex.o
LOAD ./Drivers/STM32F4xx_HAL_Driver/Src/stm32f4xx_hal_i2s.o
LOAD ./Drivers/STM32F4xx_HAL_Driver/Src/stm32f4xx_hal_i2s_ex.o
LOAD ./Drivers/STM32F4xx_HAL_Driver/Src/stm32f4xx_hal_pwr.o
LOAD ./Drivers/STM32F4xx_HAL_Driver/Src/stm32f4xx_hal_pwr_ex.o
LOAD ./Drivers/STM32F4xx_HAL_Driver/Src/stm32f4xx_hal_rcc.o
LOAD ./Drivers/STM32F4xx_HAL_Driver/Src/stm32f4xx_hal_rcc_ex.o
LOAD ./Drivers/STM32F4xx_HAL_Driver/Src/stm32f4xx_hal_spi.o
LOAD ./Drivers/STM32F4xx_HAL_Driver/Src/stm32f4xx_hal_tim.o
LOAD ./Drivers/STM32F4xx_HAL_Driver/Src/stm32f4xx_hal_tim_ex.o
LOAD ./Drivers/STM32F4xx_HAL_Driver/Src/stm32f4xx_hal_uart.o
LOAD ./Drivers/STM32F4xx_HAL_Driver/Src/stm32f4xx_ll_adc.o
LOAD ./FreeRTOS/croutine.o
LOAD ./FreeRTOS/event_groups.o
LOAD ./FreeRTOS/list.o
LOAD ./FreeRTOS/queue.o
LOAD ./FreeRTOS/stream_buffer.o
LOAD ./FreeRTOS/tasks.o
LOAD ./FreeRTOS/timers.o
LOAD ./FreeRTOS/portable/ARM_CM4F/port.o
LOAD ./FreeRTOS/portable/MemMang/heap_4.o
START GROUP
LOAD c:/st/stm32cubeide_1.11.0/stm32cubeide/plugins/com.st.stm32cube.ide.mcu.externaltools.gnu-tools-for-stm32.10.3-2021.10.win32_1.0.100.202210260954/tools/bin/../lib/gcc/arm-none-eabi/10.3.1/../../../../arm-none-eabi/lib/thumb/v7e-m+fp/hard\libc_nano.a
LOAD c:/st/stm32cubeide_1.11.0/stm32cubeide/plugins/com.st.stm32cube.ide.mcu.externaltools.gnu-tools-for-stm32.10.3-2021.10.win32_1.0.100.202210260954/tools/bin/../lib/gcc/arm-none-eabi/10.3.1/../../../../arm-none-eabi/lib/thumb/v7e-m+fp/hard\libm.a
END GROUP
START GROUP
LOAD c:/st/stm32cubeide_1.11.0/stm32cubeide/plugins/com.st.stm32cube.ide.mcu.externaltools.gnu-tools-for-stm32.10.3-2021.10.win32_1.0.100.202210260954/tools/bin/../lib/gcc/arm-none-eabi/10.3.1/thumb/v7e-m+fp/hard\libgcc.a
LOAD c:/st/stm32cubeide_1.11.0/stm32cubeide/plugins/com.st.stm32cube.ide.mcu.externaltools.gnu-tools-for-stm32.10.3-2021.10.win32_1.0.100.202210260954/tools/bin/../lib/gcc/arm-none-eabi/10.3.1/../../../../arm-none-eabi/lib/thumb/v7e-m+fp/hard\libc_nano.a
END GROUP
START GROUP
LOAD c:/st/stm32cubeide_1.11.0/stm32cubeide/plugins/com.st.stm32cube.ide.mcu.externaltools.gnu-tools-for-stm32.10.3-2021.10.win32_1.0.100.202210260954/tools/bin/../lib/gcc/arm-none-eabi/10.3.1/thumb/v7e-m+fp/hard\libgcc.a
LOAD c:/st/stm32cubeide_1.11.0/stm32cubeide/plugins/com.st.stm32cube.ide.mcu.externaltools.gnu-tools-for-stm32.10.3-2021.10.win32_1.0.100.202210260954/tools/bin/../lib/gcc/arm-none-eabi/10.3.1/../../../../arm-none-eabi/lib/thumb/v7e-m+fp/hard\libc_nano.a
LOAD c:/st/stm32cubeide_1.11.0/stm32cubeide/plugins/com.st.stm32cube.ide.mcu.externaltools.gnu-tools-for-stm32.10.3-2021.10.win32_1.0.100.202210260954/tools/bin/../lib/gcc/arm-none-eabi/10.3.1/../../../../arm-none-eabi/lib/thumb/v7e-m+fp/hard\libnosys.a
END GROUP
START GROUP
LOAD c:/st/stm32cubeide_1.11.0/stm32cubeide/plugins/com.st.stm32cube.ide.mcu.externaltools.gnu-tools-for-stm32.10.3-2021.10.win32_1.0.100.202210260954/tools/bin/../lib/gcc/arm-none-eabi/10.3.1/thumb/v7e-m+fp/hard\libgcc.a
LOAD c:/st/stm32cubeide_1.11.0/stm32cubeide/plugins/com.st.stm32cube.ide.mcu.externaltools.gnu-tools-for-stm32.10.3-2021.10.win32_1.0.100.202210260954/tools/bin/../lib/gcc/arm-none-eabi/10.3.1/../../../../arm-none-eabi/lib/thumb/v7e-m+fp/hard\libc_nano.a
LOAD c:/st/stm32cubeide_1.11.0/stm32cubeide/plugins/com.st.stm32cube.ide.mcu.externaltools.gnu-tools-for-stm32.10.3-2021.10.win32_1.0.100.202210260954/tools/bin/../lib/gcc/arm-none-eabi/10.3.1/../../../../arm-none-eabi/lib/thumb/v7e-m+fp/hard\libnosys.a
END GROUP
LOAD c:/st/stm32cubeide_1.11.0/stm32cubeide/plugins/com.st.stm32cube.ide.mcu.externaltools.gnu-tools-for-stm32.10.3-2021.10.win32_1.0.100.202210260954/tools/bin/../lib/gcc/arm-none-eabi/10.3.1/thumb/v7e-m+fp/hard/crtend.o
LOAD c:/st/stm32cubeide_1.11.0/stm32cubeide/plugins/com.st.stm32cube.ide.mcu.externaltools.gnu-tools-for-stm32.10.3-2021.10.win32_1.0.100.202210260954/tools/bin/../lib/gcc/arm-none-eabi/10.3.1/thumb/v7e-m+fp/hard/crtn.o
                0x0000000020020000                _estack = (ORIGIN (RAM) + LENGTH (RAM))
                0x0000000000000200                _Min_Heap_Size = 0x200
                0x0000000000000400                _Min_Stack_Size = 0x400

.isr_vector     0x0000000008000000      0x188
                0x0000000008000000                . = ALIGN (0x4)
 *(.isr_vector)
 .isr_vector    0x0000000008000000      0x188 ./Core/Startup/startup_stm32f407vgtx.o
                0x0000000008000000                g_pfnVectors
                0x0000000008000188                . = ALIGN (0x4)

.text           0x0000000008000190    0x10434
                0x0000000008000190                . = ALIGN (0x4)
 *(.text)
 .text          0x0000000008000190       0x40 c:/st/stm32cubeide_1.11.0/stm32cubeide/plugins/com.st.stm32cube.ide.mcu.externaltools.gnu-tools-for-stm32.10.3-2021.10.win32_1.0.100.202210260954/tools/bin/../lib/gcc/arm-none-eabi/10.3.1/thumb/v7e-m+fp/hard/crtbegin.o
 .text          0x00000000080001d0       0x10 c:/st/stm32cubeide_1.11.0/stm32cubeide/plugins/com.st.stm32cube.ide.mcu.externaltools.gnu-tools-for-stm32.10.3-2021.10.win32_1.0.100.202210260954/tools/bin/../lib/gcc/arm-none-eabi/10.3.1/../../../../arm-none-eabi/lib/thumb/v7e-m+fp/hard\libc_nano.a(lib_a-strlen.o)
                0x00000000080001d0                strlen
 .text          0x00000000080001e0       0xa0 c:/st/stm32cubeide_1.11.0/stm32cubeide/plugins/com.st.stm32cube.ide.mcu.externaltools.gnu-tools-for-stm32.10.3-2021.10.win32_1.0.100.202210260954/tools/bin/../lib/gcc/arm-none-eabi/10.3.1/../../../../arm-none-eabi/lib/thumb/v7e-m+fp/hard\libc_nano.a(lib_a-memchr.o)
                0x00000000080001e0                memchr
 .text          0x0000000008000280      0x378 c:/st/stm32cubeide_1.11.0/stm32cubeide/plugins/com.st.stm32cube.ide.mcu.externaltools.gnu-tools-for-stm32.10.3-2021.10.win32_1.0.100.202210260954/tools/bin/../lib/gcc/arm-none-eabi/10.3.1/thumb/v7e-m+fp/hard\libgcc.a(_arm_addsubdf3.o)
                0x0000000008000280                __aeabi_drsub
                0x0000000008000288                __aeabi_dsub
                0x0000000008000288                __subdf3
                0x000000000800028c                __aeabi_dadd
                0x000000000800028c                __adddf3
                0x0000000008000504                __floatunsidf
                0x0000000008000504                __aeabi_ui2d
                0x0000000008000524                __floatsidf
                0x0000000008000524                __aeabi_i2d
                0x0000000008000548                __aeabi_f2d
                0x0000000008000548                __extendsfdf2
                0x000000000800058c                __floatundidf
                0x000000000800058c                __aeabi_ul2d
                0x000000000800059c                __floatdidf
                0x000000000800059c                __aeabi_l2d
 .text          0x00000000080005f8      0x424 c:/st/stm32cubeide_1.11.0/stm32cubeide/plugins/com.st.stm32cube.ide.mcu.externaltools.gnu-tools-for-stm32.10.3-2021.10.win32_1.0.100.202210260954/tools/bin/../lib/gcc/arm-none-eabi/10.3.1/thumb/v7e-m+fp/hard\libgcc.a(_arm_muldivdf3.o)
                0x00000000080005f8                __aeabi_dmul
                0x00000000080005f8                __muldf3
                0x000000000800084c                __divdf3
                0x000000000800084c                __aeabi_ddiv
 .text          0x0000000008000a1c      0x110 c:/st/stm32cubeide_1.11.0/stm32cubeide/plugins/com.st.stm32cube.ide.mcu.externaltools.gnu-tools-for-stm32.10.3-2021.10.win32_1.0.100.202210260954/tools/bin/../lib/gcc/arm-none-eabi/10.3.1/thumb/v7e-m+fp/hard\libgcc.a(_arm_cmpdf2.o)
                0x0000000008000a1c                __gtdf2
                0x0000000008000a1c                __gedf2
                0x0000000008000a24                __ltdf2
                0x0000000008000a24                __ledf2
                0x0000000008000a2c                __nedf2
                0x0000000008000a2c                __eqdf2
                0x0000000008000a2c                __cmpdf2
                0x0000000008000aa8                __aeabi_cdrcmple
                0x0000000008000ab8                __aeabi_cdcmpeq
                0x0000000008000ab8                __aeabi_cdcmple
                0x0000000008000ac8                __aeabi_dcmpeq
                0x0000000008000adc                __aeabi_dcmplt
                0x0000000008000af0                __aeabi_dcmple
                0x0000000008000b04                __aeabi_dcmpge
                0x0000000008000b18                __aeabi_dcmpgt
 .text          0x0000000008000b2c       0x2c c:/st/stm32cubeide_1.11.0/stm32cubeide/plugins/com.st.stm32cube.ide.mcu.externaltools.gnu-tools-for-stm32.10.3-2021.10.win32_1.0.100.202210260954/tools/bin/../lib/gcc/arm-none-eabi/10.3.1/thumb/v7e-m+fp/hard\libgcc.a(_arm_unorddf2.o)
                0x0000000008000b2c                __unorddf2
                0x0000000008000b2c                __aeabi_dcmpun
 .text          0x0000000008000b58       0x50 c:/st/stm32cubeide_1.11.0/stm32cubeide/plugins/com.st.stm32cube.ide.mcu.externaltools.gnu-tools-for-stm32.10.3-2021.10.win32_1.0.100.202210260954/tools/bin/../lib/gcc/arm-none-eabi/10.3.1/thumb/v7e-m+fp/hard\libgcc.a(_arm_fixdfsi.o)
                0x0000000008000b58                __aeabi_d2iz
                0x0000000008000b58                __fixdfsi
 .text          0x0000000008000ba8       0x40 c:/st/stm32cubeide_1.11.0/stm32cubeide/plugins/com.st.stm32cube.ide.mcu.externaltools.gnu-tools-for-stm32.10.3-2021.10.win32_1.0.100.202210260954/tools/bin/../lib/gcc/arm-none-eabi/10.3.1/thumb/v7e-m+fp/hard\libgcc.a(_arm_fixunsdfsi.o)
                0x0000000008000ba8                __aeabi_d2uiz
                0x0000000008000ba8                __fixunsdfsi
 .text          0x0000000008000be8       0xa0 c:/st/stm32cubeide_1.11.0/stm32cubeide/plugins/com.st.stm32cube.ide.mcu.externaltools.gnu-tools-for-stm32.10.3-2021.10.win32_1.0.100.202210260954/tools/bin/../lib/gcc/arm-none-eabi/10.3.1/thumb/v7e-m+fp/hard\libgcc.a(_arm_truncdfsf2.o)
                0x0000000008000be8                __truncdfsf2
                0x0000000008000be8                __aeabi_d2f
 .text          0x0000000008000c88       0x30 c:/st/stm32cubeide_1.11.0/stm32cubeide/plugins/com.st.stm32cube.ide.mcu.externaltools.gnu-tools-for-stm32.10.3-2021.10.win32_1.0.100.202210260954/tools/bin/../lib/gcc/arm-none-eabi/10.3.1/thumb/v7e-m+fp/hard\libgcc.a(_aeabi_uldivmod.o)
                0x0000000008000c88                __aeabi_uldivmod
 .text          0x0000000008000cb8       0x30 c:/st/stm32cubeide_1.11.0/stm32cubeide/plugins/com.st.stm32cube.ide.mcu.externaltools.gnu-tools-for-stm32.10.3-2021.10.win32_1.0.100.202210260954/tools/bin/../lib/gcc/arm-none-eabi/10.3.1/thumb/v7e-m+fp/hard\libgcc.a(_fixdfdi.o)
                0x0000000008000cb8                __fixdfdi
                0x0000000008000cb8                __aeabi_d2lz
 .text          0x0000000008000ce8       0x3c c:/st/stm32cubeide_1.11.0/stm32cubeide/plugins/com.st.stm32cube.ide.mcu.externaltools.gnu-tools-for-stm32.10.3-2021.10.win32_1.0.100.202210260954/tools/bin/../lib/gcc/arm-none-eabi/10.3.1/thumb/v7e-m+fp/hard\libgcc.a(_fixunsdfdi.o)
                0x0000000008000ce8                __fixunsdfdi
                0x0000000008000ce8                __aeabi_d2ulz
 .text          0x0000000008000d24      0x2d0 c:/st/stm32cubeide_1.11.0/stm32cubeide/plugins/com.st.stm32cube.ide.mcu.externaltools.gnu-tools-for-stm32.10.3-2021.10.win32_1.0.100.202210260954/tools/bin/../lib/gcc/arm-none-eabi/10.3.1/thumb/v7e-m+fp/hard\libgcc.a(_udivmoddi4.o)
                0x0000000008000d24                __udivmoddi4
 .text          0x0000000008000ff4        0x4 c:/st/stm32cubeide_1.11.0/stm32cubeide/plugins/com.st.stm32cube.ide.mcu.externaltools.gnu-tools-for-stm32.10.3-2021.10.win32_1.0.100.202210260954/tools/bin/../lib/gcc/arm-none-eabi/10.3.1/thumb/v7e-m+fp/hard\libgcc.a(_dvmd_tls.o)
                0x0000000008000ff4                __aeabi_idiv0
                0x0000000008000ff4                __aeabi_ldiv0
 *(.text*)
 .text.HD44780_Init
                0x0000000008000ff8      0x108 ./Core/Src/liquidcrystal_i2c.o
                0x0000000008000ff8                HD44780_Init
 .text.HD44780_Clear
                0x0000000008001100       0x16 ./Core/Src/liquidcrystal_i2c.o
                0x0000000008001100                HD44780_Clear
 .text.HD44780_Home
                0x0000000008001116       0x16 ./Core/Src/liquidcrystal_i2c.o
                0x0000000008001116                HD44780_Home
 .text.HD44780_SetCursor
                0x000000000800112c       0x64 ./Core/Src/liquidcrystal_i2c.o
                0x000000000800112c                HD44780_SetCursor
 .text.HD44780_Display
                0x0000000008001190       0x2c ./Core/Src/liquidcrystal_i2c.o
                0x0000000008001190                HD44780_Display
 .text.HD44780_CreateSpecialChar
                0x00000000080011bc       0x52 ./Core/Src/liquidcrystal_i2c.o
                0x00000000080011bc                HD44780_CreateSpecialChar
 .text.HD44780_PrintStr
                0x000000000800120e       0x2a ./Core/Src/liquidcrystal_i2c.o
                0x000000000800120e                HD44780_PrintStr
 .text.SendCommand
                0x0000000008001238       0x1c ./Core/Src/liquidcrystal_i2c.o
 .text.SendChar
                0x0000000008001254       0x1c ./Core/Src/liquidcrystal_i2c.o
 .text.Send     0x0000000008001270       0x42 ./Core/Src/liquidcrystal_i2c.o
 .text.Write4Bits
                0x00000000080012b2       0x22 ./Core/Src/liquidcrystal_i2c.o
 .text.ExpanderWrite
                0x00000000080012d4       0x38 ./Core/Src/liquidcrystal_i2c.o
 .text.PulseEnable
                0x000000000800130c       0x3a ./Core/Src/liquidcrystal_i2c.o
 *fill*         0x0000000008001346        0x2 
 .text.DelayInit
                0x0000000008001348       0x54 ./Core/Src/liquidcrystal_i2c.o
 .text.DelayUS  0x000000000800139c       0x50 ./Core/Src/liquidcrystal_i2c.o
 .text.read_keypad
                0x00000000080013ec      0x1a8 ./Core/Src/main.o
                0x00000000080013ec                read_keypad
 .text.search_card_list_Global
                0x0000000008001594       0x7c ./Core/Src/main.o
                0x0000000008001594                search_card_list_Global
 .text.rc522_add_card
                0x0000000008001610      0x194 ./Core/Src/main.o
                0x0000000008001610                rc522_add_card
 .text.rc522_delete_card
                0x00000000080017a4       0xc4 ./Core/Src/main.o
                0x00000000080017a4                rc522_delete_card
 .text.debounce
                0x0000000008001868       0x44 ./Core/Src/main.o
                0x0000000008001868                debounce
 .text.rc522_check
                0x00000000080018ac       0x54 ./Core/Src/main.o
                0x00000000080018ac                rc522_check
 .text.keypad_check
                0x0000000008001900      0x17c ./Core/Src/main.o
                0x0000000008001900                keypad_check
 .text.unlock_fn_AddCard
                0x0000000008001a7c       0xa4 ./Core/Src/main.o
                0x0000000008001a7c                unlock_fn_AddCard
 .text.unlock_fn_DelCard
                0x0000000008001b20      0x190 ./Core/Src/main.o
                0x0000000008001b20                unlock_fn_DelCard
 .text.unlock_fn_Lock
                0x0000000008001cb0       0xac ./Core/Src/main.o
                0x0000000008001cb0                unlock_fn_Lock
 .text.lock_bee
                0x0000000008001d5c       0x68 ./Core/Src/main.o
                0x0000000008001d5c                lock_bee
 .text.unlock_bee
                0x0000000008001dc4       0x44 ./Core/Src/main.o
                0x0000000008001dc4                unlock_bee
 .text.lock_task
                0x0000000008001e08       0xec ./Core/Src/main.o
                0x0000000008001e08                lock_task
 .text.unlock_task
                0x0000000008001ef4       0x6c ./Core/Src/main.o
                0x0000000008001ef4                unlock_task
 .text.sendCommand
                0x0000000008001f60       0x28 ./Core/Src/main.o
                0x0000000008001f60                sendCommand
 .text.receiveResponse
                0x0000000008001f88       0x24 ./Core/Src/main.o
                0x0000000008001f88                receiveResponse
 .text.sendLogToServer
                0x0000000008001fac      0x13c ./Core/Src/main.o
                0x0000000008001fac                sendLogToServer
 .text.vEsp8266Init
                0x00000000080020e8       0xb8 ./Core/Src/main.o
                0x00000000080020e8                vEsp8266Init
 .text.main     0x00000000080021a0       0xec ./Core/Src/main.o
                0x00000000080021a0                main
 .text.SystemClock_Config
                0x000000000800228c       0xd4 ./Core/Src/main.o
                0x000000000800228c                SystemClock_Config
 .text.MX_ADC1_Init
                0x0000000008002360       0xc0 ./Core/Src/main.o
 .text.MX_I2C1_Init
                0x0000000008002420       0x5c ./Core/Src/main.o
 .text.MX_I2S3_Init
                0x000000000800247c       0x5c ./Core/Src/main.o
 .text.MX_SPI1_Init
                0x00000000080024d8       0x6c ./Core/Src/main.o
                0x00000000080024d8                MX_SPI1_Init
 .text.MX_SPI2_Init
                0x0000000008002544       0x6c ./Core/Src/main.o
 .text.MX_TIM2_Init
                0x00000000080025b0       0xb0 ./Core/Src/main.o
 .text.MX_USART1_UART_Init
                0x0000000008002660       0x54 ./Core/Src/main.o
 .text.MX_USART2_UART_Init
                0x00000000080026b4       0x54 ./Core/Src/main.o
 .text.MX_USART3_UART_Init
                0x0000000008002708       0x54 ./Core/Src/main.o
 .text.MX_DMA_Init
                0x000000000800275c       0x6c ./Core/Src/main.o
 .text.MX_GPIO_Init
                0x00000000080027c8      0x1b4 ./Core/Src/main.o
 .text.HAL_GPIO_EXTI_Callback
                0x000000000800297c       0xa0 ./Core/Src/main.o
                0x000000000800297c                HAL_GPIO_EXTI_Callback
 .text.HAL_TIM_PeriodElapsedCallback
                0x0000000008002a1c       0x24 ./Core/Src/main.o
                0x0000000008002a1c                HAL_TIM_PeriodElapsedCallback
 .text.Error_Handler
                0x0000000008002a40        0xa ./Core/Src/main.o
                0x0000000008002a40                Error_Handler
 *fill*         0x0000000008002a4a        0x2 
 .text.RC522_SPI_Transfer
                0x0000000008002a4c       0x2c ./Core/Src/rc522.o
                0x0000000008002a4c                RC522_SPI_Transfer
 .text.Write_MFRC522
                0x0000000008002a78       0x50 ./Core/Src/rc522.o
                0x0000000008002a78                Write_MFRC522
 .text.Read_MFRC522
                0x0000000008002ac8       0x54 ./Core/Src/rc522.o
                0x0000000008002ac8                Read_MFRC522
 .text.SetBitMask
                0x0000000008002b1c       0x36 ./Core/Src/rc522.o
                0x0000000008002b1c                SetBitMask
 .text.ClearBitMask
                0x0000000008002b52       0x40 ./Core/Src/rc522.o
                0x0000000008002b52                ClearBitMask
 .text.AntennaOn
                0x0000000008002b92       0x16 ./Core/Src/rc522.o
                0x0000000008002b92                AntennaOn
 .text.MFRC522_Reset
                0x0000000008002ba8       0x10 ./Core/Src/rc522.o
                0x0000000008002ba8                MFRC522_Reset
 .text.MFRC522_Init
                0x0000000008002bb8       0x60 ./Core/Src/rc522.o
                0x0000000008002bb8                MFRC522_Init
 .text.MFRC522_ToCard
                0x0000000008002c18      0x192 ./Core/Src/rc522.o
                0x0000000008002c18                MFRC522_ToCard
 .text.MFRC522_Request
                0x0000000008002daa       0x4a ./Core/Src/rc522.o
                0x0000000008002daa                MFRC522_Request
 .text.MFRC522_Anticoll
                0x0000000008002df4       0x7a ./Core/Src/rc522.o
                0x0000000008002df4                MFRC522_Anticoll
 *fill*         0x0000000008002e6e        0x2 
 .text.HAL_MspInit
                0x0000000008002e70       0x50 ./Core/Src/stm32f4xx_hal_msp.o
                0x0000000008002e70                HAL_MspInit
 .text.HAL_ADC_MspInit
                0x0000000008002ec0       0xf0 ./Core/Src/stm32f4xx_hal_msp.o
                0x0000000008002ec0                HAL_ADC_MspInit
 .text.HAL_I2C_MspInit
                0x0000000008002fb0       0x90 ./Core/Src/stm32f4xx_hal_msp.o
                0x0000000008002fb0                HAL_I2C_MspInit
 .text.HAL_I2S_MspInit
                0x0000000008003040      0x17c ./Core/Src/stm32f4xx_hal_msp.o
                0x0000000008003040                HAL_I2S_MspInit
 .text.HAL_SPI_MspInit
                0x00000000080031bc       0xfc ./Core/Src/stm32f4xx_hal_msp.o
                0x00000000080031bc                HAL_SPI_MspInit
 .text.HAL_TIM_PWM_MspInit
                0x00000000080032b8       0x40 ./Core/Src/stm32f4xx_hal_msp.o
                0x00000000080032b8                HAL_TIM_PWM_MspInit
 .text.HAL_TIM_MspPostInit
                0x00000000080032f8       0x70 ./Core/Src/stm32f4xx_hal_msp.o
                0x00000000080032f8                HAL_TIM_MspPostInit
 .text.HAL_UART_MspInit
                0x0000000008003368      0x1c8 ./Core/Src/stm32f4xx_hal_msp.o
                0x0000000008003368                HAL_UART_MspInit
 .text.HAL_InitTick
                0x0000000008003530       0xf8 ./Core/Src/stm32f4xx_hal_timebase_tim.o
                0x0000000008003530                HAL_InitTick
 .text.NMI_Handler
                0x0000000008003628        0x6 ./Core/Src/stm32f4xx_it.o
                0x0000000008003628                NMI_Handler
 .text.HardFault_Handler
                0x000000000800362e        0x6 ./Core/Src/stm32f4xx_it.o
                0x000000000800362e                HardFault_Handler
 .text.MemManage_Handler
                0x0000000008003634        0x6 ./Core/Src/stm32f4xx_it.o
                0x0000000008003634                MemManage_Handler
 .text.BusFault_Handler
                0x000000000800363a        0x6 ./Core/Src/stm32f4xx_it.o
                0x000000000800363a                BusFault_Handler
 .text.UsageFault_Handler
                0x0000000008003640        0x6 ./Core/Src/stm32f4xx_it.o
                0x0000000008003640                UsageFault_Handler
 .text.DebugMon_Handler
                0x0000000008003646        0xe ./Core/Src/stm32f4xx_it.o
                0x0000000008003646                DebugMon_Handler
 .text.EXTI0_IRQHandler
                0x0000000008003654        0xe ./Core/Src/stm32f4xx_it.o
                0x0000000008003654                EXTI0_IRQHandler
 *fill*         0x0000000008003662        0x2 
 .text.DMA1_Stream5_IRQHandler
                0x0000000008003664       0x14 ./Core/Src/stm32f4xx_it.o
                0x0000000008003664                DMA1_Stream5_IRQHandler
 .text.USART2_IRQHandler
                0x0000000008003678       0x14 ./Core/Src/stm32f4xx_it.o
                0x0000000008003678                USART2_IRQHandler
 .text.USART3_IRQHandler
                0x000000000800368c       0x14 ./Core/Src/stm32f4xx_it.o
                0x000000000800368c                USART3_IRQHandler
 .text.TIM7_IRQHandler
                0x00000000080036a0       0x14 ./Core/Src/stm32f4xx_it.o
                0x00000000080036a0                TIM7_IRQHandler
 .text.DMA2_Stream0_IRQHandler
                0x00000000080036b4       0x14 ./Core/Src/stm32f4xx_it.o
                0x00000000080036b4                DMA2_Stream0_IRQHandler
 .text._getpid  0x00000000080036c8       0x10 ./Core/Src/syscalls.o
                0x00000000080036c8                _getpid
 .text._kill    0x00000000080036d8       0x20 ./Core/Src/syscalls.o
                0x00000000080036d8                _kill
 .text._exit    0x00000000080036f8       0x14 ./Core/Src/syscalls.o
                0x00000000080036f8                _exit
 .text._read    0x000000000800370c       0x3a ./Core/Src/syscalls.o
                0x000000000800370c                _read
 .text._write   0x0000000008003746       0x38 ./Core/Src/syscalls.o
                0x0000000008003746                _write
 .text._close   0x000000000800377e       0x18 ./Core/Src/syscalls.o
                0x000000000800377e                _close
 .text._fstat   0x0000000008003796       0x20 ./Core/Src/syscalls.o
                0x0000000008003796                _fstat
 .text._isatty  0x00000000080037b6       0x16 ./Core/Src/syscalls.o
                0x00000000080037b6                _isatty
 .text._lseek   0x00000000080037cc       0x1a ./Core/Src/syscalls.o
                0x00000000080037cc                _lseek
 *fill*         0x00000000080037e6        0x2 
 .text._sbrk    0x00000000080037e8       0x6c ./Core/Src/sysmem.o
                0x00000000080037e8                _sbrk
 .text.SystemInit
                0x0000000008003854       0x24 ./Core/Src/system_stm32f4xx.o
                0x0000000008003854                SystemInit
 .text.Reset_Handler
                0x0000000008003878       0x50 ./Core/Startup/startup_stm32f407vgtx.o
                0x0000000008003878                Reset_Handler
 .text.Default_Handler
                0x00000000080038c8        0x2 ./Core/Startup/startup_stm32f407vgtx.o
                0x00000000080038c8                RTC_Alarm_IRQHandler
                0x00000000080038c8                HASH_RNG_IRQHandler
                0x00000000080038c8                EXTI2_IRQHandler
                0x00000000080038c8                TIM8_CC_IRQHandler
                0x00000000080038c8                TIM1_CC_IRQHandler
                0x00000000080038c8                DMA2_Stream5_IRQHandler
                0x00000000080038c8                PVD_IRQHandler
                0x00000000080038c8                SDIO_IRQHandler
                0x00000000080038c8                TAMP_STAMP_IRQHandler
                0x00000000080038c8                CAN2_RX1_IRQHandler
                0x00000000080038c8                EXTI3_IRQHandler
                0x00000000080038c8                TIM8_TRG_COM_TIM14_IRQHandler
                0x00000000080038c8                TIM1_UP_TIM10_IRQHandler
                0x00000000080038c8                TIM8_UP_TIM13_IRQHandler
                0x00000000080038c8                I2C3_ER_IRQHandler
                0x00000000080038c8                I2C2_EV_IRQHandler
                0x00000000080038c8                DMA1_Stream2_IRQHandler
                0x00000000080038c8                CAN1_RX0_IRQHandler
                0x00000000080038c8                FPU_IRQHandler
                0x00000000080038c8                OTG_HS_WKUP_IRQHandler
                0x00000000080038c8                CAN2_SCE_IRQHandler
                0x00000000080038c8                DMA2_Stream2_IRQHandler
                0x00000000080038c8                SPI1_IRQHandler
                0x00000000080038c8                TIM6_DAC_IRQHandler
                0x00000000080038c8                TIM1_BRK_TIM9_IRQHandler
                0x00000000080038c8                DCMI_IRQHandler
                0x00000000080038c8                CAN2_RX0_IRQHandler
                0x00000000080038c8                DMA2_Stream3_IRQHandler
                0x00000000080038c8                USART6_IRQHandler
                0x00000000080038c8                CAN1_RX1_IRQHandler
                0x00000000080038c8                UART5_IRQHandler
                0x00000000080038c8                TIM4_IRQHandler
                0x00000000080038c8                I2C1_EV_IRQHandler
                0x00000000080038c8                DMA1_Stream6_IRQHandler
                0x00000000080038c8                DMA1_Stream1_IRQHandler
                0x00000000080038c8                UART4_IRQHandler
                0x00000000080038c8                TIM3_IRQHandler
                0x00000000080038c8                RCC_IRQHandler
                0x00000000080038c8                TIM8_BRK_TIM12_IRQHandler
                0x00000000080038c8                Default_Handler
                0x00000000080038c8                EXTI15_10_IRQHandler
                0x00000000080038c8                ADC_IRQHandler
                0x00000000080038c8                DMA1_Stream7_IRQHandler
                0x00000000080038c8                CAN2_TX_IRQHandler
                0x00000000080038c8                TIM5_IRQHandler
                0x00000000080038c8                DMA2_Stream7_IRQHandler
                0x00000000080038c8                I2C3_EV_IRQHandler
                0x00000000080038c8                EXTI9_5_IRQHandler
                0x00000000080038c8                RTC_WKUP_IRQHandler
                0x00000000080038c8                ETH_WKUP_IRQHandler
                0x00000000080038c8                SPI2_IRQHandler
                0x00000000080038c8                OTG_HS_EP1_IN_IRQHandler
                0x00000000080038c8                DMA1_Stream0_IRQHandler
                0x00000000080038c8                CAN1_TX_IRQHandler
                0x00000000080038c8                EXTI4_IRQHandler
                0x00000000080038c8                FSMC_IRQHandler
                0x00000000080038c8                ETH_IRQHandler
                0x00000000080038c8                OTG_HS_EP1_OUT_IRQHandler
                0x00000000080038c8                WWDG_IRQHandler
                0x00000000080038c8                TIM2_IRQHandler
                0x00000000080038c8                OTG_FS_WKUP_IRQHandler
                0x00000000080038c8                TIM1_TRG_COM_TIM11_IRQHandler
                0x00000000080038c8                OTG_HS_IRQHandler
                0x00000000080038c8                EXTI1_IRQHandler
                0x00000000080038c8                I2C2_ER_IRQHandler
                0x00000000080038c8                DMA2_Stream1_IRQHandler
                0x00000000080038c8                CAN1_SCE_IRQHandler
                0x00000000080038c8                FLASH_IRQHandler
                0x00000000080038c8                DMA2_Stream4_IRQHandler
                0x00000000080038c8                USART1_IRQHandler
                0x00000000080038c8                OTG_FS_IRQHandler
                0x00000000080038c8                SPI3_IRQHandler
                0x00000000080038c8                DMA1_Stream4_IRQHandler
                0x00000000080038c8                I2C1_ER_IRQHandler
                0x00000000080038c8                DMA2_Stream6_IRQHandler
                0x00000000080038c8                DMA1_Stream3_IRQHandler
 *fill*         0x00000000080038ca        0x2 
 .text.HAL_Init
                0x00000000080038cc       0x44 ./Drivers/STM32F4xx_HAL_Driver/Src/stm32f4xx_hal.o
                0x00000000080038cc                HAL_Init
 .text.HAL_IncTick
                0x0000000008003910       0x28 ./Drivers/STM32F4xx_HAL_Driver/Src/stm32f4xx_hal.o
                0x0000000008003910                HAL_IncTick
 .text.HAL_GetTick
                0x0000000008003938       0x18 ./Drivers/STM32F4xx_HAL_Driver/Src/stm32f4xx_hal.o
                0x0000000008003938                HAL_GetTick
 .text.HAL_Delay
                0x0000000008003950       0x48 ./Drivers/STM32F4xx_HAL_Driver/Src/stm32f4xx_hal.o
                0x0000000008003950                HAL_Delay
 .text.HAL_ADC_Init
                0x0000000008003998       0x86 ./Drivers/STM32F4xx_HAL_Driver/Src/stm32f4xx_hal_adc.o
                0x0000000008003998                HAL_ADC_Init
 *fill*         0x0000000008003a1e        0x2 
 .text.HAL_ADC_ConfigChannel
                0x0000000008003a20      0x244 ./Drivers/STM32F4xx_HAL_Driver/Src/stm32f4xx_hal_adc.o
                0x0000000008003a20                HAL_ADC_ConfigChannel
 .text.ADC_Init
                0x0000000008003c64      0x1f8 ./Drivers/STM32F4xx_HAL_Driver/Src/stm32f4xx_hal_adc.o
 .text.__NVIC_SetPriorityGrouping
                0x0000000008003e5c       0x48 ./Drivers/STM32F4xx_HAL_Driver/Src/stm32f4xx_hal_cortex.o
 .text.__NVIC_GetPriorityGrouping
                0x0000000008003ea4       0x1c ./Drivers/STM32F4xx_HAL_Driver/Src/stm32f4xx_hal_cortex.o
 .text.__NVIC_EnableIRQ
                0x0000000008003ec0       0x3c ./Drivers/STM32F4xx_HAL_Driver/Src/stm32f4xx_hal_cortex.o
 .text.__NVIC_SetPriority
                0x0000000008003efc       0x54 ./Drivers/STM32F4xx_HAL_Driver/Src/stm32f4xx_hal_cortex.o
 .text.NVIC_EncodePriority
                0x0000000008003f50       0x66 ./Drivers/STM32F4xx_HAL_Driver/Src/stm32f4xx_hal_cortex.o
 .text.HAL_NVIC_SetPriorityGrouping
                0x0000000008003fb6       0x16 ./Drivers/STM32F4xx_HAL_Driver/Src/stm32f4xx_hal_cortex.o
                0x0000000008003fb6                HAL_NVIC_SetPriorityGrouping
 .text.HAL_NVIC_SetPriority
                0x0000000008003fcc       0x38 ./Drivers/STM32F4xx_HAL_Driver/Src/stm32f4xx_hal_cortex.o
                0x0000000008003fcc                HAL_NVIC_SetPriority
 .text.HAL_NVIC_EnableIRQ
                0x0000000008004004       0x1c ./Drivers/STM32F4xx_HAL_Driver/Src/stm32f4xx_hal_cortex.o
                0x0000000008004004                HAL_NVIC_EnableIRQ
 .text.HAL_DMA_Init
                0x0000000008004020      0x15c ./Drivers/STM32F4xx_HAL_Driver/Src/stm32f4xx_hal_dma.o
                0x0000000008004020                HAL_DMA_Init
 .text.HAL_DMA_Abort
                0x000000000800417c       0xe0 ./Drivers/STM32F4xx_HAL_Driver/Src/stm32f4xx_hal_dma.o
                0x000000000800417c                HAL_DMA_Abort
 .text.HAL_DMA_Abort_IT
                0x000000000800425c       0x44 ./Drivers/STM32F4xx_HAL_Driver/Src/stm32f4xx_hal_dma.o
                0x000000000800425c                HAL_DMA_Abort_IT
 .text.HAL_DMA_IRQHandler
                0x00000000080042a0      0x314 ./Drivers/STM32F4xx_HAL_Driver/Src/stm32f4xx_hal_dma.o
                0x00000000080042a0                HAL_DMA_IRQHandler
 .text.DMA_CalcBaseAndBitshift
                0x00000000080045b4       0x6c ./Drivers/STM32F4xx_HAL_Driver/Src/stm32f4xx_hal_dma.o
 .text.DMA_CheckFifoParam
                0x0000000008004620       0xf8 ./Drivers/STM32F4xx_HAL_Driver/Src/stm32f4xx_hal_dma.o
 .text.HAL_GPIO_Init
                0x0000000008004718      0x338 ./Drivers/STM32F4xx_HAL_Driver/Src/stm32f4xx_hal_gpio.o
                0x0000000008004718                HAL_GPIO_Init
 .text.HAL_GPIO_ReadPin
                0x0000000008004a50       0x30 ./Drivers/STM32F4xx_HAL_Driver/Src/stm32f4xx_hal_gpio.o
                0x0000000008004a50                HAL_GPIO_ReadPin
 .text.HAL_GPIO_WritePin
                0x0000000008004a80       0x32 ./Drivers/STM32F4xx_HAL_Driver/Src/stm32f4xx_hal_gpio.o
                0x0000000008004a80                HAL_GPIO_WritePin
 .text.HAL_GPIO_TogglePin
                0x0000000008004ab2       0x34 ./Drivers/STM32F4xx_HAL_Driver/Src/stm32f4xx_hal_gpio.o
                0x0000000008004ab2                HAL_GPIO_TogglePin
 *fill*         0x0000000008004ae6        0x2 
 .text.HAL_GPIO_EXTI_IRQHandler
                0x0000000008004ae8       0x30 ./Drivers/STM32F4xx_HAL_Driver/Src/stm32f4xx_hal_gpio.o
                0x0000000008004ae8                HAL_GPIO_EXTI_IRQHandler
 .text.HAL_I2C_Init
                0x0000000008004b18      0x288 ./Drivers/STM32F4xx_HAL_Driver/Src/stm32f4xx_hal_i2c.o
                0x0000000008004b18                HAL_I2C_Init
 .text.HAL_I2C_Master_Transmit
                0x0000000008004da0      0x1fc ./Drivers/STM32F4xx_HAL_Driver/Src/stm32f4xx_hal_i2c.o
                0x0000000008004da0                HAL_I2C_Master_Transmit
 .text.I2C_MasterRequestWrite
                0x0000000008004f9c      0x104 ./Drivers/STM32F4xx_HAL_Driver/Src/stm32f4xx_hal_i2c.o
 .text.I2C_WaitOnFlagUntilTimeout
                0x00000000080050a0       0xae ./Drivers/STM32F4xx_HAL_Driver/Src/stm32f4xx_hal_i2c.o
 .text.I2C_WaitOnMasterAddressFlagUntilTimeout
                0x000000000800514e       0xfe ./Drivers/STM32F4xx_HAL_Driver/Src/stm32f4xx_hal_i2c.o
 .text.I2C_WaitOnTXEFlagUntilTimeout
                0x000000000800524c       0x82 ./Drivers/STM32F4xx_HAL_Driver/Src/stm32f4xx_hal_i2c.o
 .text.I2C_WaitOnBTFFlagUntilTimeout
                0x00000000080052ce       0x82 ./Drivers/STM32F4xx_HAL_Driver/Src/stm32f4xx_hal_i2c.o
 .text.I2C_IsAcknowledgeFailed
                0x0000000008005350       0x5e ./Drivers/STM32F4xx_HAL_Driver/Src/stm32f4xx_hal_i2c.o
 *fill*         0x00000000080053ae        0x2 
 .text.HAL_I2S_Init
                0x00000000080053b0      0x280 ./Drivers/STM32F4xx_HAL_Driver/Src/stm32f4xx_hal_i2s.o
                0x00000000080053b0                HAL_I2S_Init
 .text.HAL_I2S_TxCpltCallback
                0x0000000008005630       0x14 ./Drivers/STM32F4xx_HAL_Driver/Src/stm32f4xx_hal_i2s.o
                0x0000000008005630                HAL_I2S_TxCpltCallback
 .text.HAL_I2S_RxCpltCallback
                0x0000000008005644       0x14 ./Drivers/STM32F4xx_HAL_Driver/Src/stm32f4xx_hal_i2s.o
                0x0000000008005644                HAL_I2S_RxCpltCallback
 .text.HAL_I2S_ErrorCallback
                0x0000000008005658       0x14 ./Drivers/STM32F4xx_HAL_Driver/Src/stm32f4xx_hal_i2s.o
                0x0000000008005658                HAL_I2S_ErrorCallback
 .text.I2S_Transmit_IT
                0x000000000800566c       0x5c ./Drivers/STM32F4xx_HAL_Driver/Src/stm32f4xx_hal_i2s.o
 .text.I2S_Receive_IT
                0x00000000080056c8       0x5e ./Drivers/STM32F4xx_HAL_Driver/Src/stm32f4xx_hal_i2s.o
 .text.I2S_IRQHandler
                0x0000000008005726      0x114 ./Drivers/STM32F4xx_HAL_Driver/Src/stm32f4xx_hal_i2s.o
 *fill*         0x000000000800583a        0x2 
 .text.HAL_I2SEx_FullDuplex_IRQHandler
                0x000000000800583c      0x2a8 ./Drivers/STM32F4xx_HAL_Driver/Src/stm32f4xx_hal_i2s_ex.o
                0x000000000800583c                HAL_I2SEx_FullDuplex_IRQHandler
 .text.HAL_I2SEx_TxRxCpltCallback
                0x0000000008005ae4       0x14 ./Drivers/STM32F4xx_HAL_Driver/Src/stm32f4xx_hal_i2s_ex.o
                0x0000000008005ae4                HAL_I2SEx_TxRxCpltCallback
 .text.I2SEx_TxISR_I2S
                0x0000000008005af8       0x62 ./Drivers/STM32F4xx_HAL_Driver/Src/stm32f4xx_hal_i2s_ex.o
 *fill*         0x0000000008005b5a        0x2 
 .text.I2SEx_TxISR_I2SExt
                0x0000000008005b5c       0x98 ./Drivers/STM32F4xx_HAL_Driver/Src/stm32f4xx_hal_i2s_ex.o
 .text.I2SEx_RxISR_I2S
                0x0000000008005bf4       0x64 ./Drivers/STM32F4xx_HAL_Driver/Src/stm32f4xx_hal_i2s_ex.o
 .text.I2SEx_RxISR_I2SExt
                0x0000000008005c58       0x98 ./Drivers/STM32F4xx_HAL_Driver/Src/stm32f4xx_hal_i2s_ex.o
 .text.HAL_RCC_OscConfig
                0x0000000008005cf0      0x4f0 ./Drivers/STM32F4xx_HAL_Driver/Src/stm32f4xx_hal_rcc.o
                0x0000000008005cf0                HAL_RCC_OscConfig
 .text.HAL_RCC_ClockConfig
                0x00000000080061e0      0x1cc ./Drivers/STM32F4xx_HAL_Driver/Src/stm32f4xx_hal_rcc.o
                0x00000000080061e0                HAL_RCC_ClockConfig
 .text.HAL_RCC_GetSysClockFreq
                0x00000000080063ac      0x20c ./Drivers/STM32F4xx_HAL_Driver/Src/stm32f4xx_hal_rcc.o
                0x00000000080063ac                HAL_RCC_GetSysClockFreq
 .text.HAL_RCC_GetHCLKFreq
                0x00000000080065b8       0x18 ./Drivers/STM32F4xx_HAL_Driver/Src/stm32f4xx_hal_rcc.o
                0x00000000080065b8                HAL_RCC_GetHCLKFreq
 .text.HAL_RCC_GetPCLK1Freq
                0x00000000080065d0       0x28 ./Drivers/STM32F4xx_HAL_Driver/Src/stm32f4xx_hal_rcc.o
                0x00000000080065d0                HAL_RCC_GetPCLK1Freq
 .text.HAL_RCC_GetPCLK2Freq
                0x00000000080065f8       0x28 ./Drivers/STM32F4xx_HAL_Driver/Src/stm32f4xx_hal_rcc.o
                0x00000000080065f8                HAL_RCC_GetPCLK2Freq
 .text.HAL_RCC_GetClockConfig
                0x0000000008006620       0x64 ./Drivers/STM32F4xx_HAL_Driver/Src/stm32f4xx_hal_rcc.o
                0x0000000008006620                HAL_RCC_GetClockConfig
 .text.HAL_RCCEx_PeriphCLKConfig
                0x0000000008006684      0x1c4 ./Drivers/STM32F4xx_HAL_Driver/Src/stm32f4xx_hal_rcc_ex.o
                0x0000000008006684                HAL_RCCEx_PeriphCLKConfig
 .text.HAL_RCCEx_GetPeriphCLKFreq
                0x0000000008006848       0xbc ./Drivers/STM32F4xx_HAL_Driver/Src/stm32f4xx_hal_rcc_ex.o
                0x0000000008006848                HAL_RCCEx_GetPeriphCLKFreq
 .text.HAL_SPI_Init
                0x0000000008006904      0x112 ./Drivers/STM32F4xx_HAL_Driver/Src/stm32f4xx_hal_spi.o
                0x0000000008006904                HAL_SPI_Init
 .text.HAL_SPI_Transmit
                0x0000000008006a16      0x278 ./Drivers/STM32F4xx_HAL_Driver/Src/stm32f4xx_hal_spi.o
                0x0000000008006a16                HAL_SPI_Transmit
 .text.HAL_SPI_Receive
                0x0000000008006c8e      0x222 ./Drivers/STM32F4xx_HAL_Driver/Src/stm32f4xx_hal_spi.o
                0x0000000008006c8e                HAL_SPI_Receive
 .text.HAL_SPI_TransmitReceive
                0x0000000008006eb0      0x344 ./Drivers/STM32F4xx_HAL_Driver/Src/stm32f4xx_hal_spi.o
                0x0000000008006eb0                HAL_SPI_TransmitReceive
 .text.SPI_WaitFlagStateUntilTimeout
                0x00000000080071f4      0x110 ./Drivers/STM32F4xx_HAL_Driver/Src/stm32f4xx_hal_spi.o
 .text.SPI_EndRxTransaction
                0x0000000008007304       0xca ./Drivers/STM32F4xx_HAL_Driver/Src/stm32f4xx_hal_spi.o
 *fill*         0x00000000080073ce        0x2 
 .text.SPI_EndRxTxTransaction
                0x00000000080073d0       0x84 ./Drivers/STM32F4xx_HAL_Driver/Src/stm32f4xx_hal_spi.o
 .text.HAL_TIM_Base_Init
                0x0000000008007454       0x9e ./Drivers/STM32F4xx_HAL_Driver/Src/stm32f4xx_hal_tim.o
                0x0000000008007454                HAL_TIM_Base_Init
 .text.HAL_TIM_Base_MspInit
                0x00000000080074f2       0x14 ./Drivers/STM32F4xx_HAL_Driver/Src/stm32f4xx_hal_tim.o
                0x00000000080074f2                HAL_TIM_Base_MspInit
 *fill*         0x0000000008007506        0x2 
 .text.HAL_TIM_Base_Start_IT
                0x0000000008007508       0xe0 ./Drivers/STM32F4xx_HAL_Driver/Src/stm32f4xx_hal_tim.o
                0x0000000008007508                HAL_TIM_Base_Start_IT
 .text.HAL_TIM_PWM_Init
                0x00000000080075e8       0x9e ./Drivers/STM32F4xx_HAL_Driver/Src/stm32f4xx_hal_tim.o
                0x00000000080075e8                HAL_TIM_PWM_Init
 .text.HAL_TIM_IRQHandler
                0x0000000008007686      0x210 ./Drivers/STM32F4xx_HAL_Driver/Src/stm32f4xx_hal_tim.o
                0x0000000008007686                HAL_TIM_IRQHandler
 *fill*         0x0000000008007896        0x2 
 .text.HAL_TIM_PWM_ConfigChannel
                0x0000000008007898      0x184 ./Drivers/STM32F4xx_HAL_Driver/Src/stm32f4xx_hal_tim.o
                0x0000000008007898                HAL_TIM_PWM_ConfigChannel
 .text.HAL_TIM_OC_DelayElapsedCallback
                0x0000000008007a1c       0x14 ./Drivers/STM32F4xx_HAL_Driver/Src/stm32f4xx_hal_tim.o
                0x0000000008007a1c                HAL_TIM_OC_DelayElapsedCallback
 .text.HAL_TIM_IC_CaptureCallback
                0x0000000008007a30       0x14 ./Drivers/STM32F4xx_HAL_Driver/Src/stm32f4xx_hal_tim.o
                0x0000000008007a30                HAL_TIM_IC_CaptureCallback
 .text.HAL_TIM_PWM_PulseFinishedCallback
                0x0000000008007a44       0x14 ./Drivers/STM32F4xx_HAL_Driver/Src/stm32f4xx_hal_tim.o
                0x0000000008007a44                HAL_TIM_PWM_PulseFinishedCallback
 .text.HAL_TIM_TriggerCallback
                0x0000000008007a58       0x14 ./Drivers/STM32F4xx_HAL_Driver/Src/stm32f4xx_hal_tim.o
                0x0000000008007a58                HAL_TIM_TriggerCallback
 .text.TIM_Base_SetConfig
                0x0000000008007a6c      0x140 ./Drivers/STM32F4xx_HAL_Driver/Src/stm32f4xx_hal_tim.o
                0x0000000008007a6c                TIM_Base_SetConfig
 .text.TIM_OC1_SetConfig
                0x0000000008007bac       0xe0 ./Drivers/STM32F4xx_HAL_Driver/Src/stm32f4xx_hal_tim.o
 .text.TIM_OC2_SetConfig
                0x0000000008007c8c       0xec ./Drivers/STM32F4xx_HAL_Driver/Src/stm32f4xx_hal_tim.o
                0x0000000008007c8c                TIM_OC2_SetConfig
 .text.TIM_OC3_SetConfig
                0x0000000008007d78       0xe8 ./Drivers/STM32F4xx_HAL_Driver/Src/stm32f4xx_hal_tim.o
 .text.TIM_OC4_SetConfig
                0x0000000008007e60       0xac ./Drivers/STM32F4xx_HAL_Driver/Src/stm32f4xx_hal_tim.o
 .text.HAL_TIMEx_MasterConfigSynchronization
                0x0000000008007f0c       0xf8 ./Drivers/STM32F4xx_HAL_Driver/Src/stm32f4xx_hal_tim_ex.o
                0x0000000008007f0c                HAL_TIMEx_MasterConfigSynchronization
 .text.HAL_TIMEx_CommutCallback
                0x0000000008008004       0x14 ./Drivers/STM32F4xx_HAL_Driver/Src/stm32f4xx_hal_tim_ex.o
                0x0000000008008004                HAL_TIMEx_CommutCallback
 .text.HAL_TIMEx_BreakCallback
                0x0000000008008018       0x14 ./Drivers/STM32F4xx_HAL_Driver/Src/stm32f4xx_hal_tim_ex.o
                0x0000000008008018                HAL_TIMEx_BreakCallback
 .text.HAL_UART_Init
                0x000000000800802c       0x9a ./Drivers/STM32F4xx_HAL_Driver/Src/stm32f4xx_hal_uart.o
                0x000000000800802c                HAL_UART_Init
 .text.HAL_UART_Transmit
                0x00000000080080c6      0x124 ./Drivers/STM32F4xx_HAL_Driver/Src/stm32f4xx_hal_uart.o
                0x00000000080080c6                HAL_UART_Transmit
 .text.HAL_UART_Receive
                0x00000000080081ea      0x144 ./Drivers/STM32F4xx_HAL_Driver/Src/stm32f4xx_hal_uart.o
                0x00000000080081ea                HAL_UART_Receive
 *fill*         0x000000000800832e        0x2 
 .text.HAL_UART_IRQHandler
                0x0000000008008330      0x51c ./Drivers/STM32F4xx_HAL_Driver/Src/stm32f4xx_hal_uart.o
                0x0000000008008330                HAL_UART_IRQHandler
 .text.HAL_UART_TxCpltCallback
                0x000000000800884c       0x14 ./Drivers/STM32F4xx_HAL_Driver/Src/stm32f4xx_hal_uart.o
                0x000000000800884c                HAL_UART_TxCpltCallback
 .text.HAL_UART_RxCpltCallback
                0x0000000008008860       0x14 ./Drivers/STM32F4xx_HAL_Driver/Src/stm32f4xx_hal_uart.o
                0x0000000008008860                HAL_UART_RxCpltCallback
 .text.HAL_UART_ErrorCallback
                0x0000000008008874       0x14 ./Drivers/STM32F4xx_HAL_Driver/Src/stm32f4xx_hal_uart.o
                0x0000000008008874                HAL_UART_ErrorCallback
 .text.HAL_UARTEx_RxEventCallback
                0x0000000008008888       0x18 ./Drivers/STM32F4xx_HAL_Driver/Src/stm32f4xx_hal_uart.o
                0x0000000008008888                HAL_UARTEx_RxEventCallback
 .text.UART_WaitOnFlagUntilTimeout
                0x00000000080088a0       0x1e ./Drivers/STM32F4xx_HAL_Driver/Src/stm32f4xx_hal_uart.o
 .text.UART_EndRxTransfer
                0x00000000080088be       0xc6 ./Drivers/STM32F4xx_HAL_Driver/Src/stm32f4xx_hal_uart.o
 .text.UART_DMAAbortOnError
                0x0000000008008984       0x28 ./Drivers/STM32F4xx_HAL_Driver/Src/stm32f4xx_hal_uart.o
 .text.UART_Transmit_IT
                0x00000000080089ac       0xa0 ./Drivers/STM32F4xx_HAL_Driver/Src/stm32f4xx_hal_uart.o
 .text.UART_EndTransmit_IT
                0x0000000008008a4c       0x30 ./Drivers/STM32F4xx_HAL_Driver/Src/stm32f4xx_hal_uart.o
 .text.UART_Receive_IT
                0x0000000008008a7c      0x176 ./Drivers/STM32F4xx_HAL_Driver/Src/stm32f4xx_hal_uart.o
 *fill*         0x0000000008008bf2        0x2 
 .text.UART_SetConfig
                0x0000000008008bf4      0x4e8 ./Drivers/STM32F4xx_HAL_Driver/Src/stm32f4xx_hal_uart.o
 .text.vListInitialise
                0x00000000080090dc       0x40 ./FreeRTOS/list.o
                0x00000000080090dc                vListInitialise
 .text.vListInitialiseItem
                0x000000000800911c       0x1a ./FreeRTOS/list.o
                0x000000000800911c                vListInitialiseItem
 .text.vListInsertEnd
                0x0000000008009136       0x48 ./FreeRTOS/list.o
                0x0000000008009136                vListInsertEnd
 .text.vListInsert
                0x000000000800917e       0x72 ./FreeRTOS/list.o
                0x000000000800917e                vListInsert
 .text.uxListRemove
                0x00000000080091f0       0x54 ./FreeRTOS/list.o
                0x00000000080091f0                uxListRemove
 .text.xQueueGenericReset
                0x0000000008009244       0xd0 ./FreeRTOS/queue.o
                0x0000000008009244                xQueueGenericReset
 .text.xQueueGenericCreate
                0x0000000008009314       0x78 ./FreeRTOS/queue.o
                0x0000000008009314                xQueueGenericCreate
 .text.prvInitialiseNewQueue
                0x000000000800938c       0x46 ./FreeRTOS/queue.o
 *fill*         0x00000000080093d2        0x2 
 .text.xQueueGenericSend
                0x00000000080093d4      0x1fc ./FreeRTOS/queue.o
                0x00000000080093d4                xQueueGenericSend
 .text.xQueueGenericSendFromISR
                0x00000000080095d0      0x130 ./FreeRTOS/queue.o
                0x00000000080095d0                xQueueGenericSendFromISR
 .text.xQueueGiveFromISR
                0x0000000008009700      0x11a ./FreeRTOS/queue.o
                0x0000000008009700                xQueueGiveFromISR
 *fill*         0x000000000800981a        0x2 
 .text.xQueueReceive
                0x000000000800981c      0x1c0 ./FreeRTOS/queue.o
                0x000000000800981c                xQueueReceive
 .text.prvCopyDataToQueue
                0x00000000080099dc       0xd4 ./FreeRTOS/queue.o
 .text.prvCopyDataFromQueue
                0x0000000008009ab0       0x4c ./FreeRTOS/queue.o
 .text.prvUnlockQueue
                0x0000000008009afc       0xa4 ./FreeRTOS/queue.o
 .text.prvIsQueueEmpty
                0x0000000008009ba0       0x2c ./FreeRTOS/queue.o
 .text.prvIsQueueFull
                0x0000000008009bcc       0x30 ./FreeRTOS/queue.o
 .text.vQueueAddToRegistry
                0x0000000008009bfc       0x54 ./FreeRTOS/queue.o
                0x0000000008009bfc                vQueueAddToRegistry
 .text.vQueueWaitForMessageRestricted
                0x0000000008009c50       0x68 ./FreeRTOS/queue.o
                0x0000000008009c50                vQueueWaitForMessageRestricted
 .text.xTaskCreate
                0x0000000008009cb8       0x82 ./FreeRTOS/tasks.o
                0x0000000008009cb8                xTaskCreate
 .text.prvInitialiseNewTask
                0x0000000008009d3a      0x11e ./FreeRTOS/tasks.o
 .text.prvAddNewTaskToReadyList
                0x0000000008009e58       0xdc ./FreeRTOS/tasks.o
 .text.vTaskDelay
                0x0000000008009f34       0x68 ./FreeRTOS/tasks.o
                0x0000000008009f34                vTaskDelay
 .text.vTaskSuspend
                0x0000000008009f9c      0x124 ./FreeRTOS/tasks.o
                0x0000000008009f9c                vTaskSuspend
 .text.prvTaskIsTaskSuspended
                0x000000000800a0c0       0x64 ./FreeRTOS/tasks.o
 .text.vTaskResume
                0x000000000800a124       0xbc ./FreeRTOS/tasks.o
                0x000000000800a124                vTaskResume
 .text.vTaskStartScheduler
                0x000000000800a1e0       0x9c ./FreeRTOS/tasks.o
                0x000000000800a1e0                vTaskStartScheduler
 .text.vTaskSuspendAll
                0x000000000800a27c       0x1c ./FreeRTOS/tasks.o
                0x000000000800a27c                vTaskSuspendAll
 .text.xTaskResumeAll
                0x000000000800a298      0x138 ./FreeRTOS/tasks.o
                0x000000000800a298                xTaskResumeAll
 .text.xTaskGetTickCount
                0x000000000800a3d0       0x20 ./FreeRTOS/tasks.o
                0x000000000800a3d0                xTaskGetTickCount
 .text.xTaskIncrementTick
                0x000000000800a3f0      0x170 ./FreeRTOS/tasks.o
                0x000000000800a3f0                xTaskIncrementTick
 .text.vTaskSwitchContext
                0x000000000800a560       0xb8 ./FreeRTOS/tasks.o
                0x000000000800a560                vTaskSwitchContext
 .text.vTaskPlaceOnEventList
                0x000000000800a618       0x48 ./FreeRTOS/tasks.o
                0x000000000800a618                vTaskPlaceOnEventList
 .text.vTaskPlaceOnEventListRestricted
                0x000000000800a660       0x58 ./FreeRTOS/tasks.o
                0x000000000800a660                vTaskPlaceOnEventListRestricted
 .text.xTaskRemoveFromEventList
                0x000000000800a6b8       0xc4 ./FreeRTOS/tasks.o
                0x000000000800a6b8                xTaskRemoveFromEventList
 .text.vTaskInternalSetTimeOutState
                0x000000000800a77c       0x2c ./FreeRTOS/tasks.o
                0x000000000800a77c                vTaskInternalSetTimeOutState
 .text.xTaskCheckForTimeOut
                0x000000000800a7a8       0xc4 ./FreeRTOS/tasks.o
                0x000000000800a7a8                xTaskCheckForTimeOut
 .text.vTaskMissedYield
                0x000000000800a86c       0x18 ./FreeRTOS/tasks.o
                0x000000000800a86c                vTaskMissedYield
 .text.prvIdleTask
                0x000000000800a884       0x30 ./FreeRTOS/tasks.o
 .text.prvInitialiseTaskLists
                0x000000000800a8b4       0x80 ./FreeRTOS/tasks.o
 .text.prvCheckTasksWaitingTermination
                0x000000000800a934       0x5c ./FreeRTOS/tasks.o
 .text.prvDeleteTCB
                0x000000000800a990       0x20 ./FreeRTOS/tasks.o
 .text.prvResetNextTaskUnblockTime
                0x000000000800a9b0       0x40 ./FreeRTOS/tasks.o
 .text.xTaskGetSchedulerState
                0x000000000800a9f0       0x3c ./FreeRTOS/tasks.o
                0x000000000800a9f0                xTaskGetSchedulerState
 .text.xTaskPriorityDisinherit
                0x000000000800aa2c      0x10c ./FreeRTOS/tasks.o
                0x000000000800aa2c                xTaskPriorityDisinherit
 .text.prvAddCurrentTaskToDelayedList
                0x000000000800ab38       0xcc ./FreeRTOS/tasks.o
 .text.xTimerCreateTimerTask
                0x000000000800ac04       0x64 ./FreeRTOS/timers.o
                0x000000000800ac04                xTimerCreateTimerTask
 .text.xTimerGenericCommand
                0x000000000800ac68       0x9c ./FreeRTOS/timers.o
                0x000000000800ac68                xTimerGenericCommand
 .text.prvProcessExpiredTimer
                0x000000000800ad04       0x98 ./FreeRTOS/timers.o
 .text.prvTimerTask
                0x000000000800ad9c       0x24 ./FreeRTOS/timers.o
 .text.prvProcessTimerOrBlockTask
                0x000000000800adc0       0x9c ./FreeRTOS/timers.o
 .text.prvGetNextExpireTime
                0x000000000800ae5c       0x48 ./FreeRTOS/timers.o
 .text.prvSampleTimeNow
                0x000000000800aea4       0x40 ./FreeRTOS/timers.o
 .text.prvInsertTimerInActiveList
                0x000000000800aee4       0x84 ./FreeRTOS/timers.o
 .text.prvProcessReceivedCommands
                0x000000000800af68      0x18c ./FreeRTOS/timers.o
 .text.prvSwitchTimerLists
                0x000000000800b0f4       0xc8 ./FreeRTOS/timers.o
 .text.prvCheckForValidListAndQueue
                0x000000000800b1bc       0x6c ./FreeRTOS/timers.o
 .text.pxPortInitialiseStack
                0x000000000800b228       0x68 ./FreeRTOS/portable/ARM_CM4F/port.o
                0x000000000800b228                pxPortInitialiseStack
 .text.prvTaskExitError
                0x000000000800b290       0x58 ./FreeRTOS/portable/ARM_CM4F/port.o
 *fill*         0x000000000800b2e8        0x8 
 .text.SVC_Handler
                0x000000000800b2f0       0x28 ./FreeRTOS/portable/ARM_CM4F/port.o
                0x000000000800b2f0                SVC_Handler
 .text.prvPortStartFirstTask
                0x000000000800b318       0x28 ./FreeRTOS/portable/ARM_CM4F/port.o
 .text.xPortStartScheduler
                0x000000000800b340      0x144 ./FreeRTOS/portable/ARM_CM4F/port.o
                0x000000000800b340                xPortStartScheduler
 .text.vPortEnterCritical
                0x000000000800b484       0x60 ./FreeRTOS/portable/ARM_CM4F/port.o
                0x000000000800b484                vPortEnterCritical
 .text.vPortExitCritical
                0x000000000800b4e4       0x54 ./FreeRTOS/portable/ARM_CM4F/port.o
                0x000000000800b4e4                vPortExitCritical
 *fill*         0x000000000800b538        0x8 
 .text.PendSV_Handler
                0x000000000800b540       0x68 ./FreeRTOS/portable/ARM_CM4F/port.o
                0x000000000800b540                PendSV_Handler
 .text.SysTick_Handler
                0x000000000800b5a8       0x44 ./FreeRTOS/portable/ARM_CM4F/port.o
                0x000000000800b5a8                SysTick_Handler
 .text.vPortSetupTimerInterrupt
                0x000000000800b5ec       0x48 ./FreeRTOS/portable/ARM_CM4F/port.o
                0x000000000800b5ec                vPortSetupTimerInterrupt
 .text.vPortEnableVFP
                0x000000000800b634       0x14 ./FreeRTOS/portable/ARM_CM4F/port.o
 .text.vPortValidateInterruptPriority
                0x000000000800b648       0x80 ./FreeRTOS/portable/ARM_CM4F/port.o
                0x000000000800b648                vPortValidateInterruptPriority
 .text.pvPortMalloc
                0x000000000800b6c8      0x188 ./FreeRTOS/portable/MemMang/heap_4.o
                0x000000000800b6c8                pvPortMalloc
 .text.vPortFree
                0x000000000800b850       0xb4 ./FreeRTOS/portable/MemMang/heap_4.o
                0x000000000800b850                vPortFree
 .text.prvHeapInit
                0x000000000800b904       0xc4 ./FreeRTOS/portable/MemMang/heap_4.o
 .text.prvInsertBlockIntoFreeList
                0x000000000800b9c8       0xb4 ./FreeRTOS/portable/MemMang/heap_4.o
 .text.__errno  0x000000000800ba7c        0xc c:/st/stm32cubeide_1.11.0/stm32cubeide/plugins/com.st.stm32cube.ide.mcu.externaltools.gnu-tools-for-stm32.10.3-2021.10.win32_1.0.100.202210260954/tools/bin/../lib/gcc/arm-none-eabi/10.3.1/../../../../arm-none-eabi/lib/thumb/v7e-m+fp/hard\libc_nano.a(lib_a-errno.o)
                0x000000000800ba7c                __errno
 .text.__libc_init_array
                0x000000000800ba88       0x48 c:/st/stm32cubeide_1.11.0/stm32cubeide/plugins/com.st.stm32cube.ide.mcu.externaltools.gnu-tools-for-stm32.10.3-2021.10.win32_1.0.100.202210260954/tools/bin/../lib/gcc/arm-none-eabi/10.3.1/../../../../arm-none-eabi/lib/thumb/v7e-m+fp/hard\libc_nano.a(lib_a-init.o)
                0x000000000800ba88                __libc_init_array
 .text.malloc   0x000000000800bad0       0x10 c:/st/stm32cubeide_1.11.0/stm32cubeide/plugins/com.st.stm32cube.ide.mcu.externaltools.gnu-tools-for-stm32.10.3-2021.10.win32_1.0.100.202210260954/tools/bin/../lib/gcc/arm-none-eabi/10.3.1/../../../../arm-none-eabi/lib/thumb/v7e-m+fp/hard\libc_nano.a(lib_a-malloc.o)
                0x000000000800bad0                malloc
 .text.free     0x000000000800bae0       0x10 c:/st/stm32cubeide_1.11.0/stm32cubeide/plugins/com.st.stm32cube.ide.mcu.externaltools.gnu-tools-for-stm32.10.3-2021.10.win32_1.0.100.202210260954/tools/bin/../lib/gcc/arm-none-eabi/10.3.1/../../../../arm-none-eabi/lib/thumb/v7e-m+fp/hard\libc_nano.a(lib_a-malloc.o)
                0x000000000800bae0                free
 .text.memcpy   0x000000000800baf0       0x1c c:/st/stm32cubeide_1.11.0/stm32cubeide/plugins/com.st.stm32cube.ide.mcu.externaltools.gnu-tools-for-stm32.10.3-2021.10.win32_1.0.100.202210260954/tools/bin/../lib/gcc/arm-none-eabi/10.3.1/../../../../arm-none-eabi/lib/thumb/v7e-m+fp/hard\libc_nano.a(lib_a-memcpy-stub.o)
                0x000000000800baf0                memcpy
 .text.memset   0x000000000800bb0c       0x10 c:/st/stm32cubeide_1.11.0/stm32cubeide/plugins/com.st.stm32cube.ide.mcu.externaltools.gnu-tools-for-stm32.10.3-2021.10.win32_1.0.100.202210260954/tools/bin/../lib/gcc/arm-none-eabi/10.3.1/../../../../arm-none-eabi/lib/thumb/v7e-m+fp/hard\libc_nano.a(lib_a-memset.o)
                0x000000000800bb0c                memset
 .text._free_r  0x000000000800bb1c       0x98 c:/st/stm32cubeide_1.11.0/stm32cubeide/plugins/com.st.stm32cube.ide.mcu.externaltools.gnu-tools-for-stm32.10.3-2021.10.win32_1.0.100.202210260954/tools/bin/../lib/gcc/arm-none-eabi/10.3.1/../../../../arm-none-eabi/lib/thumb/v7e-m+fp/hard\libc_nano.a(lib_a-nano-freer.o)
                0x000000000800bb1c                _free_r
 .text.sbrk_aligned
                0x000000000800bbb4       0x40 c:/st/stm32cubeide_1.11.0/stm32cubeide/plugins/com.st.stm32cube.ide.mcu.externaltools.gnu-tools-for-stm32.10.3-2021.10.win32_1.0.100.202210260954/tools/bin/../lib/gcc/arm-none-eabi/10.3.1/../../../../arm-none-eabi/lib/thumb/v7e-m+fp/hard\libc_nano.a(lib_a-nano-mallocr.o)
 .text._malloc_r
                0x000000000800bbf4       0xe8 c:/st/stm32cubeide_1.11.0/stm32cubeide/plugins/com.st.stm32cube.ide.mcu.externaltools.gnu-tools-for-stm32.10.3-2021.10.win32_1.0.100.202210260954/tools/bin/../lib/gcc/arm-none-eabi/10.3.1/../../../../arm-none-eabi/lib/thumb/v7e-m+fp/hard\libc_nano.a(lib_a-nano-mallocr.o)
                0x000000000800bbf4                _malloc_r
 .text.__cvt    0x000000000800bcdc       0xc4 c:/st/stm32cubeide_1.11.0/stm32cubeide/plugins/com.st.stm32cube.ide.mcu.externaltools.gnu-tools-for-stm32.10.3-2021.10.win32_1.0.100.202210260954/tools/bin/../lib/gcc/arm-none-eabi/10.3.1/../../../../arm-none-eabi/lib/thumb/v7e-m+fp/hard\libc_nano.a(lib_a-nano-vfprintf_float.o)
                0x000000000800bcdc                __cvt
 .text.__exponent
                0x000000000800bda0       0x7c c:/st/stm32cubeide_1.11.0/stm32cubeide/plugins/com.st.stm32cube.ide.mcu.externaltools.gnu-tools-for-stm32.10.3-2021.10.win32_1.0.100.202210260954/tools/bin/../lib/gcc/arm-none-eabi/10.3.1/../../../../arm-none-eabi/lib/thumb/v7e-m+fp/hard\libc_nano.a(lib_a-nano-vfprintf_float.o)
                0x000000000800bda0                __exponent
 .text._printf_float
                0x000000000800be1c      0x46c c:/st/stm32cubeide_1.11.0/stm32cubeide/plugins/com.st.stm32cube.ide.mcu.externaltools.gnu-tools-for-stm32.10.3-2021.10.win32_1.0.100.202210260954/tools/bin/../lib/gcc/arm-none-eabi/10.3.1/../../../../arm-none-eabi/lib/thumb/v7e-m+fp/hard\libc_nano.a(lib_a-nano-vfprintf_float.o)
                0x000000000800be1c                _printf_float
 .text._printf_common
                0x000000000800c288       0xda c:/st/stm32cubeide_1.11.0/stm32cubeide/plugins/com.st.stm32cube.ide.mcu.externaltools.gnu-tools-for-stm32.10.3-2021.10.win32_1.0.100.202210260954/tools/bin/../lib/gcc/arm-none-eabi/10.3.1/../../../../arm-none-eabi/lib/thumb/v7e-m+fp/hard\libc_nano.a(lib_a-nano-vfprintf_i.o)
                0x000000000800c288                _printf_common
 *fill*         0x000000000800c362        0x2 
 .text._printf_i
                0x000000000800c364      0x24c c:/st/stm32cubeide_1.11.0/stm32cubeide/plugins/com.st.stm32cube.ide.mcu.externaltools.gnu-tools-for-stm32.10.3-2021.10.win32_1.0.100.202210260954/tools/bin/../lib/gcc/arm-none-eabi/10.3.1/../../../../arm-none-eabi/lib/thumb/v7e-m+fp/hard\libc_nano.a(lib_a-nano-vfprintf_i.o)
                0x000000000800c364                _printf_i
 .text._scanf_float
                0x000000000800c5b0      0x420 c:/st/stm32cubeide_1.11.0/stm32cubeide/plugins/com.st.stm32cube.ide.mcu.externaltools.gnu-tools-for-stm32.10.3-2021.10.win32_1.0.100.202210260954/tools/bin/../lib/gcc/arm-none-eabi/10.3.1/../../../../arm-none-eabi/lib/thumb/v7e-m+fp/hard\libc_nano.a(lib_a-nano-vfscanf_float.o)
                0x000000000800c5b0                _scanf_float
 .text.printf   0x000000000800c9d0       0x30 c:/st/stm32cubeide_1.11.0/stm32cubeide/plugins/com.st.stm32cube.ide.mcu.externaltools.gnu-tools-for-stm32.10.3-2021.10.win32_1.0.100.202210260954/tools/bin/../lib/gcc/arm-none-eabi/10.3.1/../../../../arm-none-eabi/lib/thumb/v7e-m+fp/hard\libc_nano.a(lib_a-printf.o)
                0x000000000800c9d0                iprintf
                0x000000000800c9d0                printf
 .text._puts_r  0x000000000800ca00       0xdc c:/st/stm32cubeide_1.11.0/stm32cubeide/plugins/com.st.stm32cube.ide.mcu.externaltools.gnu-tools-for-stm32.10.3-2021.10.win32_1.0.100.202210260954/tools/bin/../lib/gcc/arm-none-eabi/10.3.1/../../../../arm-none-eabi/lib/thumb/v7e-m+fp/hard\libc_nano.a(lib_a-puts.o)
                0x000000000800ca00                _puts_r
 .text.puts     0x000000000800cadc       0x10 c:/st/stm32cubeide_1.11.0/stm32cubeide/plugins/com.st.stm32cube.ide.mcu.externaltools.gnu-tools-for-stm32.10.3-2021.10.win32_1.0.100.202210260954/tools/bin/../lib/gcc/arm-none-eabi/10.3.1/../../../../arm-none-eabi/lib/thumb/v7e-m+fp/hard\libc_nano.a(lib_a-puts.o)
                0x000000000800cadc                puts
 .text._sbrk_r  0x000000000800caec       0x20 c:/st/stm32cubeide_1.11.0/stm32cubeide/plugins/com.st.stm32cube.ide.mcu.externaltools.gnu-tools-for-stm32.10.3-2021.10.win32_1.0.100.202210260954/tools/bin/../lib/gcc/arm-none-eabi/10.3.1/../../../../arm-none-eabi/lib/thumb/v7e-m+fp/hard\libc_nano.a(lib_a-sbrkr.o)
                0x000000000800caec                _sbrk_r
 .text.nanf     0x000000000800cb0c        0xc c:/st/stm32cubeide_1.11.0/stm32cubeide/plugins/com.st.stm32cube.ide.mcu.externaltools.gnu-tools-for-stm32.10.3-2021.10.win32_1.0.100.202210260954/tools/bin/../lib/gcc/arm-none-eabi/10.3.1/../../../../arm-none-eabi/lib/thumb/v7e-m+fp/hard\libc_nano.a(lib_a-sf_nan.o)
                0x000000000800cb0c                nanf
 .text.snprintf
                0x000000000800cb18       0x68 c:/st/stm32cubeide_1.11.0/stm32cubeide/plugins/com.st.stm32cube.ide.mcu.externaltools.gnu-tools-for-stm32.10.3-2021.10.win32_1.0.100.202210260954/tools/bin/../lib/gcc/arm-none-eabi/10.3.1/../../../../arm-none-eabi/lib/thumb/v7e-m+fp/hard\libc_nano.a(lib_a-snprintf.o)
                0x000000000800cb18                sniprintf
                0x000000000800cb18                snprintf
 .text.sprintf  0x000000000800cb80       0x40 c:/st/stm32cubeide_1.11.0/stm32cubeide/plugins/com.st.stm32cube.ide.mcu.externaltools.gnu-tools-for-stm32.10.3-2021.10.win32_1.0.100.202210260954/tools/bin/../lib/gcc/arm-none-eabi/10.3.1/../../../../arm-none-eabi/lib/thumb/v7e-m+fp/hard\libc_nano.a(lib_a-sprintf.o)
                0x000000000800cb80                siprintf
                0x000000000800cb80                sprintf
 .text.strcat   0x000000000800cbc0       0x1e c:/st/stm32cubeide_1.11.0/stm32cubeide/plugins/com.st.stm32cube.ide.mcu.externaltools.gnu-tools-for-stm32.10.3-2021.10.win32_1.0.100.202210260954/tools/bin/../lib/gcc/arm-none-eabi/10.3.1/../../../../arm-none-eabi/lib/thumb/v7e-m+fp/hard\libc_nano.a(lib_a-strcat.o)
                0x000000000800cbc0                strcat
 .text.strchr   0x000000000800cbde       0x1a c:/st/stm32cubeide_1.11.0/stm32cubeide/plugins/com.st.stm32cube.ide.mcu.externaltools.gnu-tools-for-stm32.10.3-2021.10.win32_1.0.100.202210260954/tools/bin/../lib/gcc/arm-none-eabi/10.3.1/../../../../arm-none-eabi/lib/thumb/v7e-m+fp/hard\libc_nano.a(lib_a-strchr.o)
                0x000000000800cbde                strchr
 .text.strncat  0x000000000800cbf8       0x26 c:/st/stm32cubeide_1.11.0/stm32cubeide/plugins/com.st.stm32cube.ide.mcu.externaltools.gnu-tools-for-stm32.10.3-2021.10.win32_1.0.100.202210260954/tools/bin/../lib/gcc/arm-none-eabi/10.3.1/../../../../arm-none-eabi/lib/thumb/v7e-m+fp/hard\libc_nano.a(lib_a-strncat.o)
                0x000000000800cbf8                strncat
 .text.strncmp  0x000000000800cc1e       0x28 c:/st/stm32cubeide_1.11.0/stm32cubeide/plugins/com.st.stm32cube.ide.mcu.externaltools.gnu-tools-for-stm32.10.3-2021.10.win32_1.0.100.202210260954/tools/bin/../lib/gcc/arm-none-eabi/10.3.1/../../../../arm-none-eabi/lib/thumb/v7e-m+fp/hard\libc_nano.a(lib_a-strncmp.o)
                0x000000000800cc1e                strncmp
 .text.sulp     0x000000000800cc46       0x38 c:/st/stm32cubeide_1.11.0/stm32cubeide/plugins/com.st.stm32cube.ide.mcu.externaltools.gnu-tools-for-stm32.10.3-2021.10.win32_1.0.100.202210260954/tools/bin/../lib/gcc/arm-none-eabi/10.3.1/../../../../arm-none-eabi/lib/thumb/v7e-m+fp/hard\libc_nano.a(lib_a-strtod.o)
 *fill*         0x000000000800cc7e        0x2 
 .text._strtod_l
                0x000000000800cc80      0xc0c c:/st/stm32cubeide_1.11.0/stm32cubeide/plugins/com.st.stm32cube.ide.mcu.externaltools.gnu-tools-for-stm32.10.3-2021.10.win32_1.0.100.202210260954/tools/bin/../lib/gcc/arm-none-eabi/10.3.1/../../../../arm-none-eabi/lib/thumb/v7e-m+fp/hard\libc_nano.a(lib_a-strtod.o)
                0x000000000800cc80                _strtod_l
 .text._strtod_r
                0x000000000800d88c        0xc c:/st/stm32cubeide_1.11.0/stm32cubeide/plugins/com.st.stm32cube.ide.mcu.externaltools.gnu-tools-for-stm32.10.3-2021.10.win32_1.0.100.202210260954/tools/bin/../lib/gcc/arm-none-eabi/10.3.1/../../../../arm-none-eabi/lib/thumb/v7e-m+fp/hard\libc_nano.a(lib_a-strtod.o)
                0x000000000800d88c                _strtod_r
 .text._strtol_l.constprop.0
                0x000000000800d898      0x104 c:/st/stm32cubeide_1.11.0/stm32cubeide/plugins/com.st.stm32cube.ide.mcu.externaltools.gnu-tools-for-stm32.10.3-2021.10.win32_1.0.100.202210260954/tools/bin/../lib/gcc/arm-none-eabi/10.3.1/../../../../arm-none-eabi/lib/thumb/v7e-m+fp/hard\libc_nano.a(lib_a-strtol.o)
 .text._strtol_r
                0x000000000800d99c        0x4 c:/st/stm32cubeide_1.11.0/stm32cubeide/plugins/com.st.stm32cube.ide.mcu.externaltools.gnu-tools-for-stm32.10.3-2021.10.win32_1.0.100.202210260954/tools/bin/../lib/gcc/arm-none-eabi/10.3.1/../../../../arm-none-eabi/lib/thumb/v7e-m+fp/hard\libc_nano.a(lib_a-strtol.o)
                0x000000000800d99c                _strtol_r
 .text.__swbuf_r
                0x000000000800d9a0       0xa4 c:/st/stm32cubeide_1.11.0/stm32cubeide/plugins/com.st.stm32cube.ide.mcu.externaltools.gnu-tools-for-stm32.10.3-2021.10.win32_1.0.100.202210260954/tools/bin/../lib/gcc/arm-none-eabi/10.3.1/../../../../arm-none-eabi/lib/thumb/v7e-m+fp/hard\libc_nano.a(lib_a-wbuf.o)
                0x000000000800d9a0                __swbuf_r
 .text.__swsetup_r
                0x000000000800da44       0xdc c:/st/stm32cubeide_1.11.0/stm32cubeide/plugins/com.st.stm32cube.ide.mcu.externaltools.gnu-tools-for-stm32.10.3-2021.10.win32_1.0.100.202210260954/tools/bin/../lib/gcc/arm-none-eabi/10.3.1/../../../../arm-none-eabi/lib/thumb/v7e-m+fp/hard\libc_nano.a(lib_a-wsetup.o)
                0x000000000800da44                __swsetup_r
 .text.quorem   0x000000000800db20      0x116 c:/st/stm32cubeide_1.11.0/stm32cubeide/plugins/com.st.stm32cube.ide.mcu.externaltools.gnu-tools-for-stm32.10.3-2021.10.win32_1.0.100.202210260954/tools/bin/../lib/gcc/arm-none-eabi/10.3.1/../../../../arm-none-eabi/lib/thumb/v7e-m+fp/hard\libc_nano.a(lib_a-dtoa.o)
 *fill*         0x000000000800dc36        0x2 
 .text._dtoa_r  0x000000000800dc38      0xbdc c:/st/stm32cubeide_1.11.0/stm32cubeide/plugins/com.st.stm32cube.ide.mcu.externaltools.gnu-tools-for-stm32.10.3-2021.10.win32_1.0.100.202210260954/tools/bin/../lib/gcc/arm-none-eabi/10.3.1/../../../../arm-none-eabi/lib/thumb/v7e-m+fp/hard\libc_nano.a(lib_a-dtoa.o)
                0x000000000800dc38                _dtoa_r
 .text.__sflush_r
                0x000000000800e814      0x10c c:/st/stm32cubeide_1.11.0/stm32cubeide/plugins/com.st.stm32cube.ide.mcu.externaltools.gnu-tools-for-stm32.10.3-2021.10.win32_1.0.100.202210260954/tools/bin/../lib/gcc/arm-none-eabi/10.3.1/../../../../arm-none-eabi/lib/thumb/v7e-m+fp/hard\libc_nano.a(lib_a-fflush.o)
                0x000000000800e814                __sflush_r
 .text._fflush_r
                0x000000000800e920       0x78 c:/st/stm32cubeide_1.11.0/stm32cubeide/plugins/com.st.stm32cube.ide.mcu.externaltools.gnu-tools-for-stm32.10.3-2021.10.win32_1.0.100.202210260954/tools/bin/../lib/gcc/arm-none-eabi/10.3.1/../../../../arm-none-eabi/lib/thumb/v7e-m+fp/hard\libc_nano.a(lib_a-fflush.o)
                0x000000000800e920                _fflush_r
 .text.std      0x000000000800e998       0x48 c:/st/stm32cubeide_1.11.0/stm32cubeide/plugins/com.st.stm32cube.ide.mcu.externaltools.gnu-tools-for-stm32.10.3-2021.10.win32_1.0.100.202210260954/tools/bin/../lib/gcc/arm-none-eabi/10.3.1/../../../../arm-none-eabi/lib/thumb/v7e-m+fp/hard\libc_nano.a(lib_a-findfp.o)
 .text._cleanup_r
                0x000000000800e9e0        0xc c:/st/stm32cubeide_1.11.0/stm32cubeide/plugins/com.st.stm32cube.ide.mcu.externaltools.gnu-tools-for-stm32.10.3-2021.10.win32_1.0.100.202210260954/tools/bin/../lib/gcc/arm-none-eabi/10.3.1/../../../../arm-none-eabi/lib/thumb/v7e-m+fp/hard\libc_nano.a(lib_a-findfp.o)
                0x000000000800e9e0                _cleanup_r
 .text.__sfmoreglue
                0x000000000800e9ec       0x2c c:/st/stm32cubeide_1.11.0/stm32cubeide/plugins/com.st.stm32cube.ide.mcu.externaltools.gnu-tools-for-stm32.10.3-2021.10.win32_1.0.100.202210260954/tools/bin/../lib/gcc/arm-none-eabi/10.3.1/../../../../arm-none-eabi/lib/thumb/v7e-m+fp/hard\libc_nano.a(lib_a-findfp.o)
                0x000000000800e9ec                __sfmoreglue
 .text.__sfp_lock_acquire
                0x000000000800ea18        0xc c:/st/stm32cubeide_1.11.0/stm32cubeide/plugins/com.st.stm32cube.ide.mcu.externaltools.gnu-tools-for-stm32.10.3-2021.10.win32_1.0.100.202210260954/tools/bin/../lib/gcc/arm-none-eabi/10.3.1/../../../../arm-none-eabi/lib/thumb/v7e-m+fp/hard\libc_nano.a(lib_a-findfp.o)
                0x000000000800ea18                __sfp_lock_acquire
 .text.__sfp_lock_release
                0x000000000800ea24        0xc c:/st/stm32cubeide_1.11.0/stm32cubeide/plugins/com.st.stm32cube.ide.mcu.externaltools.gnu-tools-for-stm32.10.3-2021.10.win32_1.0.100.202210260954/tools/bin/../lib/gcc/arm-none-eabi/10.3.1/../../../../arm-none-eabi/lib/thumb/v7e-m+fp/hard\libc_nano.a(lib_a-findfp.o)
                0x000000000800ea24                __sfp_lock_release
 .text.__sinit_lock_acquire
                0x000000000800ea30        0xc c:/st/stm32cubeide_1.11.0/stm32cubeide/plugins/com.st.stm32cube.ide.mcu.externaltools.gnu-tools-for-stm32.10.3-2021.10.win32_1.0.100.202210260954/tools/bin/../lib/gcc/arm-none-eabi/10.3.1/../../../../arm-none-eabi/lib/thumb/v7e-m+fp/hard\libc_nano.a(lib_a-findfp.o)
                0x000000000800ea30                __sinit_lock_acquire
 .text.__sinit_lock_release
                0x000000000800ea3c        0xc c:/st/stm32cubeide_1.11.0/stm32cubeide/plugins/com.st.stm32cube.ide.mcu.externaltools.gnu-tools-for-stm32.10.3-2021.10.win32_1.0.100.202210260954/tools/bin/../lib/gcc/arm-none-eabi/10.3.1/../../../../arm-none-eabi/lib/thumb/v7e-m+fp/hard\libc_nano.a(lib_a-findfp.o)
                0x000000000800ea3c                __sinit_lock_release
 .text.__sinit  0x000000000800ea48       0x70 c:/st/stm32cubeide_1.11.0/stm32cubeide/plugins/com.st.stm32cube.ide.mcu.externaltools.gnu-tools-for-stm32.10.3-2021.10.win32_1.0.100.202210260954/tools/bin/../lib/gcc/arm-none-eabi/10.3.1/../../../../arm-none-eabi/lib/thumb/v7e-m+fp/hard\libc_nano.a(lib_a-findfp.o)
                0x000000000800ea48                __sinit
 .text.__sfp    0x000000000800eab8       0x8c c:/st/stm32cubeide_1.11.0/stm32cubeide/plugins/com.st.stm32cube.ide.mcu.externaltools.gnu-tools-for-stm32.10.3-2021.10.win32_1.0.100.202210260954/tools/bin/../lib/gcc/arm-none-eabi/10.3.1/../../../../arm-none-eabi/lib/thumb/v7e-m+fp/hard\libc_nano.a(lib_a-findfp.o)
                0x000000000800eab8                __sfp
 .text._fwalk_reent
                0x000000000800eb44       0x3e c:/st/stm32cubeide_1.11.0/stm32cubeide/plugins/com.st.stm32cube.ide.mcu.externaltools.gnu-tools-for-stm32.10.3-2021.10.win32_1.0.100.202210260954/tools/bin/../lib/gcc/arm-none-eabi/10.3.1/../../../../arm-none-eabi/lib/thumb/v7e-m+fp/hard\libc_nano.a(lib_a-fwalk.o)
                0x000000000800eb44                _fwalk_reent
 .text.rshift   0x000000000800eb82       0xa4 c:/st/stm32cubeide_1.11.0/stm32cubeide/plugins/com.st.stm32cube.ide.mcu.externaltools.gnu-tools-for-stm32.10.3-2021.10.win32_1.0.100.202210260954/tools/bin/../lib/gcc/arm-none-eabi/10.3.1/../../../../arm-none-eabi/lib/thumb/v7e-m+fp/hard\libc_nano.a(lib_a-gdtoa-gethex.o)
 .text.__hexdig_fun
                0x000000000800ec26       0x2a c:/st/stm32cubeide_1.11.0/stm32cubeide/plugins/com.st.stm32cube.ide.mcu.externaltools.gnu-tools-for-stm32.10.3-2021.10.win32_1.0.100.202210260954/tools/bin/../lib/gcc/arm-none-eabi/10.3.1/../../../../arm-none-eabi/lib/thumb/v7e-m+fp/hard\libc_nano.a(lib_a-gdtoa-gethex.o)
                0x000000000800ec26                __hexdig_fun
 .text.__gethex
                0x000000000800ec50      0x48c c:/st/stm32cubeide_1.11.0/stm32cubeide/plugins/com.st.stm32cube.ide.mcu.externaltools.gnu-tools-for-stm32.10.3-2021.10.win32_1.0.100.202210260954/tools/bin/../lib/gcc/arm-none-eabi/10.3.1/../../../../arm-none-eabi/lib/thumb/v7e-m+fp/hard\libc_nano.a(lib_a-gdtoa-gethex.o)
                0x000000000800ec50                __gethex
 .text.L_shift  0x000000000800f0dc       0x24 c:/st/stm32cubeide_1.11.0/stm32cubeide/plugins/com.st.stm32cube.ide.mcu.externaltools.gnu-tools-for-stm32.10.3-2021.10.win32_1.0.100.202210260954/tools/bin/../lib/gcc/arm-none-eabi/10.3.1/../../../../arm-none-eabi/lib/thumb/v7e-m+fp/hard\libc_nano.a(lib_a-gdtoa-hexnan.o)
 .text.__match  0x000000000800f100       0x28 c:/st/stm32cubeide_1.11.0/stm32cubeide/plugins/com.st.stm32cube.ide.mcu.externaltools.gnu-tools-for-stm32.10.3-2021.10.win32_1.0.100.202210260954/tools/bin/../lib/gcc/arm-none-eabi/10.3.1/../../../../arm-none-eabi/lib/thumb/v7e-m+fp/hard\libc_nano.a(lib_a-gdtoa-hexnan.o)
                0x000000000800f100                __match
 .text.__hexnan
                0x000000000800f128      0x138 c:/st/stm32cubeide_1.11.0/stm32cubeide/plugins/com.st.stm32cube.ide.mcu.externaltools.gnu-tools-for-stm32.10.3-2021.10.win32_1.0.100.202210260954/tools/bin/../lib/gcc/arm-none-eabi/10.3.1/../../../../arm-none-eabi/lib/thumb/v7e-m+fp/hard\libc_nano.a(lib_a-gdtoa-hexnan.o)
                0x000000000800f128                __hexnan
 .text._localeconv_r
                0x000000000800f260        0x8 c:/st/stm32cubeide_1.11.0/stm32cubeide/plugins/com.st.stm32cube.ide.mcu.externaltools.gnu-tools-for-stm32.10.3-2021.10.win32_1.0.100.202210260954/tools/bin/../lib/gcc/arm-none-eabi/10.3.1/../../../../arm-none-eabi/lib/thumb/v7e-m+fp/hard\libc_nano.a(lib_a-localeconv.o)
                0x000000000800f260                _localeconv_r
 .text.__retarget_lock_init_recursive
                0x000000000800f268        0x2 c:/st/stm32cubeide_1.11.0/stm32cubeide/plugins/com.st.stm32cube.ide.mcu.externaltools.gnu-tools-for-stm32.10.3-2021.10.win32_1.0.100.202210260954/tools/bin/../lib/gcc/arm-none-eabi/10.3.1/../../../../arm-none-eabi/lib/thumb/v7e-m+fp/hard\libc_nano.a(lib_a-lock.o)
                0x000000000800f268                __retarget_lock_init_recursive
 .text.__retarget_lock_acquire_recursive
                0x000000000800f26a        0x2 c:/st/stm32cubeide_1.11.0/stm32cubeide/plugins/com.st.stm32cube.ide.mcu.externaltools.gnu-tools-for-stm32.10.3-2021.10.win32_1.0.100.202210260954/tools/bin/../lib/gcc/arm-none-eabi/10.3.1/../../../../arm-none-eabi/lib/thumb/v7e-m+fp/hard\libc_nano.a(lib_a-lock.o)
                0x000000000800f26a                __retarget_lock_acquire_recursive
 .text.__retarget_lock_release_recursive
                0x000000000800f26c        0x2 c:/st/stm32cubeide_1.11.0/stm32cubeide/plugins/com.st.stm32cube.ide.mcu.externaltools.gnu-tools-for-stm32.10.3-2021.10.win32_1.0.100.202210260954/tools/bin/../lib/gcc/arm-none-eabi/10.3.1/../../../../arm-none-eabi/lib/thumb/v7e-m+fp/hard\libc_nano.a(lib_a-lock.o)
                0x000000000800f26c                __retarget_lock_release_recursive
 .text.__swhatbuf_r
                0x000000000800f26e       0x4a c:/st/stm32cubeide_1.11.0/stm32cubeide/plugins/com.st.stm32cube.ide.mcu.externaltools.gnu-tools-for-stm32.10.3-2021.10.win32_1.0.100.202210260954/tools/bin/../lib/gcc/arm-none-eabi/10.3.1/../../../../arm-none-eabi/lib/thumb/v7e-m+fp/hard\libc_nano.a(lib_a-makebuf.o)
                0x000000000800f26e                __swhatbuf_r
 .text.__smakebuf_r
                0x000000000800f2b8       0x80 c:/st/stm32cubeide_1.11.0/stm32cubeide/plugins/com.st.stm32cube.ide.mcu.externaltools.gnu-tools-for-stm32.10.3-2021.10.win32_1.0.100.202210260954/tools/bin/../lib/gcc/arm-none-eabi/10.3.1/../../../../arm-none-eabi/lib/thumb/v7e-m+fp/hard\libc_nano.a(lib_a-makebuf.o)
                0x000000000800f2b8                __smakebuf_r
 .text.__ascii_mbtowc
                0x000000000800f338       0x24 c:/st/stm32cubeide_1.11.0/stm32cubeide/plugins/com.st.stm32cube.ide.mcu.externaltools.gnu-tools-for-stm32.10.3-2021.10.win32_1.0.100.202210260954/tools/bin/../lib/gcc/arm-none-eabi/10.3.1/../../../../arm-none-eabi/lib/thumb/v7e-m+fp/hard\libc_nano.a(lib_a-mbtowc_r.o)
                0x000000000800f338                __ascii_mbtowc
 .text.__malloc_lock
                0x000000000800f35c        0xc c:/st/stm32cubeide_1.11.0/stm32cubeide/plugins/com.st.stm32cube.ide.mcu.externaltools.gnu-tools-for-stm32.10.3-2021.10.win32_1.0.100.202210260954/tools/bin/../lib/gcc/arm-none-eabi/10.3.1/../../../../arm-none-eabi/lib/thumb/v7e-m+fp/hard\libc_nano.a(lib_a-mlock.o)
                0x000000000800f35c                __malloc_lock
 .text.__malloc_unlock
                0x000000000800f368        0xc c:/st/stm32cubeide_1.11.0/stm32cubeide/plugins/com.st.stm32cube.ide.mcu.externaltools.gnu-tools-for-stm32.10.3-2021.10.win32_1.0.100.202210260954/tools/bin/../lib/gcc/arm-none-eabi/10.3.1/../../../../arm-none-eabi/lib/thumb/v7e-m+fp/hard\libc_nano.a(lib_a-mlock.o)
                0x000000000800f368                __malloc_unlock
 .text._Balloc  0x000000000800f374       0x80 c:/st/stm32cubeide_1.11.0/stm32cubeide/plugins/com.st.stm32cube.ide.mcu.externaltools.gnu-tools-for-stm32.10.3-2021.10.win32_1.0.100.202210260954/tools/bin/../lib/gcc/arm-none-eabi/10.3.1/../../../../arm-none-eabi/lib/thumb/v7e-m+fp/hard\libc_nano.a(lib_a-mprec.o)
                0x000000000800f374                _Balloc
 .text._Bfree   0x000000000800f3f4       0x44 c:/st/stm32cubeide_1.11.0/stm32cubeide/plugins/com.st.stm32cube.ide.mcu.externaltools.gnu-tools-for-stm32.10.3-2021.10.win32_1.0.100.202210260954/tools/bin/../lib/gcc/arm-none-eabi/10.3.1/../../../../arm-none-eabi/lib/thumb/v7e-m+fp/hard\libc_nano.a(lib_a-mprec.o)
                0x000000000800f3f4                _Bfree
 .text.__multadd
                0x000000000800f438       0x8c c:/st/stm32cubeide_1.11.0/stm32cubeide/plugins/com.st.stm32cube.ide.mcu.externaltools.gnu-tools-for-stm32.10.3-2021.10.win32_1.0.100.202210260954/tools/bin/../lib/gcc/arm-none-eabi/10.3.1/../../../../arm-none-eabi/lib/thumb/v7e-m+fp/hard\libc_nano.a(lib_a-mprec.o)
                0x000000000800f438                __multadd
 .text.__s2b    0x000000000800f4c4       0x94 c:/st/stm32cubeide_1.11.0/stm32cubeide/plugins/com.st.stm32cube.ide.mcu.externaltools.gnu-tools-for-stm32.10.3-2021.10.win32_1.0.100.202210260954/tools/bin/../lib/gcc/arm-none-eabi/10.3.1/../../../../arm-none-eabi/lib/thumb/v7e-m+fp/hard\libc_nano.a(lib_a-mprec.o)
                0x000000000800f4c4                __s2b
 .text.__hi0bits
                0x000000000800f558       0x40 c:/st/stm32cubeide_1.11.0/stm32cubeide/plugins/com.st.stm32cube.ide.mcu.externaltools.gnu-tools-for-stm32.10.3-2021.10.win32_1.0.100.202210260954/tools/bin/../lib/gcc/arm-none-eabi/10.3.1/../../../../arm-none-eabi/lib/thumb/v7e-m+fp/hard\libc_nano.a(lib_a-mprec.o)
                0x000000000800f558                __hi0bits
 .text.__lo0bits
                0x000000000800f598       0x5e c:/st/stm32cubeide_1.11.0/stm32cubeide/plugins/com.st.stm32cube.ide.mcu.externaltools.gnu-tools-for-stm32.10.3-2021.10.win32_1.0.100.202210260954/tools/bin/../lib/gcc/arm-none-eabi/10.3.1/../../../../arm-none-eabi/lib/thumb/v7e-m+fp/hard\libc_nano.a(lib_a-mprec.o)
                0x000000000800f598                __lo0bits
 *fill*         0x000000000800f5f6        0x2 
 .text.__i2b    0x000000000800f5f8       0x2c c:/st/stm32cubeide_1.11.0/stm32cubeide/plugins/com.st.stm32cube.ide.mcu.externaltools.gnu-tools-for-stm32.10.3-2021.10.win32_1.0.100.202210260954/tools/bin/../lib/gcc/arm-none-eabi/10.3.1/../../../../arm-none-eabi/lib/thumb/v7e-m+fp/hard\libc_nano.a(lib_a-mprec.o)
                0x000000000800f5f8                __i2b
 .text.__multiply
                0x000000000800f624      0x154 c:/st/stm32cubeide_1.11.0/stm32cubeide/plugins/com.st.stm32cube.ide.mcu.externaltools.gnu-tools-for-stm32.10.3-2021.10.win32_1.0.100.202210260954/tools/bin/../lib/gcc/arm-none-eabi/10.3.1/../../../../arm-none-eabi/lib/thumb/v7e-m+fp/hard\libc_nano.a(lib_a-mprec.o)
                0x000000000800f624                __multiply
 .text.__pow5mult
                0x000000000800f778       0xb4 c:/st/stm32cubeide_1.11.0/stm32cubeide/plugins/com.st.stm32cube.ide.mcu.externaltools.gnu-tools-for-stm32.10.3-2021.10.win32_1.0.100.202210260954/tools/bin/../lib/gcc/arm-none-eabi/10.3.1/../../../../arm-none-eabi/lib/thumb/v7e-m+fp/hard\libc_nano.a(lib_a-mprec.o)
                0x000000000800f778                __pow5mult
 .text.__lshift
                0x000000000800f82c       0xe0 c:/st/stm32cubeide_1.11.0/stm32cubeide/plugins/com.st.stm32cube.ide.mcu.externaltools.gnu-tools-for-stm32.10.3-2021.10.win32_1.0.100.202210260954/tools/bin/../lib/gcc/arm-none-eabi/10.3.1/../../../../arm-none-eabi/lib/thumb/v7e-m+fp/hard\libc_nano.a(lib_a-mprec.o)
                0x000000000800f82c                __lshift
 .text.__mcmp   0x000000000800f90c       0x38 c:/st/stm32cubeide_1.11.0/stm32cubeide/plugins/com.st.stm32cube.ide.mcu.externaltools.gnu-tools-for-stm32.10.3-2021.10.win32_1.0.100.202210260954/tools/bin/../lib/gcc/arm-none-eabi/10.3.1/../../../../arm-none-eabi/lib/thumb/v7e-m+fp/hard\libc_nano.a(lib_a-mprec.o)
                0x000000000800f90c                __mcmp
 .text.__mdiff  0x000000000800f944      0x114 c:/st/stm32cubeide_1.11.0/stm32cubeide/plugins/com.st.stm32cube.ide.mcu.externaltools.gnu-tools-for-stm32.10.3-2021.10.win32_1.0.100.202210260954/tools/bin/../lib/gcc/arm-none-eabi/10.3.1/../../../../arm-none-eabi/lib/thumb/v7e-m+fp/hard\libc_nano.a(lib_a-mprec.o)
                0x000000000800f944                __mdiff
 .text.__ulp    0x000000000800fa58       0x58 c:/st/stm32cubeide_1.11.0/stm32cubeide/plugins/com.st.stm32cube.ide.mcu.externaltools.gnu-tools-for-stm32.10.3-2021.10.win32_1.0.100.202210260954/tools/bin/../lib/gcc/arm-none-eabi/10.3.1/../../../../arm-none-eabi/lib/thumb/v7e-m+fp/hard\libc_nano.a(lib_a-mprec.o)
                0x000000000800fa58                __ulp
 .text.__b2d    0x000000000800fab0       0xa0 c:/st/stm32cubeide_1.11.0/stm32cubeide/plugins/com.st.stm32cube.ide.mcu.externaltools.gnu-tools-for-stm32.10.3-2021.10.win32_1.0.100.202210260954/tools/bin/../lib/gcc/arm-none-eabi/10.3.1/../../../../arm-none-eabi/lib/thumb/v7e-m+fp/hard\libc_nano.a(lib_a-mprec.o)
                0x000000000800fab0                __b2d
 .text.__d2b    0x000000000800fb50       0xb8 c:/st/stm32cubeide_1.11.0/stm32cubeide/plugins/com.st.stm32cube.ide.mcu.externaltools.gnu-tools-for-stm32.10.3-2021.10.win32_1.0.100.202210260954/tools/bin/../lib/gcc/arm-none-eabi/10.3.1/../../../../arm-none-eabi/lib/thumb/v7e-m+fp/hard\libc_nano.a(lib_a-mprec.o)
                0x000000000800fb50                __d2b
 .text.__ratio  0x000000000800fc08       0x66 c:/st/stm32cubeide_1.11.0/stm32cubeide/plugins/com.st.stm32cube.ide.mcu.externaltools.gnu-tools-for-stm32.10.3-2021.10.win32_1.0.100.202210260954/tools/bin/../lib/gcc/arm-none-eabi/10.3.1/../../../../arm-none-eabi/lib/thumb/v7e-m+fp/hard\libc_nano.a(lib_a-mprec.o)
                0x000000000800fc08                __ratio
 .text.__copybits
                0x000000000800fc6e       0x46 c:/st/stm32cubeide_1.11.0/stm32cubeide/plugins/com.st.stm32cube.ide.mcu.externaltools.gnu-tools-for-stm32.10.3-2021.10.win32_1.0.100.202210260954/tools/bin/../lib/gcc/arm-none-eabi/10.3.1/../../../../arm-none-eabi/lib/thumb/v7e-m+fp/hard\libc_nano.a(lib_a-mprec.o)
                0x000000000800fc6e                __copybits
 .text.__any_on
                0x000000000800fcb4       0x42 c:/st/stm32cubeide_1.11.0/stm32cubeide/plugins/com.st.stm32cube.ide.mcu.externaltools.gnu-tools-for-stm32.10.3-2021.10.win32_1.0.100.202210260954/tools/bin/../lib/gcc/arm-none-eabi/10.3.1/../../../../arm-none-eabi/lib/thumb/v7e-m+fp/hard\libc_nano.a(lib_a-mprec.o)
                0x000000000800fcb4                __any_on
 .text._calloc_r
                0x000000000800fcf6       0x2c c:/st/stm32cubeide_1.11.0/stm32cubeide/plugins/com.st.stm32cube.ide.mcu.externaltools.gnu-tools-for-stm32.10.3-2021.10.win32_1.0.100.202210260954/tools/bin/../lib/gcc/arm-none-eabi/10.3.1/../../../../arm-none-eabi/lib/thumb/v7e-m+fp/hard\libc_nano.a(lib_a-nano-callocr.o)
                0x000000000800fcf6                _calloc_r
 .text.__ssputs_r
                0x000000000800fd22       0xb6 c:/st/stm32cubeide_1.11.0/stm32cubeide/plugins/com.st.stm32cube.ide.mcu.externaltools.gnu-tools-for-stm32.10.3-2021.10.win32_1.0.100.202210260954/tools/bin/../lib/gcc/arm-none-eabi/10.3.1/../../../../arm-none-eabi/lib/thumb/v7e-m+fp/hard\libc_nano.a(lib_a-nano-svfprintf.o)
                0x000000000800fd22                __ssputs_r
 .text._svfprintf_r
                0x000000000800fdd8      0x200 c:/st/stm32cubeide_1.11.0/stm32cubeide/plugins/com.st.stm32cube.ide.mcu.externaltools.gnu-tools-for-stm32.10.3-2021.10.win32_1.0.100.202210260954/tools/bin/../lib/gcc/arm-none-eabi/10.3.1/../../../../arm-none-eabi/lib/thumb/v7e-m+fp/hard\libc_nano.a(lib_a-nano-svfprintf.o)
                0x000000000800fdd8                _svfiprintf_r
                0x000000000800fdd8                _svfprintf_r
 .text.__sfputc_r
                0x000000000800ffd8       0x2e c:/st/stm32cubeide_1.11.0/stm32cubeide/plugins/com.st.stm32cube.ide.mcu.externaltools.gnu-tools-for-stm32.10.3-2021.10.win32_1.0.100.202210260954/tools/bin/../lib/gcc/arm-none-eabi/10.3.1/../../../../arm-none-eabi/lib/thumb/v7e-m+fp/hard\libc_nano.a(lib_a-nano-vfprintf.o)
 .text.__sfputs_r
                0x0000000008010006       0x24 c:/st/stm32cubeide_1.11.0/stm32cubeide/plugins/com.st.stm32cube.ide.mcu.externaltools.gnu-tools-for-stm32.10.3-2021.10.win32_1.0.100.202210260954/tools/bin/../lib/gcc/arm-none-eabi/10.3.1/../../../../arm-none-eabi/lib/thumb/v7e-m+fp/hard\libc_nano.a(lib_a-nano-vfprintf.o)
                0x0000000008010006                __sfputs_r
 *fill*         0x000000000801002a        0x2 
 .text._vfprintf_r
                0x000000000801002c      0x260 c:/st/stm32cubeide_1.11.0/stm32cubeide/plugins/com.st.stm32cube.ide.mcu.externaltools.gnu-tools-for-stm32.10.3-2021.10.win32_1.0.100.202210260954/tools/bin/../lib/gcc/arm-none-eabi/10.3.1/../../../../arm-none-eabi/lib/thumb/v7e-m+fp/hard\libc_nano.a(lib_a-nano-vfprintf.o)
                0x000000000801002c                _vfprintf_r
                0x000000000801002c                _vfiprintf_r
 *fill*         0x000000000801028c        0x4 
 .text.nan      0x0000000008010290       0x10 c:/st/stm32cubeide_1.11.0/stm32cubeide/plugins/com.st.stm32cube.ide.mcu.externaltools.gnu-tools-for-stm32.10.3-2021.10.win32_1.0.100.202210260954/tools/bin/../lib/gcc/arm-none-eabi/10.3.1/../../../../arm-none-eabi/lib/thumb/v7e-m+fp/hard\libc_nano.a(lib_a-s_nan.o)
                0x0000000008010290                nan
 .text.__sread  0x00000000080102a0       0x22 c:/st/stm32cubeide_1.11.0/stm32cubeide/plugins/com.st.stm32cube.ide.mcu.externaltools.gnu-tools-for-stm32.10.3-2021.10.win32_1.0.100.202210260954/tools/bin/../lib/gcc/arm-none-eabi/10.3.1/../../../../arm-none-eabi/lib/thumb/v7e-m+fp/hard\libc_nano.a(lib_a-stdio.o)
                0x00000000080102a0                __sread
 .text.__swrite
                0x00000000080102c2       0x38 c:/st/stm32cubeide_1.11.0/stm32cubeide/plugins/com.st.stm32cube.ide.mcu.externaltools.gnu-tools-for-stm32.10.3-2021.10.win32_1.0.100.202210260954/tools/bin/../lib/gcc/arm-none-eabi/10.3.1/../../../../arm-none-eabi/lib/thumb/v7e-m+fp/hard\libc_nano.a(lib_a-stdio.o)