Archive member included to satisfy reference by file (symbol)

c:/st/stm32cubeide_1.11.0/stm32cubeide/plugins/com.st.stm32cube.ide.mcu.externaltools.gnu-tools-for-stm32.10.3-2021.10.win32_1.0.100.202210260954/tools/bin/../lib/gcc/arm-none-eabi/10.3.1/../../../../arm-none-eabi/lib/thumb/v7e-m+fp/hard\libc_nano.a(lib_a-errno.o)
                              ./Core/Src/syscalls.o (__errno)
c:/st/stm32cubeide_1.11.0/stm32cubeide/plugins/com.st.stm32cube.ide.mcu.externaltools.gnu-tools-for-stm32.10.3-2021.10.win32_1.0.100.202210260954/tools/bin/../lib/gcc/arm-none-eabi/10.3.1/../../../../arm-none-eabi/lib/thumb/v7e-m+fp/hard\libc_nano.a(lib_a-exit.o)
                              c:/st/stm32cubeide_1.11.0/stm32cubeide/plugins/com.st.stm32cube.ide.mcu.externaltools.gnu-tools-for-stm32.10.3-2021.10.win32_1.0.100.202210260954/tools/bin/../lib/gcc/arm-none-eabi/10.3.1/../../../../arm-none-eabi/lib/thumb/v7e-m+fp/hard/crt0.o (exit)
c:/st/stm32cubeide_1.11.0/stm32cubeide/plugins/com.st.stm32cube.ide.mcu.externaltools.gnu-tools-for-stm32.10.3-2021.10.win32_1.0.100.202210260954/tools/bin/../lib/gcc/arm-none-eabi/10.3.1/../../../../arm-none-eabi/lib/thumb/v7e-m+fp/hard\libc_nano.a(lib_a-impure.o)
                              c:/st/stm32cubeide_1.11.0/stm32cubeide/plugins/com.st.stm32cube.ide.mcu.externaltools.gnu-tools-for-stm32.10.3-2021.10.win32_1.0.100.202210260954/tools/bin/../lib/gcc/arm-none-eabi/10.3.1/../../../../arm-none-eabi/lib/thumb/v7e-m+fp/hard\libc_nano.a(lib_a-exit.o) (_global_impure_ptr)
c:/st/stm32cubeide_1.11.0/stm32cubeide/plugins/com.st.stm32cube.ide.mcu.externaltools.gnu-tools-for-stm32.10.3-2021.10.win32_1.0.100.202210260954/tools/bin/../lib/gcc/arm-none-eabi/10.3.1/../../../../arm-none-eabi/lib/thumb/v7e-m+fp/hard\libc_nano.a(lib_a-init.o)
                              c:/st/stm32cubeide_1.11.0/stm32cubeide/plugins/com.st.stm32cube.ide.mcu.externaltools.gnu-tools-for-stm32.10.3-2021.10.win32_1.0.100.202210260954/tools/bin/../lib/gcc/arm-none-eabi/10.3.1/../../../../arm-none-eabi/lib/thumb/v7e-m+fp/hard/crt0.o (__libc_init_array)
c:/st/stm32cubeide_1.11.0/stm32cubeide/plugins/com.st.stm32cube.ide.mcu.externaltools.gnu-tools-for-stm32.10.3-2021.10.win32_1.0.100.202210260954/tools/bin/../lib/gcc/arm-none-eabi/10.3.1/../../../../arm-none-eabi/lib/thumb/v7e-m+fp/hard\libc_nano.a(lib_a-malloc.o)
                              ./Core/Src/main.o (malloc)
c:/st/stm32cubeide_1.11.0/stm32cubeide/plugins/com.st.stm32cube.ide.mcu.externaltools.gnu-tools-for-stm32.10.3-2021.10.win32_1.0.100.202210260954/tools/bin/../lib/gcc/arm-none-eabi/10.3.1/../../../../arm-none-eabi/lib/thumb/v7e-m+fp/hard\libc_nano.a(lib_a-memcpy-stub.o)
                              ./FreeRTOS/queue.o (memcpy)
c:/st/stm32cubeide_1.11.0/stm32cubeide/plugins/com.st.stm32cube.ide.mcu.externaltools.gnu-tools-for-stm32.10.3-2021.10.win32_1.0.100.202210260954/tools/bin/../lib/gcc/arm-none-eabi/10.3.1/../../../../arm-none-eabi/lib/thumb/v7e-m+fp/hard\libc_nano.a(lib_a-memset.o)
                              c:/st/stm32cubeide_1.11.0/stm32cubeide/plugins/com.st.stm32cube.ide.mcu.externaltools.gnu-tools-for-stm32.10.3-2021.10.win32_1.0.100.202210260954/tools/bin/../lib/gcc/arm-none-eabi/10.3.1/../../../../arm-none-eabi/lib/thumb/v7e-m+fp/hard/crt0.o (memset)
c:/st/stm32cubeide_1.11.0/stm32cubeide/plugins/com.st.stm32cube.ide.mcu.externaltools.gnu-tools-for-stm32.10.3-2021.10.win32_1.0.100.202210260954/tools/bin/../lib/gcc/arm-none-eabi/10.3.1/../../../../arm-none-eabi/lib/thumb/v7e-m+fp/hard\libc_nano.a(lib_a-nano-freer.o)
                              c:/st/stm32cubeide_1.11.0/stm32cubeide/plugins/com.st.stm32cube.ide.mcu.externaltools.gnu-tools-for-stm32.10.3-2021.10.win32_1.0.100.202210260954/tools/bin/../lib/gcc/arm-none-eabi/10.3.1/../../../../arm-none-eabi/lib/thumb/v7e-m+fp/hard\libc_nano.a(lib_a-malloc.o) (_free_r)
c:/st/stm32cubeide_1.11.0/stm32cubeide/plugins/com.st.stm32cube.ide.mcu.externaltools.gnu-tools-for-stm32.10.3-2021.10.win32_1.0.100.202210260954/tools/bin/../lib/gcc/arm-none-eabi/10.3.1/../../../../arm-none-eabi/lib/thumb/v7e-m+fp/hard\libc_nano.a(lib_a-nano-mallocr.o)
                              c:/st/stm32cubeide_1.11.0/stm32cubeide/plugins/com.st.stm32cube.ide.mcu.externaltools.gnu-tools-for-stm32.10.3-2021.10.win32_1.0.100.202210260954/tools/bin/../lib/gcc/arm-none-eabi/10.3.1/../../../../arm-none-eabi/lib/thumb/v7e-m+fp/hard\libc_nano.a(lib_a-malloc.o) (_malloc_r)
c:/st/stm32cubeide_1.11.0/stm32cubeide/plugins/com.st.stm32cube.ide.mcu.externaltools.gnu-tools-for-stm32.10.3-2021.10.win32_1.0.100.202210260954/tools/bin/../lib/gcc/arm-none-eabi/10.3.1/../../../../arm-none-eabi/lib/thumb/v7e-m+fp/hard\libc_nano.a(lib_a-nano-vfprintf_float.o)
                              (_printf_float)
[...]
Memory Configuration

Name             Origin             Length             Attributes
CCMRAM           0x0000000010000000 0x0000000000010000 xrw
RAM              0x0000000020000000 0x0000000000020000 xrw
FLASH            0x0000000008000000 0x0000000000100000 xr
*default*        0x0000000000000000 0xffffffffffffffff

Linker script and memory map

LOAD c:/st/stm32cubeide_1.11.0/stm32cubeide/plugins/com.st.stm32cube.ide.mcu.externaltools.gnu-tools-for-stm32.10.3-2021.10.win32_1.0.100.202210260954/tools/bin/../lib/gcc/arm-none-eabi/10.3.1/thumb/v7e-m+fp/hard/crti.o
LOAD c:/st/stm32cubeide_1.11.0/stm32cubeide/plugins/com.st.stm32cube.ide.mcu.externaltools.gnu-tools-for-stm32.10.3-2021.10.win32_1.0.100.202210260954/tools/bin/../lib/gcc/arm-none-eabi/10.3.1/thumb/v7e-m+fp/hard/crtbegin.o
LOAD c:/st/stm32cubeide_1.11.0/stm32cubeide/plugins/com.st.stm32cube.ide.mcu.externaltools.gnu-tools-for-stm32.10.3-2021.10.win32_1.0.100.202210260954/tools/bin/../lib/gcc/arm-none-eabi/10.3.1/../../../../arm-none-eabi/lib/thumb/v7e-m+fp/hard/crt0.o
LOAD ./Core/Src/liquidcrystal_i2c.o
LOAD ./Core/Src/main.o
LOAD ./Core/Src/rc522.o
LOAD ./Core/Src/stm32f4xx_hal_msp.o
LOAD ./Core/Src/stm32f4xx_hal_timebase_tim.o
LOAD ./Core/Src/stm32f4xx_it.o
LOAD ./Core/Src/syscalls.o
LOAD ./Core/Src/sysmem.o
LOAD ./Core/Src/system_stm32f4xx.o
LOAD ./Core/Startup/startup_stm32f407vgtx.o
LOAD ./Drivers/STM32F4xx_HAL_Driver/Src/stm32f4xx_hal.o
LOAD ./Drivers/STM32F4xx_HAL_Driver/Src/stm32f4xx_hal_adc.o
LOAD ./Drivers/STM32F4xx_HAL_Driver/Src/stm32f4xx_hal_adc_ex.o
LOAD ./Drivers/STM32F4xx_HAL_Driver/Src/stm32f4xx_hal_cortex.o
LOAD ./Drivers/STM32F4xx_HAL_Driver/Src/stm32f4xx_hal_dma.o
LOAD ./Drivers/STM32F4xx_HAL_Driver/Src/stm32f4xx_hal_dma_ex.o
LOAD ./Drivers/STM32F4xx_HAL_Driver/Src/stm32f4xx_hal_exti.o
LOAD ./Drivers/STM32F4xx_HAL_Driver/Src/stm32f4xx_hal_flash.o
LOAD ./Drivers/STM32F4xx_HAL_Driver/Src/stm32f4xx_hal_flash_ex.o
LOAD ./Drivers/STM32F4xx_HAL_Driver/Src/stm32f4xx_hal_flash_ramfunc.o
LOAD ./Drivers/STM32F4xx_HAL_Driver/Src/stm32f4xx_hal_gpio.o
LOAD ./Drivers/STM32F4xx_HAL_Driver/Src/stm32f4xx_hal_i2c.o
LOAD ./Drivers/STM32F4xx_HAL_Driver/Src/stm32f4xx_hal_i2c_ex.o
LOAD ./Drivers/STM32F4xx_HAL_Driver/Src/stm32f4xx_hal_i2s.o
LOAD ./Drivers/STM32F4xx_HAL_Driver/Src/stm32f4xx_hal_i2s_ex.o
LOAD ./Drivers/STM32F4xx_HAL_Driver/Src/stm32f4xx_hal_pwr.o
LOAD ./Drivers/STM32F4xx_HAL_Driver/Src/stm32f4xx_hal_pwr_ex.o
LOAD ./Drivers/STM32F4xx_HAL_Driver/Src/stm32f4xx_hal_rcc.o
LOAD ./Drivers/STM32F4xx_HAL_Driver/Src/stm32f4xx_hal_rcc_ex.o
LOAD ./Drivers/STM32F4xx_HAL_Driver/Src/stm32f4xx_hal_spi.o
LOAD ./Drivers/STM32F4xx_HAL_Driver/Src/stm32f4xx_hal_tim.o
LOAD ./Drivers/STM32F4xx_HAL_Driver/Src/stm32f4xx_hal_tim_ex.o
LOAD ./Drivers/STM32F4xx_HAL_Driver/Src/stm32f4xx_hal_uart.o
LOAD ./Drivers/STM32F4xx_HAL_Driver/Src/stm32f4xx_ll_adc.o
LOAD ./FreeRTOS/croutine.o
LOAD ./FreeRTOS/event_groups.o
LOAD ./FreeRTOS/list.o
LOAD ./FreeRTOS/queue.o
LOAD ./FreeRTOS/stream_buffer.o
LOAD ./FreeRTOS/tasks.o
LOAD ./FreeRTOS/timers.o
LOAD ./FreeRTOS/portable/ARM_CM4F/port.o
LOAD ./FreeRTOS/portable/MemMang/heap_4.o
START GROUP
LOAD c:/st/stm32cubeide_1.11.0/stm32cubeide/plugins/com.st.stm32cube.ide.mcu.externaltools.gnu-tools-for-stm32.10.3-2021.10.win32_1.0.100.202210260954/tools/bin/../lib/gcc/arm-none-eabi/10.3.1/../../../../arm-none-eabi/lib/thumb/v7e-m+fp/hard\libc_nano.a
LOAD c:/st/stm32cubeide_1.11.0/stm32cubeide/plugins/com.st.stm32cube.ide.mcu.externaltools.gnu-tools-for-stm32.10.3-2021.10.win32_1.0.100.202210260954/tools/bin/../lib/gcc/arm-none-eabi/10.3.1/../../../../arm-none-eabi/lib/thumb/v7e-m+fp/hard\libm.a
END GROUP
START GROUP
LOAD c:/st/stm32cubeide_1.11.0/stm32cubeide/plugins/com.st.stm32cube.ide.mcu.externaltools.gnu-tools-for-stm32.10.3-2021.10.win32_1.0.100.202210260954/tools/bin/../lib/gcc/arm-none-eabi/10.3.1/thumb/v7e-m+fp/hard\libgcc.a
LOAD c:/st/stm32cubeide_1.11.0/stm32cubeide/plugins/com.st.stm32cube.ide.mcu.externaltools.gnu-tools-for-stm32.10.3-2021.10.win32_1.0.100.202210260954/tools/bin/../lib/gcc/arm-none-eabi/10.3.1/../../../../arm-none-eabi/lib/thumb/v7e-m+fp/hard\libc_nano.a
END GROUP
START GROUP
LOAD c:/st/stm32cubeide_1.11.0/stm32cubeide/plugins/com.st.stm32cube.ide.mcu.externaltools.gnu-tools-for-stm32.10.3-2021.10.win32_1.0.100.202210260954/tools/bin/../lib/gcc/arm-none-eabi/10.3.1/thumb/v7e-m+fp/hard\libgcc.a
LOAD c:/st/stm32cubeide_1.11.0/stm32cubeide/plugins/com.st.stm32cube.ide.mcu.externaltools.gnu-tools-for-stm32.10.3-2021.10.win32_1.0.100.202210260954/tools/bin/../lib/gcc/arm-none-eabi/10.3.1/../../../../arm-none-eabi/lib/thumb/v7e-m+fp/hard\libc_nano.a
LOAD c:/st/stm32cubeide_1.11.0/stm32cubeide/plugins/com.st.stm32cube.ide.mcu.externaltools.gnu-tools-for-stm32.10.3-2021.10.win32_1.0.100.202210260954/tools/bin/../lib/gcc/arm-none-eabi/10.3.1/../../../../arm-none-eabi/lib/thumb/v7e-m+fp/hard\libnosys.a
END GROUP
START GROUP
LOAD c:/st/stm32cubeide_1.11.0/stm32cubeide/plugins/com.st.stm32cube.ide.mcu.externaltools.gnu-tools-for-stm32.10.3-2021.10.win32_1.0.100.202210260954/tools/bin/../lib/gcc/arm-none-eabi/10.3.1/thumb/v7e-m+fp/hard\libgcc.a
LOAD c:/st/stm32cubeide_1.11.0/stm32cubeide/plugins/com.st.stm32cube.ide.mcu.externaltools.gnu-tools-for-stm32.10.3-2021.10.win32_1.0.100.202210260954/tools/bin/../lib/gcc/arm-none-eabi/10.3.1/../../../../arm-none-eabi/lib/thumb/v7e-m+fp/hard\libc_nano.a
LOAD c:/st/stm32cubeide_1.11.0/stm32cubeide/plugins/com.st.stm32cube.ide.mcu.externaltools.gnu-tools-for-stm32.10.3-2021.10.win32_1.0.100.202210260954/tools/bin/../lib/gcc/arm-none-eabi/10.3.1/../../../../arm-none-eabi/lib/thumb/v7e-m+fp/hard\libnosys.a
END GROUP
LOAD c:/st/stm32cubeide_1.11.0/stm32cubeide/plugins/com.st.stm32cube.ide.mcu.externaltools.gnu-tools-for-stm32.10.3-2021.10.win32_1.0.100.202210260954/tools/bin/../lib/gcc/arm-none-eabi/10.3.1/thumb/v7e-m+fp/hard/crtend.o
LOAD c:/st/stm32cubeide_1.11.0/stm32cubeide/plugins/com.st.stm32cube.ide.mcu.externaltools.gnu-tools-for-stm32.10.3-2021.10.win32_1.0.100.202210260954/tools/bin/../lib/gcc/arm-none-eabi/10.3.1/thumb/v7e-m+fp/hard/crtn.o
                0x0000000020020000                _estack = (ORIGIN (RAM) + LENGTH (RAM))
                0x0000000000000200                _Min_Heap_Size = 0x200
                0x0000000000000400                _Min_Stack_Size = 0x400

.isr_vector     0x0000000008000000      0x188
                0x0000000008000000                . = ALIGN (0x4)
 *(.isr_vector)
 .isr_vector    0x0000000008000000      0x188 ./Core/Startup/startup_stm32f407vgtx.o
                0x0000000008000000                g_pfnVectors
                0x0000000008000188                . = ALIGN (0x4)

.text           0x0000000008000190    0x104cc
                0x0000000008000190                . = ALIGN (0x4)
 *(.text)
 .text          0x0000000008000190       0x40 c:/st/stm32cubeide_1.11.0/stm32cubeide/plugins/com.st.stm32cube.ide.mcu.externaltools.gnu-tools-for-stm32.10.3-2021.10.win32_1.0.100.202210260954/tools/bin/../lib/gcc/arm-none-eabi/10.3.1/thumb/v7e-m+fp/hard/crtbegin.o
 .text          0x00000000080001d0       0x10 c:/st/stm32cubeide_1.11.0/stm32cubeide/plugins/com.st.stm32cube.ide.mcu.externaltools.gnu-tools-for-stm32.10.3-2021.10.win32_1.0.100.202210260954/tools/bin/../lib/gcc/arm-none-eabi/10.3.1/../../../../arm-none-eabi/lib/thumb/v7e-m+fp/hard\libc_nano.a(lib_a-strlen.o)
                0x00000000080001d0                strlen
 .text          0x00000000080001e0       0xa0 c:/st/stm32cubeide_1.11.0/stm32cubeide/plugins/com.st.stm32cube.ide.mcu.externaltools.gnu-tools-for-stm32.10.3-2021.10.win32_1.0.100.202210260954/tools/bin/../lib/gcc/arm-none-eabi/10.3.1/../../../../arm-none-eabi/lib/thumb/v7e-m+fp/hard\libc_nano.a(lib_a-memchr.o)
                0x00000000080001e0                memchr
 .text          0x0000000008000280      0x378 c:/st/stm32cubeide_1.11.0/stm32cubeide/plugins/com.st.stm32cube.ide.mcu.externaltools.gnu-tools-for-stm32.10.3-2021.10.win32_1.0.100.202210260954/tools/bin/../lib/gcc/arm-none-eabi/10.3.1/thumb/v7e-m+fp/hard\libgcc.a(_arm_addsubdf3.o)
                0x0000000008000280                __aeabi_drsub
                0x0000000008000288                __aeabi_dsub
                0x0000000008000288                __subdf3
                0x000000000800028c                __aeabi_dadd
                0x000000000800028c                __adddf3
                0x0000000008000504                __floatunsidf
                0x0000000008000504                __aeabi_ui2d
                0x0000000008000524                __floatsidf
                0x0000000008000524                __aeabi_i2d
                0x0000000008000548                __aeabi_f2d
                0x0000000008000548                __extendsfdf2
                0x000000000800058c                __floatundidf
                0x000000000800058c                __aeabi_ul2d
                0x000000000800059c                __floatdidf
                0x000000000800059c                __aeabi_l2d
 .text          0x00000000080005f8      0x424 c:/st/stm32cubeide_1.11.0/stm32cubeide/plugins/com.st.stm32cube.ide.mcu.externaltools.gnu-tools-for-stm32.10.3-2021.10.win32_1.0.100.202210260954/tools/bin/../lib/gcc/arm-none-eabi/10.3.1/thumb/v7e-m+fp/hard\libgcc.a(_arm_muldivdf3.o)
                0x00000000080005f8                __aeabi_dmul
                0x00000000080005f8                __muldf3
                0x000000000800084c                __divdf3
                0x000000000800084c                __aeabi_ddiv
 .text          0x0000000008000a1c      0x110 c:/st/stm32cubeide_1.11.0/stm32cubeide/plugins/com.st.stm32cube.ide.mcu.externaltools.gnu-tools-for-stm32.10.3-2021.10.win32_1.0.100.202210260954/tools/bin/../lib/gcc/arm-none-eabi/10.3.1/thumb/v7e-m+fp/hard\libgcc.a(_arm_cmpdf2.o)
                0x0000000008000a1c                __gtdf2
                0x0000000008000a1c                __gedf2
                0x0000000008000a24                __ltdf2
                0x0000000008000a24                __ledf2
                0x0000000008000a2c                __nedf2
                0x0000000008000a2c                __eqdf2
                0x0000000008000a2c                __cmpdf2
                0x0000000008000aa8                __aeabi_cdrcmple
                0x0000000008000ab8                __aeabi_cdcmpeq
                0x0000000008000ab8                __aeabi_cdcmple
                0x0000000008000ac8                __aeabi_dcmpeq
                0x0000000008000adc                __aeabi_dcmplt
                0x0000000008000af0                __aeabi_dcmple
                0x0000000008000b04                __aeabi_dcmpge
                0x0000000008000b18                __aeabi_dcmpgt
 .text          0x0000000008000b2c       0x2c c:/st/stm32cubeide_1.11.0/stm32cubeide/plugins/com.st.stm32cube.ide.mcu.externaltools.gnu-tools-for-stm32.10.3-2021.10.win32_1.0.100.202210260954/tools/bin/../lib/gcc/arm-none-eabi/10.3.1/thumb/v7e-m+fp/hard\libgcc.a(_arm_unorddf2.o)
                0x0000000008000b2c                __unorddf2
                0x0000000008000b2c                __aeabi_dcmpun
 .text          0x0000000008000b58       0x50 c:/st/stm32cubeide_1.11.0/stm32cubeide/plugins/com.st.stm32cube.ide.mcu.externaltools.gnu-tools-for-stm32.10.3-2021.10.win32_1.0.100.202210260954/tools/bin/../lib/gcc/arm-none-eabi/10.3.1/thumb/v7e-m+fp/hard\libgcc.a(_arm_fixdfsi.o)
                0x0000000008000b58                __aeabi_d2iz
                0x0000000008000b58                __fixdfsi
 .text          0x0000000008000ba8       0x40 c:/st/stm32cubeide_1.11.0/stm32cubeide/plugins/com.st.stm32cube.ide.mcu.externaltools.gnu-tools-for-stm32.10.3-2021.10.win32_1.0.100.202210260954/tools/bin/../lib/gcc/arm-none-eabi/10.3.1/thumb/v7e-m+fp/hard\libgcc.a(_arm_fixunsdfsi.o)
                0x0000000008000ba8                __aeabi_d2uiz
                0x0000000008000ba8                __fixunsdfsi
 .text          0x0000000008000be8       0xa0 c:/st/stm32cubeide_1.11.0/stm32cubeide/plugins/com.st.stm32cube.ide.mcu.externaltools.gnu-tools-for-stm32.10.3-2021.10.win32_1.0.100.202210260954/tools/bin/../lib/gcc/arm-none-eabi/10.3.1/thumb/v7e-m+fp/hard\libgcc.a(_arm_truncdfsf2.o)
                0x0000000008000be8                __truncdfsf2
                0x0000000008000be8                __aeabi_d2f
 .text          0x0000000008000c88       0x30 c:/st/stm32cubeide_1.11.0/stm32cubeide/plugins/com.st.stm32cube.ide.mcu.externaltools.gnu-tools-for-stm32.10.3-2021.10.win32_1.0.100.202210260954/tools/bin/../lib/gcc/arm-none-eabi/10.3.1/thumb/v7e-m+fp/hard\libgcc.a(_aeabi_uldivmod.o)
                0x0000000008000c88                __aeabi_uldivmod
 .text          0x0000000008000cb8       0x30 c:/st/stm32cubeide_1.11.0/stm32cubeide/plugins/com.st.stm32cube.ide.mcu.externaltools.gnu-tools-for-stm32.10.3-2021.10.win32_1.0.100.202210260954/tools/bin/../lib/gcc/arm-none-eabi/10.3.1/thumb/v7e-m+fp/hard\libgcc.a(_fixdfdi.o)
                0x0000000008000cb8                __fixdfdi
                0x0000000008000cb8                __aeabi_d2lz
 .text          0x0000000008000ce8       0x3c c:/st/stm32cubeide_1.11.0/stm32cubeide/plugins/com.st.stm32cube.ide.mcu.externaltools.gnu-tools-for-stm32.10.3-2021.10.win32_1.0.100.202210260954/tools/bin/../lib/gcc/arm-none-eabi/10.3.1/thumb/v7e-m+fp/hard\libgcc.a(_fixunsdfdi.o)
                0x0000000008000ce8                __fixunsdfdi
                0x0000000008000ce8                __aeabi_d2ulz
 .text          0x0000000008000d24      0x2d0 c:/st/stm32cubeide_1.11.0/stm32cubeide/plugins/com.st.stm32cube.ide.mcu.externaltools.gnu-tools-for-stm32.10.3-2021.10.win32_1.0.100.202210260954/tools/bin/../lib/gcc/arm-none-eabi/10.3.1/thumb/v7e-m+fp/hard\libgcc.a(_udivmoddi4.o)
                0x0000000008000d24                __udivmoddi4
 .text          0x0000000008000ff4        0x4 c:/st/stm32cubeide_1.11.0/stm32cubeide/plugins/com.st.stm32cube.ide.mcu.externaltools.gnu-tools-for-stm32.10.3-2021.10.win32_1.0.100.202210260954/tools/bin/../lib/gcc/arm-none-eabi/10.3.1/thumb/v7e-m+fp/hard\libgcc.a(_dvmd_tls.o)
                0x0000000008000ff4                __aeabi_idiv0
                0x0000000008000ff4                __aeabi_ldiv0
 *(.text*)
 .text.HD44780_Init
                0x0000000008000ff8      0x108 ./Core/Src/liquidcrystal_i2c.o
                0x0000000008000ff8                HD44780_Init
 .text.HD44780_Clear
                0x0000000008001100       0x16 ./Core/Src/liquidcrystal_i2c.o
                0x0000000008001100                HD44780_Clear
 .text.HD44780_Home
                0x0000000008001116       0x16 ./Core/Src/liquidcrystal_i2c.o
                0x0000000008001116                HD44780_Home
 .text.HD44780_SetCursor
                0x000000000800112c       0x64 ./Core/Src/liquidcrystal_i2c.o
                0x000000000800112c                HD44780_SetCursor
 .text.HD44780_Display
                0x0000000008001190       0x2c ./Core/Src/liquidcrystal_i2c.o
                0x0000000008001190                HD44780_Display
 .text.HD44780_CreateSpecialChar
                0x00000000080011bc       0x52 ./Core/Src/liquidcrystal_i2c.o
                0x00000000080011bc                HD44780_CreateSpecialChar
 .text.HD44780_PrintStr
                0x000000000800120e       0x2a ./Core/Src/liquidcrystal_i2c.o
                0x000000000800120e                HD44780_PrintStr
 .text.SendCommand
                0x0000000008001238       0x1c ./Core/Src/liquidcrystal_i2c.o
 .text.SendChar
                0x0000000008001254       0x1c ./Core/Src/liquidcrystal_i2c.o
 .text.Send     0x0000000008001270       0x42 ./Core/Src/liquidcrystal_i2c.o
 .text.Write4Bits
                0x00000000080012b2       0x22 ./Core/Src/liquidcrystal_i2c.o
 .text.ExpanderWrite
                0x00000000080012d4       0x38 ./Core/Src/liquidcrystal_i2c.o
 .text.PulseEnable
                0x000000000800130c       0x3a ./Core/Src/liquidcrystal_i2c.o
 *fill*         0x0000000008001346        0x2 
 .text.DelayInit
                0x0000000008001348       0x54 ./Core/Src/liquidcrystal_i2c.o
 .text.DelayUS  0x000000000800139c       0x50 ./Core/Src/liquidcrystal_i2c.o
 .text.read_keypad
                0x00000000080013ec      0x1a8 ./Core/Src/main.o
                0x00000000080013ec                read_keypad
 .text.search_card_list_Global
                0x0000000008001594       0x7c ./Core/Src/main.o
                0x0000000008001594                search_card_list_Global
 .text.rc522_add_card
                0x0000000008001610      0x194 ./Core/Src/main.o
                0x0000000008001610                rc522_add_card
 .text.rc522_delete_card
                0x00000000080017a4       0xc4 ./Core/Src/main.o
                0x00000000080017a4                rc522_delete_card
 .text.debounce
                0x0000000008001868       0x44 ./Core/Src/main.o
                0x0000000008001868                debounce
 .text.rc522_check
                0x00000000080018ac       0x54 ./Core/Src/main.o
                0x00000000080018ac                rc522_check
 .text.setpin   0x0000000008001900      0x128 ./Core/Src/main.o
                0x0000000008001900                setpin
 .text.unlock_fn_setpin
                0x0000000008001a28       0xa0 ./Core/Src/main.o
                0x0000000008001a28                unlock_fn_setpin
 .text.keypad_check
                0x0000000008001ac8      0x194 ./Core/Src/main.o
                0x0000000008001ac8                keypad_check
 .text.bluetooth_check
                0x0000000008001c5c       0x3c ./Core/Src/main.o
                0x0000000008001c5c                bluetooth_check
 .text.unlock_fn_AddCard
                0x0000000008001c98       0xa0 ./Core/Src/main.o
                0x0000000008001c98                unlock_fn_AddCard
 .text.unlock_fn_DelCard
                0x0000000008001d38      0x190 ./Core/Src/main.o
                0x0000000008001d38                unlock_fn_DelCard
 .text.unlock_fn_Lock
                0x0000000008001ec8       0xac ./Core/Src/main.o
                0x0000000008001ec8                unlock_fn_Lock
 .text.lock_bee
                0x0000000008001f74       0x68 ./Core/Src/main.o
                0x0000000008001f74                lock_bee
 .text.unlock_bee
                0x0000000008001fdc       0x44 ./Core/Src/main.o
                0x0000000008001fdc                unlock_bee
 .text.lock_task
                0x0000000008002020      0x13c ./Core/Src/main.o
                0x0000000008002020                lock_task
 .text.unlock_task
                0x000000000800215c       0x78 ./Core/Src/main.o
                0x000000000800215c                unlock_task
 .text.main     0x00000000080021d4       0xe8 ./Core/Src/main.o
                0x00000000080021d4                main
 .text.SystemClock_Config
                0x00000000080022bc       0xd4 ./Core/Src/main.o
                0x00000000080022bc                SystemClock_Config
 .text.MX_ADC1_Init
                0x0000000008002390       0xc0 ./Core/Src/main.o
 .text.MX_I2C1_Init
                0x0000000008002450       0x5c ./Core/Src/main.o
 .text.MX_I2S3_Init
                0x00000000080024ac       0x5c ./Core/Src/main.o
 .text.MX_SPI1_Init
                0x0000000008002508       0x6c ./Core/Src/main.o
                0x0000000008002508                MX_SPI1_Init
 .text.MX_SPI2_Init
                0x0000000008002574       0x6c ./Core/Src/main.o
 .text.MX_TIM2_Init
                0x00000000080025e0       0xb0 ./Core/Src/main.o
 .text.MX_USART1_UART_Init
                0x0000000008002690       0x54 ./Core/Src/main.o
 .text.MX_USART2_UART_Init
                0x00000000080026e4       0x54 ./Core/Src/main.o
 .text.MX_USART3_UART_Init
                0x0000000008002738       0x54 ./Core/Src/main.o
 .text.MX_DMA_Init
                0x000000000800278c       0x6c ./Core/Src/main.o
 .text.MX_GPIO_Init
                0x00000000080027f8      0x1b4 ./Core/Src/main.o
 .text.HAL_GPIO_EXTI_Callback
                0x00000000080029ac       0xa0 ./Core/Src/main.o
                0x00000000080029ac                HAL_GPIO_EXTI_Callback
 .text.HAL_TIM_PeriodElapsedCallback
                0x0000000008002a4c       0x24 ./Core/Src/main.o
                0x0000000008002a4c                HAL_TIM_PeriodElapsedCallback
 .text.Error_Handler
                0x0000000008002a70        0xa ./Core/Src/main.o
                0x0000000008002a70                Error_Handler
 *fill*         0x0000000008002a7a        0x2 
 .text.RC522_SPI_Transfer
                0x0000000008002a7c       0x2c ./Core/Src/rc522.o
                0x0000000008002a7c                RC522_SPI_Transfer
 .text.Write_MFRC522
                0x0000000008002aa8       0x50 ./Core/Src/rc522.o
                0x0000000008002aa8                Write_MFRC522
 .text.Read_MFRC522
                0x0000000008002af8       0x54 ./Core/Src/rc522.o
                0x0000000008002af8                Read_MFRC522
 .text.SetBitMask
                0x0000000008002b4c       0x36 ./Core/Src/rc522.o
                0x0000000008002b4c                SetBitMask
 .text.ClearBitMask
                0x0000000008002b82       0x40 ./Core/Src/rc522.o
                0x0000000008002b82                ClearBitMask
 .text.AntennaOn
                0x0000000008002bc2       0x16 ./Core/Src/rc522.o
                0x0000000008002bc2                AntennaOn
 .text.MFRC522_Reset
                0x0000000008002bd8       0x10 ./Core/Src/rc522.o
                0x0000000008002bd8                MFRC522_Reset
 .text.MFRC522_Init
                0x0000000008002be8       0x60 ./Core/Src/rc522.o
                0x0000000008002be8                MFRC522_Init
 .text.MFRC522_ToCard
                0x0000000008002c48      0x192 ./Core/Src/rc522.o
                0x0000000008002c48                MFRC522_ToCard
 .text.MFRC522_Request
                0x0000000008002dda       0x4a ./Core/Src/rc522.o
                0x0000000008002dda                MFRC522_Request
 .text.MFRC522_Anticoll
                0x0000000008002e24       0x7a ./Core/Src/rc522.o
                0x0000000008002e24                MFRC522_Anticoll
 *fill*         0x0000000008002e9e        0x2 
 .text.HAL_MspInit
                0x0000000008002ea0       0x50 ./Core/Src/stm32f4xx_hal_msp.o
                0x0000000008002ea0                HAL_MspInit
 .text.HAL_ADC_MspInit
                0x0000000008002ef0       0xf0 ./Core/Src/stm32f4xx_hal_msp.o
                0x0000000008002ef0                HAL_ADC_MspInit
 .text.HAL_I2C_MspInit
                0x0000000008002fe0       0x90 ./Core/Src/stm32f4xx_hal_msp.o
                0x0000000008002fe0                HAL_I2C_MspInit
 .text.HAL_I2S_MspInit
                0x0000000008003070      0x17c ./Core/Src/stm32f4xx_hal_msp.o
                0x0000000008003070                HAL_I2S_MspInit
 .text.HAL_SPI_MspInit
                0x00000000080031ec       0xfc ./Core/Src/stm32f4xx_hal_msp.o
                0x00000000080031ec                HAL_SPI_MspInit
 .text.HAL_TIM_PWM_MspInit
                0x00000000080032e8       0x40 ./Core/Src/stm32f4xx_hal_msp.o
                0x00000000080032e8                HAL_TIM_PWM_MspInit
 .text.HAL_TIM_MspPostInit
                0x0000000008003328       0x70 ./Core/Src/stm32f4xx_hal_msp.o
                0x0000000008003328                HAL_TIM_MspPostInit
 .text.HAL_UART_MspInit
                0x0000000008003398      0x1c8 ./Core/Src/stm32f4xx_hal_msp.o
                0x0000000008003398                HAL_UART_MspInit
 .text.HAL_InitTick
                0x0000000008003560       0xf8 ./Core/Src/stm32f4xx_hal_timebase_tim.o
                0x0000000008003560                HAL_InitTick
 .text.NMI_Handler
                0x0000000008003658        0x6 ./Core/Src/stm32f4xx_it.o
                0x0000000008003658                NMI_Handler
 .text.HardFault_Handler
                0x000000000800365e        0x6 ./Core/Src/stm32f4xx_it.o
                0x000000000800365e                HardFault_Handler
 .text.MemManage_Handler
                0x0000000008003664        0x6 ./Core/Src/stm32f4xx_it.o
                0x0000000008003664                MemManage_Handler
 .text.BusFault_Handler
                0x000000000800366a        0x6 ./Core/Src/stm32f4xx_it.o
                0x000000000800366a                BusFault_Handler
 .text.UsageFault_Handler
                0x0000000008003670        0x6 ./Core/Src/stm32f4xx_it.o
                0x0000000008003670                UsageFault_Handler
 .text.DebugMon_Handler
                0x0000000008003676        0xe ./Core/Src/stm32f4xx_it.o
                0x0000000008003676                DebugMon_Handler
 .text.EXTI0_IRQHandler
                0x0000000008003684        0xe ./Core/Src/stm32f4xx_it.o
                0x0000000008003684                EXTI0_IRQHandler
 *fill*         0x0000000008003692        0x2 
 .text.DMA1_Stream5_IRQHandler
                0x0000000008003694       0x14 ./Core/Src/stm32f4xx_it.o
                0x0000000008003694                DMA1_Stream5_IRQHandler
 .text.USART2_IRQHandler
                0x00000000080036a8       0x14 ./Core/Src/stm32f4xx_it.o
                0x00000000080036a8                USART2_IRQHandler
 .text.USART3_IRQHandler
                0x00000000080036bc       0x14 ./Core/Src/stm32f4xx_it.o
                0x00000000080036bc                USART3_IRQHandler
 .text.TIM7_IRQHandler
                0x00000000080036d0       0x14 ./Core/Src/stm32f4xx_it.o
                0x00000000080036d0                TIM7_IRQHandler
 .text.DMA2_Stream0_IRQHandler
                0x00000000080036e4       0x14 ./Core/Src/stm32f4xx_it.o
                0x00000000080036e4                DMA2_Stream0_IRQHandler
 .text._getpid  0x00000000080036f8       0x10 ./Core/Src/syscalls.o
                0x00000000080036f8                _getpid
 .text._kill    0x0000000008003708       0x20 ./Core/Src/syscalls.o
                0x0000000008003708                _kill
 .text._exit    0x0000000008003728       0x14 ./Core/Src/syscalls.o
                0x0000000008003728                _exit
 .text._read    0x000000000800373c       0x3a ./Core/Src/syscalls.o
                0x000000000800373c                _read
 .text._write   0x0000000008003776       0x38 ./Core/Src/syscalls.o
                0x0000000008003776                _write
 .text._close   0x00000000080037ae       0x18 ./Core/Src/syscalls.o
                0x00000000080037ae                _close
 .text._fstat   0x00000000080037c6       0x20 ./Core/Src/syscalls.o
                0x00000000080037c6                _fstat
 .text._isatty  0x00000000080037e6       0x16 ./Core/Src/syscalls.o
                0x00000000080037e6                _isatty
 .text._lseek   0x00000000080037fc       0x1a ./Core/Src/syscalls.o
                0x00000000080037fc                _lseek
 *fill*         0x0000000008003816        0x2 
 .text._sbrk    0x0000000008003818       0x6c ./Core/Src/sysmem.o
                0x0000000008003818                _sbrk
 .text.SystemInit
                0x0000000008003884       0x24 ./Core/Src/system_stm32f4xx.o
                0x0000000008003884                SystemInit
 .text.Reset_Handler
                0x00000000080038a8       0x50 ./Core/Startup/startup_stm32f407vgtx.o
                0x00000000080038a8                Reset_Handler
 .text.Default_Handler
                0x00000000080038f8        0x2 ./Core/Startup/startup_stm32f407vgtx.o
                0x00000000080038f8                RTC_Alarm_IRQHandler
                0x00000000080038f8                HASH_RNG_IRQHandler
                0x00000000080038f8                EXTI2_IRQHandler
                0x00000000080038f8                TIM8_CC_IRQHandler
                0x00000000080038f8                TIM1_CC_IRQHandler
                0x00000000080038f8                DMA2_Stream5_IRQHandler
                0x00000000080038f8                PVD_IRQHandler
                0x00000000080038f8                SDIO_IRQHandler
                0x00000000080038f8                TAMP_STAMP_IRQHandler
                0x00000000080038f8                CAN2_RX1_IRQHandler
                0x00000000080038f8                EXTI3_IRQHandler
                0x00000000080038f8                TIM8_TRG_COM_TIM14_IRQHandler
                0x00000000080038f8                TIM1_UP_TIM10_IRQHandler
                0x00000000080038f8                TIM8_UP_TIM13_IRQHandler
                0x00000000080038f8                I2C3_ER_IRQHandler
                0x00000000080038f8                I2C2_EV_IRQHandler
                0x00000000080038f8                DMA1_Stream2_IRQHandler
                0x00000000080038f8                CAN1_RX0_IRQHandler
                0x00000000080038f8                FPU_IRQHandler
                0x00000000080038f8                OTG_HS_WKUP_IRQHandler
                0x00000000080038f8                CAN2_SCE_IRQHandler
                0x00000000080038f8                DMA2_Stream2_IRQHandler
                0x00000000080038f8                SPI1_IRQHandler
                0x00000000080038f8                TIM6_DAC_IRQHandler
                0x00000000080038f8                TIM1_BRK_TIM9_IRQHandler
                0x00000000080038f8                DCMI_IRQHandler
                0x00000000080038f8                CAN2_RX0_IRQHandler
                0x00000000080038f8                DMA2_Stream3_IRQHandler
                0x00000000080038f8                USART6_IRQHandler
                0x00000000080038f8                CAN1_RX1_IRQHandler
                0x00000000080038f8                UART5_IRQHandler
                0x00000000080038f8                TIM4_IRQHandler
                0x00000000080038f8                I2C1_EV_IRQHandler
                0x00000000080038f8                DMA1_Stream6_IRQHandler
                0x00000000080038f8                DMA1_Stream1_IRQHandler
                0x00000000080038f8                UART4_IRQHandler
                0x00000000080038f8                TIM3_IRQHandler
                0x00000000080038f8                RCC_IRQHandler
                0x00000000080038f8                TIM8_BRK_TIM12_IRQHandler
                0x00000000080038f8                Default_Handler
                0x00000000080038f8                EXTI15_10_IRQHandler
                0x00000000080038f8                ADC_IRQHandler
                0x00000000080038f8                DMA1_Stream7_IRQHandler
                0x00000000080038f8                CAN2_TX_IRQHandler
                0x00000000080038f8                TIM5_IRQHandler
                0x00000000080038f8                DMA2_Stream7_IRQHandler
                0x00000000080038f8                I2C3_EV_IRQHandler
                0x00000000080038f8                EXTI9_5_IRQHandler
                0x00000000080038f8                RTC_WKUP_IRQHandler
                0x00000000080038f8                ETH_WKUP_IRQHandler
                0x00000000080038f8                SPI2_IRQHandler
                0x00000000080038f8                OTG_HS_EP1_IN_IRQHandler
                0x00000000080038f8                DMA1_Stream0_IRQHandler
                0x00000000080038f8                CAN1_TX_IRQHandler
                0x00000000080038f8                EXTI4_IRQHandler
                0x00000000080038f8                FSMC_IRQHandler
                0x00000000080038f8                ETH_IRQHandler
                0x00000000080038f8                OTG_HS_EP1_OUT_IRQHandler
                0x00000000080038f8                WWDG_IRQHandler
                0x00000000080038f8                TIM2_IRQHandler
                0x00000000080038f8                OTG_FS_WKUP_IRQHandler
                0x00000000080038f8                TIM1_TRG_COM_TIM11_IRQHandler
                0x00000000080038f8                OTG_HS_IRQHandler
                0x00000000080038f8                EXTI1_IRQHandler
                0x00000000080038f8                I2C2_ER_IRQHandler
                0x00000000080038f8                DMA2_Stream1_IRQHandler
                0x00000000080038f8                CAN1_SCE_IRQHandler
                0x00000000080038f8                FLASH_IRQHandler
                0x00000000080038f8                DMA2_Stream4_IRQHandler
                0x00000000080038f8                USART1_IRQHandler
                0x00000000080038f8                OTG_FS_IRQHandler
                0x00000000080038f8                SPI3_IRQHandler
                0x00000000080038f8                DMA1_Stream4_IRQHandler
                0x00000000080038f8                I2C1_ER_IRQHandler
                0x00000000080038f8                DMA2_Stream6_IRQHandler
                0x00000000080038f8                DMA1_Stream3_IRQHandler
 *fill*         0x00000000080038fa        0x2 
 .text.HAL_Init
                0x00000000080038fc       0x44 ./Drivers/STM32F4xx_HAL_Driver/Src/stm32f4xx_hal.o
                0x00000000080038fc                HAL_Init
 .text.HAL_IncTick
                0x0000000008003940       0x28 ./Drivers/STM32F4xx_HAL_Driver/Src/stm32f4xx_hal.o
                0x0000000008003940                HAL_IncTick
 .text.HAL_GetTick
                0x0000000008003968       0x18 ./Drivers/STM32F4xx_HAL_Driver/Src/stm32f4xx_hal.o
                0x0000000008003968                HAL_GetTick
 .text.HAL_Delay
                0x0000000008003980       0x48 ./Drivers/STM32F4xx_HAL_Driver/Src/stm32f4xx_hal.o
                0x0000000008003980                HAL_Delay
 .text.HAL_ADC_Init
                0x00000000080039c8       0x86 ./Drivers/STM32F4xx_HAL_Driver/Src/stm32f4xx_hal_adc.o
                0x00000000080039c8                HAL_ADC_Init
 *fill*         0x0000000008003a4e        0x2 
 .text.HAL_ADC_ConfigChannel
                0x0000000008003a50      0x244 ./Drivers/STM32F4xx_HAL_Driver/Src/stm32f4xx_hal_adc.o
                0x0000000008003a50                HAL_ADC_ConfigChannel
 .text.ADC_Init
                0x0000000008003c94      0x1f8 ./Drivers/STM32F4xx_HAL_Driver/Src/stm32f4xx_hal_adc.o
 .text.__NVIC_SetPriorityGrouping
                0x0000000008003e8c       0x48 ./Drivers/STM32F4xx_HAL_Driver/Src/stm32f4xx_hal_cortex.o
 .text.__NVIC_GetPriorityGrouping
                0x0000000008003ed4       0x1c ./Drivers/STM32F4xx_HAL_Driver/Src/stm32f4xx_hal_cortex.o
 .text.__NVIC_EnableIRQ
                0x0000000008003ef0       0x3c ./Drivers/STM32F4xx_HAL_Driver/Src/stm32f4xx_hal_cortex.o
 .text.__NVIC_SetPriority
                0x0000000008003f2c       0x54 ./Drivers/STM32F4xx_HAL_Driver/Src/stm32f4xx_hal_cortex.o
 .text.NVIC_EncodePriority
                0x0000000008003f80       0x66 ./Drivers/STM32F4xx_HAL_Driver/Src/stm32f4xx_hal_cortex.o
 .text.HAL_NVIC_SetPriorityGrouping
                0x0000000008003fe6       0x16 ./Drivers/STM32F4xx_HAL_Driver/Src/stm32f4xx_hal_cortex.o
                0x0000000008003fe6                HAL_NVIC_SetPriorityGrouping
 .text.HAL_NVIC_SetPriority
                0x0000000008003ffc       0x38 ./Drivers/STM32F4xx_HAL_Driver/Src/stm32f4xx_hal_cortex.o
                0x0000000008003ffc                HAL_NVIC_SetPriority
 .text.HAL_NVIC_EnableIRQ
                0x0000000008004034       0x1c ./Drivers/STM32F4xx_HAL_Driver/Src/stm32f4xx_hal_cortex.o
                0x0000000008004034                HAL_NVIC_EnableIRQ
 .text.HAL_DMA_Init
                0x0000000008004050      0x15c ./Drivers/STM32F4xx_HAL_Driver/Src/stm32f4xx_hal_dma.o
                0x0000000008004050                HAL_DMA_Init
 .text.HAL_DMA_Abort
                0x00000000080041ac       0xe0 ./Drivers/STM32F4xx_HAL_Driver/Src/stm32f4xx_hal_dma.o
                0x00000000080041ac                HAL_DMA_Abort
 .text.HAL_DMA_Abort_IT
                0x000000000800428c       0x44 ./Drivers/STM32F4xx_HAL_Driver/Src/stm32f4xx_hal_dma.o
                0x000000000800428c                HAL_DMA_Abort_IT
 .text.HAL_DMA_IRQHandler
                0x00000000080042d0      0x314 ./Drivers/STM32F4xx_HAL_Driver/Src/stm32f4xx_hal_dma.o
                0x00000000080042d0                HAL_DMA_IRQHandler
 .text.DMA_CalcBaseAndBitshift
                0x00000000080045e4       0x6c ./Drivers/STM32F4xx_HAL_Driver/Src/stm32f4xx_hal_dma.o
 .text.DMA_CheckFifoParam
                0x0000000008004650       0xf8 ./Drivers/STM32F4xx_HAL_Driver/Src/stm32f4xx_hal_dma.o
 .text.HAL_GPIO_Init
                0x0000000008004748      0x338 ./Drivers/STM32F4xx_HAL_Driver/Src/stm32f4xx_hal_gpio.o
                0x0000000008004748                HAL_GPIO_Init
 .text.HAL_GPIO_ReadPin
                0x0000000008004a80       0x30 ./Drivers/STM32F4xx_HAL_Driver/Src/stm32f4xx_hal_gpio.o
                0x0000000008004a80                HAL_GPIO_ReadPin
 .text.HAL_GPIO_WritePin
                0x0000000008004ab0       0x32 ./Drivers/STM32F4xx_HAL_Driver/Src/stm32f4xx_hal_gpio.o
                0x0000000008004ab0                HAL_GPIO_WritePin
 .text.HAL_GPIO_TogglePin
                0x0000000008004ae2       0x34 ./Drivers/STM32F4xx_HAL_Driver/Src/stm32f4xx_hal_gpio.o
                0x0000000008004ae2                HAL_GPIO_TogglePin
 *fill*         0x0000000008004b16        0x2 
 .text.HAL_GPIO_EXTI_IRQHandler
                0x0000000008004b18       0x30 ./Drivers/STM32F4xx_HAL_Driver/Src/stm32f4xx_hal_gpio.o
                0x0000000008004b18                HAL_GPIO_EXTI_IRQHandler
 .text.HAL_I2C_Init
                0x0000000008004b48      0x288 ./Drivers/STM32F4xx_HAL_Driver/Src/stm32f4xx_hal_i2c.o
                0x0000000008004b48                HAL_I2C_Init
 .text.HAL_I2C_Master_Transmit
                0x0000000008004dd0      0x1fc ./Drivers/STM32F4xx_HAL_Driver/Src/stm32f4xx_hal_i2c.o
                0x0000000008004dd0                HAL_I2C_Master_Transmit
 .text.I2C_MasterRequestWrite
                0x0000000008004fcc      0x104 ./Drivers/STM32F4xx_HAL_Driver/Src/stm32f4xx_hal_i2c.o
 .text.I2C_WaitOnFlagUntilTimeout
                0x00000000080050d0       0xae ./Drivers/STM32F4xx_HAL_Driver/Src/stm32f4xx_hal_i2c.o
 .text.I2C_WaitOnMasterAddressFlagUntilTimeout
                0x000000000800517e       0xfe ./Drivers/STM32F4xx_HAL_Driver/Src/stm32f4xx_hal_i2c.o
 .text.I2C_WaitOnTXEFlagUntilTimeout
                0x000000000800527c       0x82 ./Drivers/STM32F4xx_HAL_Driver/Src/stm32f4xx_hal_i2c.o
 .text.I2C_WaitOnBTFFlagUntilTimeout
                0x00000000080052fe       0x82 ./Drivers/STM32F4xx_HAL_Driver/Src/stm32f4xx_hal_i2c.o
 .text.I2C_IsAcknowledgeFailed
                0x0000000008005380       0x5e ./Drivers/STM32F4xx_HAL_Driver/Src/stm32f4xx_hal_i2c.o
 *fill*         0x00000000080053de        0x2 
 .text.HAL_I2S_Init
                0x00000000080053e0      0x280 ./Drivers/STM32F4xx_HAL_Driver/Src/stm32f4xx_hal_i2s.o
                0x00000000080053e0                HAL_I2S_Init
 .text.HAL_I2S_TxCpltCallback
                0x0000000008005660       0x14 ./Drivers/STM32F4xx_HAL_Driver/Src/stm32f4xx_hal_i2s.o
                0x0000000008005660                HAL_I2S_TxCpltCallback
 .text.HAL_I2S_RxCpltCallback
                0x0000000008005674       0x14 ./Drivers/STM32F4xx_HAL_Driver/Src/stm32f4xx_hal_i2s.o
                0x0000000008005674                HAL_I2S_RxCpltCallback
 .text.HAL_I2S_ErrorCallback
                0x0000000008005688       0x14 ./Drivers/STM32F4xx_HAL_Driver/Src/stm32f4xx_hal_i2s.o
                0x0000000008005688                HAL_I2S_ErrorCallback
 .text.I2S_Transmit_IT
                0x000000000800569c       0x5c ./Drivers/STM32F4xx_HAL_Driver/Src/stm32f4xx_hal_i2s.o
 .text.I2S_Receive_IT
                0x00000000080056f8       0x5e ./Drivers/STM32F4xx_HAL_Driver/Src/stm32f4xx_hal_i2s.o
 .text.I2S_IRQHandler
                0x0000000008005756      0x114 ./Drivers/STM32F4xx_HAL_Driver/Src/stm32f4xx_hal_i2s.o
 *fill*         0x000000000800586a        0x2 
 .text.HAL_I2SEx_FullDuplex_IRQHandler
                0x000000000800586c      0x2a8 ./Drivers/STM32F4xx_HAL_Driver/Src/stm32f4xx_hal_i2s_ex.o
                0x000000000800586c                HAL_I2SEx_FullDuplex_IRQHandler
 .text.HAL_I2SEx_TxRxCpltCallback
                0x0000000008005b14       0x14 ./Drivers/STM32F4xx_HAL_Driver/Src/stm32f4xx_hal_i2s_ex.o
                0x0000000008005b14                HAL_I2SEx_TxRxCpltCallback
 .text.I2SEx_TxISR_I2S
                0x0000000008005b28       0x62 ./Drivers/STM32F4xx_HAL_Driver/Src/stm32f4xx_hal_i2s_ex.o
 *fill*         0x0000000008005b8a        0x2 
 .text.I2SEx_TxISR_I2SExt
                0x0000000008005b8c       0x98 ./Drivers/STM32F4xx_HAL_Driver/Src/stm32f4xx_hal_i2s_ex.o
 .text.I2SEx_RxISR_I2S
                0x0000000008005c24       0x64 ./Drivers/STM32F4xx_HAL_Driver/Src/stm32f4xx_hal_i2s_ex.o
 .text.I2SEx_RxISR_I2SExt
                0x0000000008005c88       0x98 ./Drivers/STM32F4xx_HAL_Driver/Src/stm32f4xx_hal_i2s_ex.o
 .text.HAL_RCC_OscConfig
                0x0000000008005d20      0x4f0 ./Drivers/STM32F4xx_HAL_Driver/Src/stm32f4xx_hal_rcc.o
                0x0000000008005d20                HAL_RCC_OscConfig
 .text.HAL_RCC_ClockConfig
                0x0000000008006210      0x1cc ./Drivers/STM32F4xx_HAL_Driver/Src/stm32f4xx_hal_rcc.o
                0x0000000008006210                HAL_RCC_ClockConfig
 .text.HAL_RCC_GetSysClockFreq
                0x00000000080063dc      0x20c ./Drivers/STM32F4xx_HAL_Driver/Src/stm32f4xx_hal_rcc.o
                0x00000000080063dc                HAL_RCC_GetSysClockFreq
 .text.HAL_RCC_GetHCLKFreq
                0x00000000080065e8       0x18 ./Drivers/STM32F4xx_HAL_Driver/Src/stm32f4xx_hal_rcc.o
                0x00000000080065e8                HAL_RCC_GetHCLKFreq
 .text.HAL_RCC_GetPCLK1Freq
                0x0000000008006600       0x28 ./Drivers/STM32F4xx_HAL_Driver/Src/stm32f4xx_hal_rcc.o
                0x0000000008006600                HAL_RCC_GetPCLK1Freq
 .text.HAL_RCC_GetPCLK2Freq
                0x0000000008006628       0x28 ./Drivers/STM32F4xx_HAL_Driver/Src/stm32f4xx_hal_rcc.o
                0x0000000008006628                HAL_RCC_GetPCLK2Freq
 .text.HAL_RCC_GetClockConfig
                0x0000000008006650       0x64 ./Drivers/STM32F4xx_HAL_Driver/Src/stm32f4xx_hal_rcc.o
                0x0000000008006650                HAL_RCC_GetClockConfig
 .text.HAL_RCCEx_PeriphCLKConfig
                0x00000000080066b4      0x1c4 ./Drivers/STM32F4xx_HAL_Driver/Src/stm32f4xx_hal_rcc_ex.o
                0x00000000080066b4                HAL_RCCEx_PeriphCLKConfig
 .text.HAL_RCCEx_GetPeriphCLKFreq
                0x0000000008006878       0xbc ./Drivers/STM32F4xx_HAL_Driver/Src/stm32f4xx_hal_rcc_ex.o
                0x0000000008006878                HAL_RCCEx_GetPeriphCLKFreq
 .text.HAL_SPI_Init
                0x0000000008006934      0x112 ./Drivers/STM32F4xx_HAL_Driver/Src/stm32f4xx_hal_spi.o
                0x0000000008006934                HAL_SPI_Init
 .text.HAL_SPI_Transmit
                0x0000000008006a46      0x278 ./Drivers/STM32F4xx_HAL_Driver/Src/stm32f4xx_hal_spi.o
                0x0000000008006a46                HAL_SPI_Transmit
 .text.HAL_SPI_Receive
                0x0000000008006cbe      0x222 ./Drivers/STM32F4xx_HAL_Driver/Src/stm32f4xx_hal_spi.o
                0x0000000008006cbe                HAL_SPI_Receive
 .text.HAL_SPI_TransmitReceive
                0x0000000008006ee0      0x344 ./Drivers/STM32F4xx_HAL_Driver/Src/stm32f4xx_hal_spi.o
                0x0000000008006ee0                HAL_SPI_TransmitReceive
 .text.SPI_WaitFlagStateUntilTimeout
                0x0000000008007224      0x110 ./Drivers/STM32F4xx_HAL_Driver/Src/stm32f4xx_hal_spi.o
 .text.SPI_EndRxTransaction
                0x0000000008007334       0xca ./Drivers/STM32F4xx_HAL_Driver/Src/stm32f4xx_hal_spi.o
 *fill*         0x00000000080073fe        0x2 
 .text.SPI_EndRxTxTransaction
                0x0000000008007400       0x84 ./Drivers/STM32F4xx_HAL_Driver/Src/stm32f4xx_hal_spi.o
 .text.HAL_TIM_Base_Init
                0x0000000008007484       0x9e ./Drivers/STM32F4xx_HAL_Driver/Src/stm32f4xx_hal_tim.o
                0x0000000008007484                HAL_TIM_Base_Init
 .text.HAL_TIM_Base_MspInit
                0x0000000008007522       0x14 ./Drivers/STM32F4xx_HAL_Driver/Src/stm32f4xx_hal_tim.o
                0x0000000008007522                HAL_TIM_Base_MspInit
 *fill*         0x0000000008007536        0x2 
 .text.HAL_TIM_Base_Start_IT
                0x0000000008007538       0xe0 ./Drivers/STM32F4xx_HAL_Driver/Src/stm32f4xx_hal_tim.o
                0x0000000008007538                HAL_TIM_Base_Start_IT
 .text.HAL_TIM_PWM_Init
                0x0000000008007618       0x9e ./Drivers/STM32F4xx_HAL_Driver/Src/stm32f4xx_hal_tim.o
                0x0000000008007618                HAL_TIM_PWM_Init
 .text.HAL_TIM_IRQHandler
                0x00000000080076b6      0x210 ./Drivers/STM32F4xx_HAL_Driver/Src/stm32f4xx_hal_tim.o
                0x00000000080076b6                HAL_TIM_IRQHandler
 *fill*         0x00000000080078c6        0x2 
 .text.HAL_TIM_PWM_ConfigChannel
                0x00000000080078c8      0x184 ./Drivers/STM32F4xx_HAL_Driver/Src/stm32f4xx_hal_tim.o
                0x00000000080078c8                HAL_TIM_PWM_ConfigChannel
 .text.HAL_TIM_OC_DelayElapsedCallback
                0x0000000008007a4c       0x14 ./Drivers/STM32F4xx_HAL_Driver/Src/stm32f4xx_hal_tim.o
                0x0000000008007a4c                HAL_TIM_OC_DelayElapsedCallback
 .text.HAL_TIM_IC_CaptureCallback
                0x0000000008007a60       0x14 ./Drivers/STM32F4xx_HAL_Driver/Src/stm32f4xx_hal_tim.o
                0x0000000008007a60                HAL_TIM_IC_CaptureCallback
 .text.HAL_TIM_PWM_PulseFinishedCallback
                0x0000000008007a74       0x14 ./Drivers/STM32F4xx_HAL_Driver/Src/stm32f4xx_hal_tim.o
                0x0000000008007a74                HAL_TIM_PWM_PulseFinishedCallback
 .text.HAL_TIM_TriggerCallback
                0x0000000008007a88       0x14 ./Drivers/STM32F4xx_HAL_Driver/Src/stm32f4xx_hal_tim.o
                0x0000000008007a88                HAL_TIM_TriggerCallback
 .text.TIM_Base_SetConfig
                0x0000000008007a9c      0x140 ./Drivers/STM32F4xx_HAL_Driver/Src/stm32f4xx_hal_tim.o
                0x0000000008007a9c                TIM_Base_SetConfig
 .text.TIM_OC1_SetConfig
                0x0000000008007bdc       0xe0 ./Drivers/STM32F4xx_HAL_Driver/Src/stm32f4xx_hal_tim.o
 .text.TIM_OC2_SetConfig
                0x0000000008007cbc       0xec ./Drivers/STM32F4xx_HAL_Driver/Src/stm32f4xx_hal_tim.o
                0x0000000008007cbc                TIM_OC2_SetConfig
 .text.TIM_OC3_SetConfig
                0x0000000008007da8       0xe8 ./Drivers/STM32F4xx_HAL_Driver/Src/stm32f4xx_hal_tim.o
 .text.TIM_OC4_SetConfig
                0x0000000008007e90       0xac ./Drivers/STM32F4xx_HAL_Driver/Src/stm32f4xx_hal_tim.o
 .text.HAL_TIMEx_MasterConfigSynchronization
                0x0000000008007f3c       0xf8 ./Drivers/STM32F4xx_HAL_Driver/Src/stm32f4xx_hal_tim_ex.o
                0x0000000008007f3c                HAL_TIMEx_MasterConfigSynchronization
 .text.HAL_TIMEx_CommutCallback
                0x0000000008008034       0x14 ./Drivers/STM32F4xx_HAL_Driver/Src/stm32f4xx_hal_tim_ex.o
                0x0000000008008034                HAL_TIMEx_CommutCallback
 .text.HAL_TIMEx_BreakCallback
                0x0000000008008048       0x14 ./Drivers/STM32F4xx_HAL_Driver/Src/stm32f4xx_hal_tim_ex.o
                0x0000000008008048                HAL_TIMEx_BreakCallback
 .text.HAL_UART_Init
                0x000000000800805c       0x9a ./Drivers/STM32F4xx_HAL_Driver/Src/stm32f4xx_hal_uart.o
                0x000000000800805c                HAL_UART_Init
 .text.HAL_UART_Transmit
                0x00000000080080f6      0x124 ./Drivers/STM32F4xx_HAL_Driver/Src/stm32f4xx_hal_uart.o
                0x00000000080080f6                HAL_UART_Transmit
 .text.HAL_UART_Receive
                0x000000000800821a      0x144 ./Drivers/STM32F4xx_HAL_Driver/Src/stm32f4xx_hal_uart.o
                0x000000000800821a                HAL_UART_Receive
 *fill*         0x000000000800835e        0x2 
 .text.HAL_UART_IRQHandler
                0x0000000008008360      0x51c ./Drivers/STM32F4xx_HAL_Driver/Src/stm32f4xx_hal_uart.o
                0x0000000008008360                HAL_UART_IRQHandler
 .text.HAL_UART_TxCpltCallback
                0x000000000800887c       0x14 ./Drivers/STM32F4xx_HAL_Driver/Src/stm32f4xx_hal_uart.o
                0x000000000800887c                HAL_UART_TxCpltCallback
 .text.HAL_UART_RxCpltCallback
                0x0000000008008890       0x14 ./Drivers/STM32F4xx_HAL_Driver/Src/stm32f4xx_hal_uart.o
                0x0000000008008890                HAL_UART_RxCpltCallback
 .text.HAL_UART_ErrorCallback
                0x00000000080088a4       0x14 ./Drivers/STM32F4xx_HAL_Driver/Src/stm32f4xx_hal_uart.o
                0x00000000080088a4                HAL_UART_ErrorCallback
 .text.HAL_UARTEx_RxEventCallback
                0x00000000080088b8       0x18 ./Drivers/STM32F4xx_HAL_Driver/Src/stm32f4xx_hal_uart.o
                0x00000000080088b8                HAL_UARTEx_RxEventCallback
 .text.UART_WaitOnFlagUntilTimeout
                0x00000000080088d0       0xdc ./Drivers/STM32F4xx_HAL_Driver/Src/stm32f4xx_hal_uart.o
 .text.UART_EndRxTransfer
                0x00000000080089ac       0xc6 ./Drivers/STM32F4xx_HAL_Driver/Src/stm32f4xx_hal_uart.o
 .text.UART_DMAAbortOnError
                0x0000000008008a72       0x28 ./Drivers/STM32F4xx_HAL_Driver/Src/stm32f4xx_hal_uart.o
 .text.UART_Transmit_IT
                0x0000000008008a9a       0xa0 ./Drivers/STM32F4xx_HAL_Driver/Src/stm32f4xx_hal_uart.o
 .text.UART_EndTransmit_IT
                0x0000000008008b3a       0x30 ./Drivers/STM32F4xx_HAL_Driver/Src/stm32f4xx_hal_uart.o
 .text.UART_Receive_IT
                0x0000000008008b6a      0x176 ./Drivers/STM32F4xx_HAL_Driver/Src/stm32f4xx_hal_uart.o
 .text.UART_SetConfig
                0x0000000008008ce0      0x4e8 ./Drivers/STM32F4xx_HAL_Driver/Src/stm32f4xx_hal_uart.o
 .text.vListInitialise
                0x00000000080091c8       0x40 ./FreeRTOS/list.o
                0x00000000080091c8                vListInitialise
 .text.vListInitialiseItem
                0x0000000008009208       0x1a ./FreeRTOS/list.o
                0x0000000008009208                vListInitialiseItem
 .text.vListInsertEnd
                0x0000000008009222       0x48 ./FreeRTOS/list.o
                0x0000000008009222                vListInsertEnd
 .text.vListInsert
                0x000000000800926a       0x72 ./FreeRTOS/list.o
                0x000000000800926a                vListInsert
 .text.uxListRemove
                0x00000000080092dc       0x54 ./FreeRTOS/list.o
                0x00000000080092dc                uxListRemove
 .text.xQueueGenericReset
                0x0000000008009330       0xd0 ./FreeRTOS/queue.o
                0x0000000008009330                xQueueGenericReset
 .text.xQueueGenericCreate
                0x0000000008009400       0x78 ./FreeRTOS/queue.o
                0x0000000008009400                xQueueGenericCreate
 .text.prvInitialiseNewQueue
                0x0000000008009478       0x46 ./FreeRTOS/queue.o
 *fill*         0x00000000080094be        0x2 
 .text.xQueueGenericSend
                0x00000000080094c0      0x1fc ./FreeRTOS/queue.o
                0x00000000080094c0                xQueueGenericSend
 .text.xQueueGenericSendFromISR
                0x00000000080096bc      0x130 ./FreeRTOS/queue.o
                0x00000000080096bc                xQueueGenericSendFromISR
 .text.xQueueGiveFromISR
                0x00000000080097ec      0x11a ./FreeRTOS/queue.o
                0x00000000080097ec                xQueueGiveFromISR
 *fill*         0x0000000008009906        0x2 
 .text.xQueueReceive
                0x0000000008009908      0x1c0 ./FreeRTOS/queue.o
                0x0000000008009908                xQueueReceive
 .text.prvCopyDataToQueue
                0x0000000008009ac8       0xd4 ./FreeRTOS/queue.o
 .text.prvCopyDataFromQueue
                0x0000000008009b9c       0x4c ./FreeRTOS/queue.o
 .text.prvUnlockQueue
                0x0000000008009be8       0xa4 ./FreeRTOS/queue.o
 .text.prvIsQueueEmpty
                0x0000000008009c8c       0x2c ./FreeRTOS/queue.o
 .text.prvIsQueueFull
                0x0000000008009cb8       0x30 ./FreeRTOS/queue.o
 .text.vQueueAddToRegistry
                0x0000000008009ce8       0x54 ./FreeRTOS/queue.o
                0x0000000008009ce8                vQueueAddToRegistry
 .text.vQueueWaitForMessageRestricted
                0x0000000008009d3c       0x68 ./FreeRTOS/queue.o
                0x0000000008009d3c                vQueueWaitForMessageRestricted
 .text.xTaskCreate
                0x0000000008009da4       0x82 ./FreeRTOS/tasks.o
                0x0000000008009da4                xTaskCreate
 .text.prvInitialiseNewTask
                0x0000000008009e26      0x11e ./FreeRTOS/tasks.o
 .text.prvAddNewTaskToReadyList
                0x0000000008009f44       0xdc ./FreeRTOS/tasks.o
 .text.vTaskDelay
                0x000000000800a020       0x68 ./FreeRTOS/tasks.o
                0x000000000800a020                vTaskDelay
 .text.vTaskSuspend
                0x000000000800a088      0x124 ./FreeRTOS/tasks.o
                0x000000000800a088                vTaskSuspend
 .text.prvTaskIsTaskSuspended
                0x000000000800a1ac       0x64 ./FreeRTOS/tasks.o
 .text.vTaskResume
                0x000000000800a210       0xbc ./FreeRTOS/tasks.o
                0x000000000800a210                vTaskResume
 .text.vTaskStartScheduler
                0x000000000800a2cc       0x9c ./FreeRTOS/tasks.o
                0x000000000800a2cc                vTaskStartScheduler
 .text.vTaskSuspendAll
                0x000000000800a368       0x1c ./FreeRTOS/tasks.o
                0x000000000800a368                vTaskSuspendAll
 .text.xTaskResumeAll
                0x000000000800a384      0x138 ./FreeRTOS/tasks.o
                0x000000000800a384                xTaskResumeAll
 .text.xTaskGetTickCount
                0x000000000800a4bc       0x20 ./FreeRTOS/tasks.o
                0x000000000800a4bc                xTaskGetTickCount
 .text.xTaskIncrementTick
                0x000000000800a4dc      0x170 ./FreeRTOS/tasks.o
                0x000000000800a4dc                xTaskIncrementTick
 .text.vTaskSwitchContext
                0x000000000800a64c       0xb8 ./FreeRTOS/tasks.o
                0x000000000800a64c                vTaskSwitchContext
 .text.vTaskPlaceOnEventList
                0x000000000800a704       0x48 ./FreeRTOS/tasks.o
                0x000000000800a704                vTaskPlaceOnEventList
 .text.vTaskPlaceOnEventListRestricted
                0x000000000800a74c       0x58 ./FreeRTOS/tasks.o
                0x000000000800a74c                vTaskPlaceOnEventListRestricted
 .text.xTaskRemoveFromEventList
                0x000000000800a7a4       0xc4 ./FreeRTOS/tasks.o
                0x000000000800a7a4                xTaskRemoveFromEventList
 .text.vTaskInternalSetTimeOutState
                0x000000000800a868       0x2c ./FreeRTOS/tasks.o
                0x000000000800a868                vTaskInternalSetTimeOutState
 .text.xTaskCheckForTimeOut
                0x000000000800a894       0xc4 ./FreeRTOS/tasks.o
                0x000000000800a894                xTaskCheckForTimeOut
 .text.vTaskMissedYield
                0x000000000800a958       0x18 ./FreeRTOS/tasks.o
                0x000000000800a958                vTaskMissedYield
 .text.prvIdleTask
                0x000000000800a970       0x30 ./FreeRTOS/tasks.o
 .text.prvInitialiseTaskLists
                0x000000000800a9a0       0x80 ./FreeRTOS/tasks.o
 .text.prvCheckTasksWaitingTermination
                0x000000000800aa20       0x5c ./FreeRTOS/tasks.o
 .text.prvDeleteTCB
                0x000000000800aa7c       0x20 ./FreeRTOS/tasks.o
 .text.prvResetNextTaskUnblockTime
                0x000000000800aa9c       0x40 ./FreeRTOS/tasks.o
 .text.xTaskGetSchedulerState
                0x000000000800aadc       0x3c ./FreeRTOS/tasks.o
                0x000000000800aadc                xTaskGetSchedulerState
 .text.xTaskPriorityDisinherit
                0x000000000800ab18      0x10c ./FreeRTOS/tasks.o
                0x000000000800ab18                xTaskPriorityDisinherit
 .text.prvAddCurrentTaskToDelayedList
                0x000000000800ac24       0xcc ./FreeRTOS/tasks.o
 .text.xTimerCreateTimerTask
                0x000000000800acf0       0x64 ./FreeRTOS/timers.o
                0x000000000800acf0                xTimerCreateTimerTask
 .text.xTimerGenericCommand
                0x000000000800ad54       0x9c ./FreeRTOS/timers.o
                0x000000000800ad54                xTimerGenericCommand
 .text.prvProcessExpiredTimer
                0x000000000800adf0       0x98 ./FreeRTOS/timers.o
 .text.prvTimerTask
                0x000000000800ae88       0x24 ./FreeRTOS/timers.o
 .text.prvProcessTimerOrBlockTask
                0x000000000800aeac       0x9c ./FreeRTOS/timers.o
 .text.prvGetNextExpireTime
                0x000000000800af48       0x48 ./FreeRTOS/timers.o
 .text.prvSampleTimeNow
                0x000000000800af90       0x40 ./FreeRTOS/timers.o
 .text.prvInsertTimerInActiveList
                0x000000000800afd0       0x84 ./FreeRTOS/timers.o
 .text.prvProcessReceivedCommands
                0x000000000800b054      0x18c ./FreeRTOS/timers.o
 .text.prvSwitchTimerLists
                0x000000000800b1e0       0xc8 ./FreeRTOS/timers.o
 .text.prvCheckForValidListAndQueue
                0x000000000800b2a8       0x6c ./FreeRTOS/timers.o
 .text.pxPortInitialiseStack
                0x000000000800b314       0x68 ./FreeRTOS/portable/ARM_CM4F/port.o
                0x000000000800b314                pxPortInitialiseStack
 .text.prvTaskExitError
                0x000000000800b37c       0x58 ./FreeRTOS/portable/ARM_CM4F/port.o
 *fill*         0x000000000800b3d4        0xc 
 .text.SVC_Handler
                0x000000000800b3e0       0x28 ./FreeRTOS/portable/ARM_CM4F/port.o
                0x000000000800b3e0                SVC_Handler
 .text.prvPortStartFirstTask
                0x000000000800b408       0x28 ./FreeRTOS/portable/ARM_CM4F/port.o
 .text.xPortStartScheduler
                0x000000000800b430      0x144 ./FreeRTOS/portable/ARM_CM4F/port.o
                0x000000000800b430                xPortStartScheduler
 .text.vPortEnterCritical
                0x000000000800b574       0x60 ./FreeRTOS/portable/ARM_CM4F/port.o
                0x000000000800b574                vPortEnterCritical
 .text.vPortExitCritical
                0x000000000800b5d4       0x54 ./FreeRTOS/portable/ARM_CM4F/port.o
                0x000000000800b5d4                vPortExitCritical
 *fill*         0x000000000800b628        0x8 
 .text.PendSV_Handler
                0x000000000800b630       0x68 ./FreeRTOS/portable/ARM_CM4F/port.o
                0x000000000800b630                PendSV_Handler
 .text.SysTick_Handler
                0x000000000800b698       0x44 ./FreeRTOS/portable/ARM_CM4F/port.o
                0x000000000800b698                SysTick_Handler
 .text.vPortSetupTimerInterrupt
                0x000000000800b6dc       0x48 ./FreeRTOS/portable/ARM_CM4F/port.o
                0x000000000800b6dc                vPortSetupTimerInterrupt
 .text.vPortEnableVFP
                0x000000000800b724       0x14 ./FreeRTOS/portable/ARM_CM4F/port.o
 .text.vPortValidateInterruptPriority
                0x000000000800b738       0x80 ./FreeRTOS/portable/ARM_CM4F/port.o
                0x000000000800b738                vPortValidateInterruptPriority
 .text.pvPortMalloc
                0x000000000800b7b8      0x188 ./FreeRTOS/portable/MemMang/heap_4.o
                0x000000000800b7b8                pvPortMalloc
 .text.vPortFree
                0x000000000800b940       0xb4 ./FreeRTOS/portable/MemMang/heap_4.o
                0x000000000800b940                vPortFree
 .text.prvHeapInit
                0x000000000800b9f4       0xc4 ./FreeRTOS/portable/MemMang/heap_4.o
 .text.prvInsertBlockIntoFreeList
                0x000000000800bab8       0xb4 ./FreeRTOS/portable/MemMang/heap_4.o
 .text.__errno  0x000000000800bb6c        0xc c:/st/stm32cubeide_1.11.0/stm32cubeide/plugins/com.st.stm32cube.ide.mcu.externaltools.gnu-tools-for-stm32.10.3-2021.10.win32_1.0.100.202210260954/tools/bin/../lib/gcc/arm-none-eabi/10.3.1/../../../../arm-none-eabi/lib/thumb/v7e-m+fp/hard\libc_nano.a(lib_a-errno.o)
                0x000000000800bb6c                __errno
 .text.__libc_init_array
                0x000000000800bb78       0x48 c:/st/stm32cubeide_1.11.0/stm32cubeide/plugins/com.st.stm32cube.ide.mcu.externaltools.gnu-tools-for-stm32.10.3-2021.10.win32_1.0.100.202210260954/tools/bin/../lib/gcc/arm-none-eabi/10.3.1/../../../../arm-none-eabi/lib/thumb/v7e-m+fp/hard\libc_nano.a(lib_a-init.o)
                0x000000000800bb78                __libc_init_array
 .text.malloc   0x000000000800bbc0       0x10 c:/st/stm32cubeide_1.11.0/stm32cubeide/plugins/com.st.stm32cube.ide.mcu.externaltools.gnu-tools-for-stm32.10.3-2021.10.win32_1.0.100.202210260954/tools/bin/../lib/gcc/arm-none-eabi/10.3.1/../../../../arm-none-eabi/lib/thumb/v7e-m+fp/hard\libc_nano.a(lib_a-malloc.o)
                0x000000000800bbc0                malloc
 .text.free     0x000000000800bbd0       0x10 c:/st/stm32cubeide_1.11.0/stm32cubeide/plugins/com.st.stm32cube.ide.mcu.externaltools.gnu-tools-for-stm32.10.3-2021.10.win32_1.0.100.202210260954/tools/bin/../lib/gcc/arm-none-eabi/10.3.1/../../../../arm-none-eabi/lib/thumb/v7e-m+fp/hard\libc_nano.a(lib_a-malloc.o)
                0x000000000800bbd0                free
 .text.memcpy   0x000000000800bbe0       0x1c c:/st/stm32cubeide_1.11.0/stm32cubeide/plugins/com.st.stm32cube.ide.mcu.externaltools.gnu-tools-for-stm32.10.3-2021.10.win32_1.0.100.202210260954/tools/bin/../lib/gcc/arm-none-eabi/10.3.1/../../../../arm-none-eabi/lib/thumb/v7e-m+fp/hard\libc_nano.a(lib_a-memcpy-stub.o)
                0x000000000800bbe0                memcpy
 .text.memset   0x000000000800bbfc       0x10 c:/st/stm32cubeide_1.11.0/stm32cubeide/plugins/com.st.stm32cube.ide.mcu.externaltools.gnu-tools-for-stm32.10.3-2021.10.win32_1.0.100.202210260954/tools/bin/../lib/gcc/arm-none-eabi/10.3.1/../../../../arm-none-eabi/lib/thumb/v7e-m+fp/hard\libc_nano.a(lib_a-memset.o)
                0x000000000800bbfc                memset
 .text._free_r  0x000000000800bc0c       0x98 c:/st/stm32cubeide_1.11.0/stm32cubeide/plugins/com.st.stm32cube.ide.mcu.externaltools.gnu-tools-for-stm32.10.3-2021.10.win32_1.0.100.202210260954/tools/bin/../lib/gcc/arm-none-eabi/10.3.1/../../../../arm-none-eabi/lib/thumb/v7e-m+fp/hard\libc_nano.a(lib_a-nano-freer.o)
                0x000000000800bc0c                _free_r
 .text.sbrk_aligned
                0x000000000800bca4       0x40 c:/st/stm32cubeide_1.11.0/stm32cubeide/plugins/com.st.stm32cube.ide.mcu.externaltools.gnu-tools-for-stm32.10.3-2021.10.win32_1.0.100.202210260954/tools/bin/../lib/gcc/arm-none-eabi/10.3.1/../../../../arm-none-eabi/lib/thumb/v7e-m+fp/hard\libc_nano.a(lib_a-nano-mallocr.o)
 .text._malloc_r
                0x000000000800bce4       0xe8 c:/st/stm32cubeide_1.11.0/stm32cubeide/plugins/com.st.stm32cube.ide.mcu.externaltools.gnu-tools-for-stm32.10.3-2021.10.win32_1.0.100.202210260954/tools/bin/../lib/gcc/arm-none-eabi/10.3.1/../../../../arm-none-eabi/lib/thumb/v7e-m+fp/hard\libc_nano.a(lib_a-nano-mallocr.o)
                0x000000000800bce4                _malloc_r
 .text.__cvt    0x000000000800bdcc       0xc4 c:/st/stm32cubeide_1.11.0/stm32cubeide/plugins/com.st.stm32cube.ide.mcu.externaltools.gnu-tools-for-stm32.10.3-2021.10.win32_1.0.100.202210260954/tools/bin/../lib/gcc/arm-none-eabi/10.3.1/../../../../arm-none-eabi/lib/thumb/v7e-m+fp/hard\libc_nano.a(lib_a-nano-vfprintf_float.o)
                0x000000000800bdcc                __cvt
 .text.__exponent
                0x000000000800be90       0x7c c:/st/stm32cubeide_1.11.0/stm32cubeide/plugins/com.st.stm32cube.ide.mcu.externaltools.gnu-tools-for-stm32.10.3-2021.10.win32_1.0.100.202210260954/tools/bin/../lib/gcc/arm-none-eabi/10.3.1/../../../../arm-none-eabi/lib/thumb/v7e-m+fp/hard\libc_nano.a(lib_a-nano-vfprintf_float.o)
                0x000000000800be90                __exponent
 .text._printf_float
                0x000000000800bf0c      0x46c c:/st/stm32cubeide_1.11.0/stm32cubeide/plugins/com.st.stm32cube.ide.mcu.externaltools.gnu-tools-for-stm32.10.3-2021.10.win32_1.0.100.202210260954/tools/bin/../lib/gcc/arm-none-eabi/10.3.1/../../../../arm-none-eabi/lib/thumb/v7e-m+fp/hard\libc_nano.a(lib_a-nano-vfprintf_float.o)
                0x000000000800bf0c                _printf_float
 .text._printf_common
                0x000000000800c378       0xda c:/st/stm32cubeide_1.11.0/stm32cubeide/plugins/com.st.stm32cube.ide.mcu.externaltools.gnu-tools-for-stm32.10.3-2021.10.win32_1.0.100.202210260954/tools/bin/../lib/gcc/arm-none-eabi/10.3.1/../../../../arm-none-eabi/lib/thumb/v7e-m+fp/hard\libc_nano.a(lib_a-nano-vfprintf_i.o)
                0x000000000800c378                _printf_common
 *fill*         0x000000000800c452        0x2 
 .text._printf_i
                0x000000000800c454      0x24c c:/st/stm32cubeide_1.11.0/stm32cubeide/plugins/com.st.stm32cube.ide.mcu.externaltools.gnu-tools-for-stm32.10.3-2021.10.win32_1.0.100.202210260954/tools/bin/../lib/gcc/arm-none-eabi/10.3.1/../../../../arm-none-eabi/lib/thumb/v7e-m+fp/hard\libc_nano.a(lib_a-nano-vfprintf_i.o)
                0x000000000800c454                _printf_i
 .text._scanf_float
                0x000000000800c6a0      0x420 c:/st/stm32cubeide_1.11.0/stm32cubeide/plugins/com.st.stm32cube.ide.mcu.externaltools.gnu-tools-for-stm32.10.3-2021.10.win32_1.0.100.202210260954/tools/bin/../lib/gcc/arm-none-eabi/10.3.1/../../../../arm-none-eabi/lib/thumb/v7e-m+fp/hard\libc_nano.a(lib_a-nano-vfscanf_float.o)
                0x000000000800c6a0                _scanf_float
 .text.printf   0x000000000800cac0       0x30 c:/st/stm32cubeide_1.11.0/stm32cubeide/plugins/com.st.stm32cube.ide.mcu.externaltools.gnu-tools-for-stm32.10.3-2021.10.win32_1.0.100.202210260954/tools/bin/../lib/gcc/arm-none-eabi/10.3.1/../../../../arm-none-eabi/lib/thumb/v7e-m+fp/hard\libc_nano.a(lib_a-printf.o)
                0x000000000800cac0                iprintf
                0x000000000800cac0                printf
 .text._puts_r  0x000000000800caf0       0xdc c:/st/stm32cubeide_1.11.0/stm32cubeide/plugins/com.st.stm32cube.ide.mcu.externaltools.gnu-tools-for-stm32.10.3-2021.10.win32_1.0.100.202210260954/tools/bin/../lib/gcc/arm-none-eabi/10.3.1/../../../../arm-none-eabi/lib/thumb/v7e-m+fp/hard\libc_nano.a(lib_a-puts.o)
                0x000000000800caf0                _puts_r
 .text.puts     0x000000000800cbcc       0x10 c:/st/stm32cubeide_1.11.0/stm32cubeide/plugins/com.st.stm32cube.ide.mcu.externaltools.gnu-tools-for-stm32.10.3-2021.10.win32_1.0.100.202210260954/tools/bin/../lib/gcc/arm-none-eabi/10.3.1/../../../../arm-none-eabi/lib/thumb/v7e-m+fp/hard\libc_nano.a(lib_a-puts.o)
                0x000000000800cbcc                puts
 .text._sbrk_r  0x000000000800cbdc       0x20 c:/st/stm32cubeide_1.11.0/stm32cubeide/plugins/com.st.stm32cube.ide.mcu.externaltools.gnu-tools-for-stm32.10.3-2021.10.win32_1.0.100.202210260954/tools/bin/../lib/gcc/arm-none-eabi/10.3.1/../../../../arm-none-eabi/lib/thumb/v7e-m+fp/hard\libc_nano.a(lib_a-sbrkr.o)
                0x000000000800cbdc                _sbrk_r
 .text.nanf     0x000000000800cbfc        0xc c:/st/stm32cubeide_1.11.0/stm32cubeide/plugins/com.st.stm32cube.ide.mcu.externaltools.gnu-tools-for-stm32.10.3-2021.10.win32_1.0.100.202210260954/tools/bin/../lib/gcc/arm-none-eabi/10.3.1/../../../../arm-none-eabi/lib/thumb/v7e-m+fp/hard\libc_nano.a(lib_a-sf_nan.o)
                0x000000000800cbfc                nanf
 .text.sprintf  0x000000000800cc08       0x40 c:/st/stm32cubeide_1.11.0/stm32cubeide/plugins/com.st.stm32cube.ide.mcu.externaltools.gnu-tools-for-stm32.10.3-2021.10.win32_1.0.100.202210260954/tools/bin/../lib/gcc/arm-none-eabi/10.3.1/../../../../arm-none-eabi/lib/thumb/v7e-m+fp/hard\libc_nano.a(lib_a-sprintf.o)
                0x000000000800cc08                siprintf
                0x000000000800cc08                sprintf
 .text.strcat   0x000000000800cc48       0x1e c:/st/stm32cubeide_1.11.0/stm32cubeide/plugins/com.st.stm32cube.ide.mcu.externaltools.gnu-tools-for-stm32.10.3-2021.10.win32_1.0.100.202210260954/tools/bin/../lib/gcc/arm-none-eabi/10.3.1/../../../../arm-none-eabi/lib/thumb/v7e-m+fp/hard\libc_nano.a(lib_a-strcat.o)
                0x000000000800cc48                strcat
 .text.strncat  0x000000000800cc66       0x26 c:/st/stm32cubeide_1.11.0/stm32cubeide/plugins/com.st.stm32cube.ide.mcu.externaltools.gnu-tools-for-stm32.10.3-2021.10.win32_1.0.100.202210260954/tools/bin/../lib/gcc/arm-none-eabi/10.3.1/../../../../arm-none-eabi/lib/thumb/v7e-m+fp/hard\libc_nano.a(lib_a-strncat.o)
                0x000000000800cc66                strncat
 .text.strncmp  0x000000000800cc8c       0x28 c:/st/stm32cubeide_1.11.0/stm32cubeide/plugins/com.st.stm32cube.ide.mcu.externaltools.gnu-tools-for-stm32.10.3-2021.10.win32_1.0.100.202210260954/tools/bin/../lib/gcc/arm-none-eabi/10.3.1/../../../../arm-none-eabi/lib/thumb/v7e-m+fp/hard\libc_nano.a(lib_a-strncmp.o)
                0x000000000800cc8c                strncmp
 .text.strncpy  0x000000000800ccb4       0x26 c:/st/stm32cubeide_1.11.0/stm32cubeide/plugins/com.st.stm32cube.ide.mcu.externaltools.gnu-tools-for-stm32.10.3-2021.10.win32_1.0.100.202210260954/tools/bin/../lib/gcc/arm-none-eabi/10.3.1/../../../../arm-none-eabi/lib/thumb/v7e-m+fp/hard\libc_nano.a(lib_a-strncpy.o)
                0x000000000800ccb4                strncpy
 .text.sulp     0x000000000800ccda       0x38 c:/st/stm32cubeide_1.11.0/stm32cubeide/plugins/com.st.stm32cube.ide.mcu.externaltools.gnu-tools-for-stm32.10.3-2021.10.win32_1.0.100.202210260954/tools/bin/../lib/gcc/arm-none-eabi/10.3.1/../../../../arm-none-eabi/lib/thumb/v7e-m+fp/hard\libc_nano.a(lib_a-strtod.o)
 *fill*         0x000000000800cd12        0x6 
 .text._strtod_l
                0x000000000800cd18      0xc0c c:/st/stm32cubeide_1.11.0/stm32cubeide/plugins/com.st.stm32cube.ide.mcu.externaltools.gnu-tools-for-stm32.10.3-2021.10.win32_1.0.100.202210260954/tools/bin/../lib/gcc/arm-none-eabi/10.3.1/../../../../arm-none-eabi/lib/thumb/v7e-m+fp/hard\libc_nano.a(lib_a-strtod.o)
                0x000000000800cd18                _strtod_l
 .text._strtod_r
                0x000000000800d924        0xc c:/st/stm32cubeide_1.11.0/stm32cubeide/plugins/com.st.stm32cube.ide.mcu.externaltools.gnu-tools-for-stm32.10.3-2021.10.win32_1.0.100.202210260954/tools/bin/../lib/gcc/arm-none-eabi/10.3.1/../../../../arm-none-eabi/lib/thumb/v7e-m+fp/hard\libc_nano.a(lib_a-strtod.o)
                0x000000000800d924                _strtod_r
 .text._strtol_l.constprop.0
                0x000000000800d930      0x104 c:/st/stm32cubeide_1.11.0/stm32cubeide/plugins/com.st.stm32cube.ide.mcu.externaltools.gnu-tools-for-stm32.10.3-2021.10.win32_1.0.100.202210260954/tools/bin/../lib/gcc/arm-none-eabi/10.3.1/../../../../arm-none-eabi/lib/thumb/v7e-m+fp/hard\libc_nano.a(lib_a-strtol.o)
 .text._strtol_r
                0x000000000800da34        0x4 c:/st/stm32cubeide_1.11.0/stm32cubeide/plugins/com.st.stm32cube.ide.mcu.externaltools.gnu-tools-for-stm32.10.3-2021.10.win32_1.0.100.202210260954/tools/bin/../lib/gcc/arm-none-eabi/10.3.1/../../../../arm-none-eabi/lib/thumb/v7e-m+fp/hard\libc_nano.a(lib_a-strtol.o)
                0x000000000800da34                _strtol_r
 .text.__swbuf_r
                0x000000000800da38       0xa4 c:/st/stm32cubeide_1.11.0/stm32cubeide/plugins/com.st.stm32cube.ide.mcu.externaltools.gnu-tools-for-stm32.10.3-2021.10.win32_1.0.100.202210260954/tools/bin/../lib/gcc/arm-none-eabi/10.3.1/../../../../arm-none-eabi/lib/thumb/v7e-m+fp/hard\libc_nano.a(lib_a-wbuf.o)
                0x000000000800da38                __swbuf_r
 .text.__swsetup_r
                0x000000000800dadc       0xdc c:/st/stm32cubeide_1.11.0/stm32cubeide/plugins/com.st.stm32cube.ide.mcu.externaltools.gnu-tools-for-stm32.10.3-2021.10.win32_1.0.100.202210260954/tools/bin/../lib/gcc/arm-none-eabi/10.3.1/../../../../arm-none-eabi/lib/thumb/v7e-m+fp/hard\libc_nano.a(lib_a-wsetup.o)
                0x000000000800dadc                __swsetup_r
 .text.quorem   0x000000000800dbb8      0x116 c:/st/stm32cubeide_1.11.0/stm32cubeide/plugins/com.st.stm32cube.ide.mcu.externaltools.gnu-tools-for-stm32.10.3-2021.10.win32_1.0.100.202210260954/tools/bin/../lib/gcc/arm-none-eabi/10.3.1/../../../../arm-none-eabi/lib/thumb/v7e-m+fp/hard\libc_nano.a(lib_a-dtoa.o)
 *fill*         0x000000000800dcce        0x2 
 .text._dtoa_r  0x000000000800dcd0      0xbdc c:/st/stm32cubeide_1.11.0/stm32cubeide/plugins/com.st.stm32cube.ide.mcu.externaltools.gnu-tools-for-stm32.10.3-2021.10.win32_1.0.100.202210260954/tools/bin/../lib/gcc/arm-none-eabi/10.3.1/../../../../arm-none-eabi/lib/thumb/v7e-m+fp/hard\libc_nano.a(lib_a-dtoa.o)
                0x000000000800dcd0                _dtoa_r
 .text.__sflush_r
                0x000000000800e8ac      0x10c c:/st/stm32cubeide_1.11.0/stm32cubeide/plugins/com.st.stm32cube.ide.mcu.externaltools.gnu-tools-for-stm32.10.3-2021.10.win32_1.0.100.202210260954/tools/bin/../lib/gcc/arm-none-eabi/10.3.1/../../../../arm-none-eabi/lib/thumb/v7e-m+fp/hard\libc_nano.a(lib_a-fflush.o)
                0x000000000800e8ac                __sflush_r
 .text._fflush_r
                0x000000000800e9b8       0x78 c:/st/stm32cubeide_1.11.0/stm32cubeide/plugins/com.st.stm32cube.ide.mcu.externaltools.gnu-tools-for-stm32.10.3-2021.10.win32_1.0.100.202210260954/tools/bin/../lib/gcc/arm-none-eabi/10.3.1/../../../../arm-none-eabi/lib/thumb/v7e-m+fp/hard\libc_nano.a(lib_a-fflush.o)
                0x000000000800e9b8                _fflush_r
 .text.std      0x000000000800ea30       0x48 c:/st/stm32cubeide_1.11.0/stm32cubeide/plugins/com.st.stm32cube.ide.mcu.externaltools.gnu-tools-for-stm32.10.3-2021.10.win32_1.0.100.202210260954/tools/bin/../lib/gcc/arm-none-eabi/10.3.1/../../../../arm-none-eabi/lib/thumb/v7e-m+fp/hard\libc_nano.a(lib_a-findfp.o)
 .text._cleanup_r
                0x000000000800ea78        0xc c:/st/stm32cubeide_1.11.0/stm32cubeide/plugins/com.st.stm32cube.ide.mcu.externaltools.gnu-tools-for-stm32.10.3-2021.10.win32_1.0.100.202210260954/tools/bin/../lib/gcc/arm-none-eabi/10.3.1/../../../../arm-none-eabi/lib/thumb/v7e-m+fp/hard\libc_nano.a(lib_a-findfp.o)
                0x000000000800ea78                _cleanup_r
 .text.__sfmoreglue
                0x000000000800ea84       0x2c c:/st/stm32cubeide_1.11.0/stm32cubeide/plugins/com.st.stm32cube.ide.mcu.externaltools.gnu-tools-for-stm32.10.3-2021.10.win32_1.0.100.202210260954/tools/bin/../lib/gcc/arm-none-eabi/10.3.1/../../../../arm-none-eabi/lib/thumb/v7e-m+fp/hard\libc_nano.a(lib_a-findfp.o)
                0x000000000800ea84                __sfmoreglue
 .text.__sfp_lock_acquire
                0x000000000800eab0        0xc c:/st/stm32cubeide_1.11.0/stm32cubeide/plugins/com.st.stm32cube.ide.mcu.externaltools.gnu-tools-for-stm32.10.3-2021.10.win32_1.0.100.202210260954/tools/bin/../lib/gcc/arm-none-eabi/10.3.1/../../../../arm-none-eabi/lib/thumb/v7e-m+fp/hard\libc_nano.a(lib_a-findfp.o)
                0x000000000800eab0                __sfp_lock_acquire
 .text.__sfp_lock_release
                0x000000000800eabc        0xc c:/st/stm32cubeide_1.11.0/stm32cubeide/plugins/com.st.stm32cube.ide.mcu.externaltools.gnu-tools-for-stm32.10.3-2021.10.win32_1.0.100.202210260954/tools/bin/../lib/gcc/arm-none-eabi/10.3.1/../../../../arm-none-eabi/lib/thumb/v7e-m+fp/hard\libc_nano.a(lib_a-findfp.o)
                0x000000000800eabc                __sfp_lock_release
 .text.__sinit_lock_acquire
                0x000000000800eac8        0xc c:/st/stm32cubeide_1.11.0/stm32cubeide/plugins/com.st.stm32cube.ide.mcu.externaltools.gnu-tools-for-stm32.10.3-2021.10.win32_1.0.100.202210260954/tools/bin/../lib/gcc/arm-none-eabi/10.3.1/../../../../arm-none-eabi/lib/thumb/v7e-m+fp/hard\libc_nano.a(lib_a-findfp.o)
                0x000000000800eac8                __sinit_lock_acquire
 .text.__sinit_lock_release
                0x000000000800ead4        0xc c:/st/stm32cubeide_1.11.0/stm32cubeide/plugins/com.st.stm32cube.ide.mcu.externaltools.gnu-tools-for-stm32.10.3-2021.10.win32_1.0.100.202210260954/tools/bin/../lib/gcc/arm-none-eabi/10.3.1/../../../../arm-none-eabi/lib/thumb/v7e-m+fp/hard\libc_nano.a(lib_a-findfp.o)
                0x000000000800ead4                __sinit_lock_release
 .text.__sinit  0x000000000800eae0       0x70 c:/st/stm32cubeide_1.11.0/stm32cubeide/plugins/com.st.stm32cube.ide.mcu.externaltools.gnu-tools-for-stm32.10.3-2021.10.win32_1.0.100.202210260954/tools/bin/../lib/gcc/arm-none-eabi/10.3.1/../../../../arm-none-eabi/lib/thumb/v7e-m+fp/hard\libc_nano.a(lib_a-findfp.o)
                0x000000000800eae0                __sinit
 .text.__sfp    0x000000000800eb50       0x8c c:/st/stm32cubeide_1.11.0/stm32cubeide/plugins/com.st.stm32cube.ide.mcu.externaltools.gnu-tools-for-stm32.10.3-2021.10.win32_1.0.100.202210260954/tools/bin/../lib/gcc/arm-none-eabi/10.3.1/../../../../arm-none-eabi/lib/thumb/v7e-m+fp/hard\libc_nano.a(lib_a-findfp.o)
                0x000000000800eb50                __sfp
 .text._fwalk_reent
                0x000000000800ebdc       0x3e c:/st/stm32cubeide_1.11.0/stm32cubeide/plugins/com.st.stm32cube.ide.mcu.externaltools.gnu-tools-for-stm32.10.3-2021.10.win32_1.0.100.202210260954/tools/bin/../lib/gcc/arm-none-eabi/10.3.1/../../../../arm-none-eabi/lib/thumb/v7e-m+fp/hard\libc_nano.a(lib_a-fwalk.o)
                0x000000000800ebdc                _fwalk_reent
 .text.rshift   0x000000000800ec1a       0xa4 c:/st/stm32cubeide_1.11.0/stm32cubeide/plugins/com.st.stm32cube.ide.mcu.externaltools.gnu-tools-for-stm32.10.3-2021.10.win32_1.0.100.202210260954/tools/bin/../lib/gcc/arm-none-eabi/10.3.1/../../../../arm-none-eabi/lib/thumb/v7e-m+fp/hard\libc_nano.a(lib_a-gdtoa-gethex.o)
 .text.__hexdig_fun
                0x000000000800ecbe       0x2a c:/st/stm32cubeide_1.11.0/stm32cubeide/plugins/com.st.stm32cube.ide.mcu.externaltools.gnu-tools-for-stm32.10.3-2021.10.win32_1.0.100.202210260954/tools/bin/../lib/gcc/arm-none-eabi/10.3.1/../../../../arm-none-eabi/lib/thumb/v7e-m+fp/hard\libc_nano.a(lib_a-gdtoa-gethex.o)
                0x000000000800ecbe                __hexdig_fun
 .text.__gethex
                0x000000000800ece8      0x48c c:/st/stm32cubeide_1.11.0/stm32cubeide/plugins/com.st.stm32cube.ide.mcu.externaltools.gnu-tools-for-stm32.10.3-2021.10.win32_1.0.100.202210260954/tools/bin/../lib/gcc/arm-none-eabi/10.3.1/../../../../arm-none-eabi/lib/thumb/v7e-m+fp/hard\libc_nano.a(lib_a-gdtoa-gethex.o)
                0x000000000800ece8                __gethex
 .text.L_shift  0x000000000800f174       0x24 c:/st/stm32cubeide_1.11.0/stm32cubeide/plugins/com.st.stm32cube.ide.mcu.externaltools.gnu-tools-for-stm32.10.3-2021.10.win32_1.0.100.202210260954/tools/bin/../lib/gcc/arm-none-eabi/10.3.1/../../../../arm-none-eabi/lib/thumb/v7e-m+fp/hard\libc_nano.a(lib_a-gdtoa-hexnan.o)
 .text.__match  0x000000000800f198       0x28 c:/st/stm32cubeide_1.11.0/stm32cubeide/plugins/com.st.stm32cube.ide.mcu.externaltools.gnu-tools-for-stm32.10.3-2021.10.win32_1.0.100.202210260954/tools/bin/../lib/gcc/arm-none-eabi/10.3.1/../../../../arm-none-eabi/lib/thumb/v7e-m+fp/hard\libc_nano.a(lib_a-gdtoa-hexnan.o)
                0x000000000800f198                __match
 .text.__hexnan
                0x000000000800f1c0      0x138 c:/st/stm32cubeide_1.11.0/stm32cubeide/plugins/com.st.stm32cube.ide.mcu.externaltools.gnu-tools-for-stm32.10.3-2021.10.win32_1.0.100.202210260954/tools/bin/../lib/gcc/arm-none-eabi/10.3.1/../../../../arm-none-eabi/lib/thumb/v7e-m+fp/hard\libc_nano.a(lib_a-gdtoa-hexnan.o)
                0x000000000800f1c0                __hexnan
 .text._localeconv_r
                0x000000000800f2f8        0x8 c:/st/stm32cubeide_1.11.0/stm32cubeide/plugins/com.st.stm32cube.ide.mcu.externaltools.gnu-tools-for-stm32.10.3-2021.10.win32_1.0.100.202210260954/tools/bin/../lib/gcc/arm-none-eabi/10.3.1/../../../../arm-none-eabi/lib/thumb/v7e-m+fp/hard\libc_nano.a(lib_a-localeconv.o)
                0x000000000800f2f8                _localeconv_r
 .text.__retarget_lock_init_recursive
                0x000000000800f300        0x2 c:/st/stm32cubeide_1.11.0/stm32cubeide/plugins/com.st.stm32cube.ide.mcu.externaltools.gnu-tools-for-stm32.10.3-2021.10.win32_1.0.100.202210260954/tools/bin/../lib/gcc/arm-none-eabi/10.3.1/../../../../arm-none-eabi/lib/thumb/v7e-m+fp/hard\libc_nano.a(lib_a-lock.o)
                0x000000000800f300                __retarget_lock_init_recursive
 .text.__retarget_lock_acquire_recursive
                0x000000000800f302        0x2 c:/st/stm32cubeide_1.11.0/stm32cubeide/plugins/com.st.stm32cube.ide.mcu.externaltools.gnu-tools-for-stm32.10.3-2021.10.win32_1.0.100.202210260954/tools/bin/../lib/gcc/arm-none-eabi/10.3.1/../../../../arm-none-eabi/lib/thumb/v7e-m+fp/hard\libc_nano.a(lib_a-lock.o)
                0x000000000800f302                __retarget_lock_acquire_recursive
 .text.__retarget_lock_release_recursive
                0x000000000800f304        0x2 c:/st/stm32cubeide_1.11.0/stm32cubeide/plugins/com.st.stm32cube.ide.mcu.externaltools.gnu-tools-for-stm32.10.3-2021.10.win32_1.0.100.202210260954/tools/bin/../lib/gcc/arm-none-eabi/10.3.1/../../../../arm-none-eabi/lib/thumb/v7e-m+fp/hard\libc_nano.a(lib_a-lock.o)
                0x000000000800f304                __retarget_lock_release_recursive
 .text.__swhatbuf_r
                0x000000000800f306       0x4a c:/st/stm32cubeide_1.11.0/stm32cubeide/plugins/com.st.stm32cube.ide.mcu.externaltools.gnu-tools-for-stm32.10.3-2021.10.win32_1.0.100.202210260954/tools/bin/../lib/gcc/arm-none-eabi/10.3.1/../../../../arm-none-eabi/lib/thumb/v7e-m+fp/hard\libc_nano.a(lib_a-makebuf.o)
                0x000000000800f306                __swhatbuf_r
 .text.__smakebuf_r
                0x000000000800f350       0x80 c:/st/stm32cubeide_1.11.0/stm32cubeide/plugins/com.st.stm32cube.ide.mcu.externaltools.gnu-tools-for-stm32.10.3-2021.10.win32_1.0.100.202210260954/tools/bin/../lib/gcc/arm-none-eabi/10.3.1/../../../../arm-none-eabi/lib/thumb/v7e-m+fp/hard\libc_nano.a(lib_a-makebuf.o)
                0x000000000800f350                __smakebuf_r
 .text.__ascii_mbtowc
                0x000000000800f3d0       0x24 c:/st/stm32cubeide_1.11.0/stm32cubeide/plugins/com.st.stm32cube.ide.mcu.externaltools.gnu-tools-for-stm32.10.3-2021.10.win32_1.0.100.202210260954/tools/bin/../lib/gcc/arm-none-eabi/10.3.1/../../../../arm-none-eabi/lib/thumb/v7e-m+fp/hard\libc_nano.a(lib_a-mbtowc_r.o)
                0x000000000800f3d0                __ascii_mbtowc
 .text.__malloc_lock
                0x000000000800f3f4        0xc c:/st/stm32cubeide_1.11.0/stm32cubeide/plugins/com.st.stm32cube.ide.mcu.externaltools.gnu-tools-for-stm32.10.3-2021.10.win32_1.0.100.202210260954/tools/bin/../lib/gcc/arm-none-eabi/10.3.1/../../../../arm-none-eabi/lib/thumb/v7e-m+fp/hard\libc_nano.a(lib_a-mlock.o)
                0x000000000800f3f4                __malloc_lock
 .text.__malloc_unlock
                0x000000000800f400        0xc c:/st/stm32cubeide_1.11.0/stm32cubeide/plugins/com.st.stm32cube.ide.mcu.externaltools.gnu-tools-for-stm32.10.3-2021.10.win32_1.0.100.202210260954/tools/bin/../lib/gcc/arm-none-eabi/10.3.1/../../../../arm-none-eabi/lib/thumb/v7e-m+fp/hard\libc_nano.a(lib_a-mlock.o)
                0x000000000800f400                __malloc_unlock
 .text._Balloc  0x000000000800f40c       0x80 c:/st/stm32cubeide_1.11.0/stm32cubeide/plugins/com.st.stm32cube.ide.mcu.externaltools.gnu-tools-for-stm32.10.3-2021.10.win32_1.0.100.202210260954/tools/bin/../lib/gcc/arm-none-eabi/10.3.1/../../../../arm-none-eabi/lib/thumb/v7e-m+fp/hard\libc_nano.a(lib_a-mprec.o)
                0x000000000800f40c                _Balloc
 .text._Bfree   0x000000000800f48c       0x44 c:/st/stm32cubeide_1.11.0/stm32cubeide/plugins/com.st.stm32cube.ide.mcu.externaltools.gnu-tools-for-stm32.10.3-2021.10.win32_1.0.100.202210260954/tools/bin/../lib/gcc/arm-none-eabi/10.3.1/../../../../arm-none-eabi/lib/thumb/v7e-m+fp/hard\libc_nano.a(lib_a-mprec.o)
                0x000000000800f48c                _Bfree
 .text.__multadd
                0x000000000800f4d0       0x8c c:/st/stm32cubeide_1.11.0/stm32cubeide/plugins/com.st.stm32cube.ide.mcu.externaltools.gnu-tools-for-stm32.10.3-2021.10.win32_1.0.100.202210260954/tools/bin/../lib/gcc/arm-none-eabi/10.3.1/../../../../arm-none-eabi/lib/thumb/v7e-m+fp/hard\libc_nano.a(lib_a-mprec.o)
                0x000000000800f4d0                __multadd
 .text.__s2b    0x000000000800f55c       0x94 c:/st/stm32cubeide_1.11.0/stm32cubeide/plugins/com.st.stm32cube.ide.mcu.externaltools.gnu-tools-for-stm32.10.3-2021.10.win32_1.0.100.202210260954/tools/bin/../lib/gcc/arm-none-eabi/10.3.1/../../../../arm-none-eabi/lib/thumb/v7e-m+fp/hard\libc_nano.a(lib_a-mprec.o)
                0x000000000800f55c                __s2b
 .text.__hi0bits
                0x000000000800f5f0       0x40 c:/st/stm32cubeide_1.11.0/stm32cubeide/plugins/com.st.stm32cube.ide.mcu.externaltools.gnu-tools-for-stm32.10.3-2021.10.win32_1.0.100.202210260954/tools/bin/../lib/gcc/arm-none-eabi/10.3.1/../../../../arm-none-eabi/lib/thumb/v7e-m+fp/hard\libc_nano.a(lib_a-mprec.o)
                0x000000000800f5f0                __hi0bits
 .text.__lo0bits
                0x000000000800f630       0x5e c:/st/stm32cubeide_1.11.0/stm32cubeide/plugins/com.st.stm32cube.ide.mcu.externaltools.gnu-tools-for-stm32.10.3-2021.10.win32_1.0.100.202210260954/tools/bin/../lib/gcc/arm-none-eabi/10.3.1/../../../../arm-none-eabi/lib/thumb/v7e-m+fp/hard\libc_nano.a(lib_a-mprec.o)
                0x000000000800f630                __lo0bits
 *fill*         0x000000000800f68e        0x2 
 .text.__i2b    0x000000000800f690       0x2c c:/st/stm32cubeide_1.11.0/stm32cubeide/plugins/com.st.stm32cube.ide.mcu.externaltools.gnu-tools-for-stm32.10.3-2021.10.win32_1.0.100.202210260954/tools/bin/../lib/gcc/arm-none-eabi/10.3.1/../../../../arm-none-eabi/lib/thumb/v7e-m+fp/hard\libc_nano.a(lib_a-mprec.o)
                0x000000000800f690                __i2b
 .text.__multiply
                0x000000000800f6bc      0x154 c:/st/stm32cubeide_1.11.0/stm32cubeide/plugins/com.st.stm32cube.ide.mcu.externaltools.gnu-tools-for-stm32.10.3-2021.10.win32_1.0.100.202210260954/tools/bin/../lib/gcc/arm-none-eabi/10.3.1/../../../../arm-none-eabi/lib/thumb/v7e-m+fp/hard\libc_nano.a(lib_a-mprec.o)
                0x000000000800f6bc                __multiply
 .text.__pow5mult
                0x000000000800f810       0xb4 c:/st/stm32cubeide_1.11.0/stm32cubeide/plugins/com.st.stm32cube.ide.mcu.externaltools.gnu-tools-for-stm32.10.3-2021.10.win32_1.0.100.202210260954/tools/bin/../lib/gcc/arm-none-eabi/10.3.1/../../../../arm-none-eabi/lib/thumb/v7e-m+fp/hard\libc_nano.a(lib_a-mprec.o)
                0x000000000800f810                __pow5mult
 .text.__lshift
                0x000000000800f8c4       0xe0 c:/st/stm32cubeide_1.11.0/stm32cubeide/plugins/com.st.stm32cube.ide.mcu.externaltools.gnu-tools-for-stm32.10.3-2021.10.win32_1.0.100.202210260954/tools/bin/../lib/gcc/arm-none-eabi/10.3.1/../../../../arm-none-eabi/lib/thumb/v7e-m+fp/hard\libc_nano.a(lib_a-mprec.o)
                0x000000000800f8c4                __lshift
 .text.__mcmp   0x000000000800f9a4       0x38 c:/st/stm32cubeide_1.11.0/stm32cubeide/plugins/com.st.stm32cube.ide.mcu.externaltools.gnu-tools-for-stm32.10.3-2021.10.win32_1.0.100.202210260954/tools/bin/../lib/gcc/arm-none-eabi/10.3.1/../../../../arm-none-eabi/lib/thumb/v7e-m+fp/hard\libc_nano.a(lib_a-mprec.o)
                0x000000000800f9a4                __mcmp
 .text.__mdiff  0x000000000800f9dc      0x114 c:/st/stm32cubeide_1.11.0/stm32cubeide/plugins/com.st.stm32cube.ide.mcu.externaltools.gnu-tools-for-stm32.10.3-2021.10.win32_1.0.100.202210260954/tools/bin/../lib/gcc/arm-none-eabi/10.3.1/../../../../arm-none-eabi/lib/thumb/v7e-m+fp/hard\libc_nano.a(lib_a-mprec.o)
                0x000000000800f9dc                __mdiff
 .text.__ulp    0x000000000800faf0       0x58 c:/st/stm32cubeide_1.11.0/stm32cubeide/plugins/com.st.stm32cube.ide.mcu.externaltools.gnu-tools-for-stm32.10.3-2021.10.win32_1.0.100.202210260954/tools/bin/../lib/gcc/arm-none-eabi/10.3.1/../../../../arm-none-eabi/lib/thumb/v7e-m+fp/hard\libc_nano.a(lib_a-mprec.o)
                0x000000000800faf0                __ulp
 .text.__b2d    0x000000000800fb48       0xa0 c:/st/stm32cubeide_1.11.0/stm32cubeide/plugins/com.st.stm32cube.ide.mcu.externaltools.gnu-tools-for-stm32.10.3-2021.10.win32_1.0.100.202210260954/tools/bin/../lib/gcc/arm-none-eabi/10.3.1/../../../../arm-none-eabi/lib/thumb/v7e-m+fp/hard\libc_nano.a(lib_a-mprec.o)
                0x000000000800fb48                __b2d
 .text.__d2b    0x000000000800fbe8       0xb8 c:/st/stm32cubeide_1.11.0/stm32cubeide/plugins/com.st.stm32cube.ide.mcu.externaltools.gnu-tools-for-stm32.10.3-2021.10.win32_1.0.100.202210260954/tools/bin/../lib/gcc/arm-none-eabi/10.3.1/../../../../arm-none-eabi/lib/thumb/v7e-m+fp/hard\libc_nano.a(lib_a-mprec.o)
                0x000000000800fbe8                __d2b
 .text.__ratio  0x000000000800fca0       0x66 c:/st/stm32cubeide_1.11.0/stm32cubeide/plugins/com.st.stm32cube.ide.mcu.externaltools.gnu-tools-for-stm32.10.3-2021.10.win32_1.0.100.202210260954/tools/bin/../lib/gcc/arm-none-eabi/10.3.1/../../../../arm-none-eabi/lib/thumb/v7e-m+fp/hard\libc_nano.a(lib_a-mprec.o)
                0x000000000800fca0                __ratio
 .text.__copybits
                0x000000000800fd06       0x46 c:/st/stm32cubeide_1.11.0/stm32cubeide/plugins/com.st.stm32cube.ide.mcu.externaltools.gnu-tools-for-stm32.10.3-2021.10.win32_1.0.100.202210260954/tools/bin/../lib/gcc/arm-none-eabi/10.3.1/../../../../arm-none-eabi/lib/thumb/v7e-m+fp/hard\libc_nano.a(lib_a-mprec.o)
                0x000000000800fd06                __copybits
 .text.__any_on
                0x000000000800fd4c       0x42 c:/st/stm32cubeide_1.11.0/stm32cubeide/plugins/com.st.stm32cube.ide.mcu.externaltools.gnu-tools-for-stm32.10.3-2021.10.win32_1.0.100.202210260954/tools/bin/../lib/gcc/arm-none-eabi/10.3.1/../../../../arm-none-eabi/lib/thumb/v7e-m+fp/hard\libc_nano.a(lib_a-mprec.o)
                0x000000000800fd4c                __any_on
 .text._calloc_r
                0x000000000800fd8e       0x2c c:/st/stm32cubeide_1.11.0/stm32cubeide/plugins/com.st.stm32cube.ide.mcu.externaltools.gnu-tools-for-stm32.10.3-2021.10.win32_1.0.100.202210260954/tools/bin/../lib/gcc/arm-none-eabi/10.3.1/../../../../arm-none-eabi/lib/thumb/v7e-m+fp/hard\libc_nano.a(lib_a-nano-callocr.o)
                0x000000000800fd8e                _calloc_r
 .text.__ssputs_r
                0x000000000800fdba       0xb6 c:/st/stm32cubeide_1.11.0/stm32cubeide/plugins/com.st.stm32cube.ide.mcu.externaltools.gnu-tools-for-stm32.10.3-2021.10.win32_1.0.100.202210260954/tools/bin/../lib/gcc/arm-none-eabi/10.3.1/../../../../arm-none-eabi/lib/thumb/v7e-m+fp/hard\libc_nano.a(lib_a-nano-svfprintf.o)
                0x000000000800fdba                __ssputs_r
 .text._svfprintf_r
                0x000000000800fe70      0x200 c:/st/stm32cubeide_1.11.0/stm32cubeide/plugins/com.st.stm32cube.ide.mcu.externaltools.gnu-tools-for-stm32.10.3-2021.10.win32_1.0.100.202210260954/tools/bin/../lib/gcc/arm-none-eabi/10.3.1/../../../../arm-none-eabi/lib/thumb/v7e-m+fp/hard\libc_nano.a(lib_a-nano-svfprintf.o)
                0x000000000800fe70                _svfiprintf_r
                0x000000000800fe70                _svfprintf_r
 .text.__sfputc_r
                0x0000000008010070       0x2e c:/st/stm32cubeide_1.11.0/stm32cubeide/plugins/com.st.stm32cube.ide.mcu.externaltools.gnu-tools-for-stm32.10.3-2021.10.win32_1.0.100.202210260954/tools/bin/../lib/gcc/arm-none-eabi/10.3.1/../../../../arm-none-eabi/lib/thumb/v7e-m+fp/hard\libc_nano.a(lib_a-nano-vfprintf.o)
 .text.__sfputs_r
                0x000000000801009e       0x24 c:/st/stm32cubeide_1.11.0/stm32cubeide/plugins/com.st.stm32cube.ide.mcu.externaltools.gnu-tools-for-stm32.10.3-2021.10.win32_1.0.100.202210260954/tools/bin/../lib/gcc/arm-none-eabi/10.3.1/../../../../arm-none-eabi/lib/thumb/v7e-m+fp/hard\libc_nano.a(lib_a-nano-vfprintf.o)
                0x000000000801009e                __sfputs_r
 *fill*         0x00000000080100c2        0x2 
 .text._vfprintf_r
                0x00000000080100c4      0x260 c:/st/stm32cubeide_1.11.0/stm32cubeide/plugins/com.st.stm32cube.ide.mcu.externaltools.gnu-tools-for-stm32.10.3-2021.10.win32_1.0.100.202210260954/tools/bin/../lib/gcc/arm-none-eabi/10.3.1/../../../../arm-none-eabi/lib/thumb/v7e-m+fp/hard\libc_nano.a(lib_a-nano-vfprintf.o)
                0x00000000080100c4                _vfprintf_r
                0x00000000080100c4                _vfiprintf_r
 *fill*         0x0000000008010324        0x4 
 .text.nan      0x0000000008010328       0x10 c:/st/stm32cubeide_1.11.0/stm32cubeide/plugins/com.st.stm32cube.ide.mcu.externaltools.gnu-tools-for-stm32.10.3-2021.10.win32_1.0.100.202210260954/tools/bin/../lib/gcc/arm-none-eabi/10.3.1/../../../../arm-none-eabi/lib/thumb/v7e-m+fp/hard\libc_nano.a(lib_a-s_nan.o)
                0x0000000008010328                nan
 .text.__sread  0x0000000008010338       0x22 c:/st/stm32cubeide_1.11.0/stm32cubeide/plugins/com.st.stm32cube.ide.mcu.externaltools.gnu-tools-for-stm32.10.3-2021.10.win32_1.0.100.202210260954/tools/bin/../lib/gcc/arm-none-eabi/10.3.1/../../../../arm-none-eabi/lib/thumb/v7e-m+fp/hard\libc_nano.a(lib_a-stdio.o)
                0x0000000008010338                __sread
 .text.__swrite
                0x000000000801035a       0x38 c:/st/stm32cubeide_1.11.0/stm32cubeide/plugins/com.st.stm32cube.ide.mcu.externaltools.gnu-tools-for-stm32.10.3-2021.10.win32_1.0.100.202210260954/tools/bin/../lib/gcc/arm-none-eabi/10.3.1/../../../../arm-none-eabi/lib/thumb/v7e-m+fp/hard\libc_nano.a(lib_a-stdio.o)
                0x000000000801035a                __swrite
 .text.__sseek  0x0000000008010392       0x24 c:/st/stm32cubeide_1.11.0/stm32cubeide/plugins/com.st.stm32cube.ide.mcu.externaltools.gnu-tools-for-stm32.10.3-2021.10.win32_1.0.100.202210260954/tools/bin/../lib/gcc/arm-none-eabi/10.3.1/../../../../arm-none-eabi/lib/thumb/v7e-m+fp/hard\libc_nano.a(lib_a-stdio.o)
                0x0000000008010392                __sseek
 .text.__sclose