../Core/Src/main.c:140:6:read_keypad	40	static
../Core/Src/main.c:188:9:search_card_list_Global	24	static
../Core/Src/main.c:203:6:rc522_add_card	32	static
../Core/Src/main.c:253:6:rc522_delete_card	24	static
../Core/Src/main.c:281:6:rc522_test	24	static
../Core/Src/main.c:327:5:debounce	16	static
../Core/Src/main.c:342:6:PushButton	16	static
../Core/Src/main.c:353:9:rc522_check	16	static
../Core/Src/main.c:361:9:keypad_check	24	static
../Core/Src/main.c:420:9:bluetooth_check	16	static
../Core/Src/main.c:477:6:unlock_fn_AddCard	48	static
../Core/Src/main.c:493:6:unlock_fn_DelCard	104	static
../Core/Src/main.c:533:6:unlock_fn_Lock	56	static
../Core/Src/main.c:551:6:lock_bee	16	static
../Core/Src/main.c:566:6:unlock_bee	16	static
../Core/Src/main.c:645:6:lock_task	48	static
../Core/Src/main.c:687:6:unlock_task	40	static
../Core/Src/main.c:710:6:sendCommand	16	static
../Core/Src/main.c:714:6:receiveResponse	24	static
../Core/Src/main.c:718:6:sendLogToServer	608	static
../Core/Src/main.c:769:6:vEsp8266Init	520	static
../Core/Src/main.c:797:5:main	32	static
../Core/Src/main.c:897:6:SystemClock_Config	88	static
../Core/Src/main.c:943:13:MX_ADC1_Init	24	static
../Core/Src/main.c:1004:13:MX_I2C1_Init	8	static
../Core/Src/main.c:1038:13:MX_I2S3_Init	8	static
../Core/Src/main.c:1072:6:MX_SPI1_Init	8	static
../Core/Src/main.c:1110:13:MX_SPI2_Init	8	static
../Core/Src/main.c:1148:13:MX_TIM2_Init	48	static
../Core/Src/main.c:1197:13:MX_USART1_UART_Init	8	static
../Core/Src/main.c:1230:13:MX_USART2_UART_Init	8	static
../Core/Src/main.c:1263:13:MX_USART3_UART_Init	8	static
../Core/Src/main.c:1294:13:MX_DMA_Init	16	static
../Core/Src/main.c:1316:13:MX_GPIO_Init	56	static
../Core/Src/main.c:1390:6:HAL_GPIO_EXTI_Callback	24	static,ignoring_inline_asm
../Core/Src/main.c:1421:6:HAL_TIM_PeriodElapsedCallback	16	static
../Core/Src/main.c:1438:6:Error_Handler	4	static,ignoring_inline_asm
