../Core/Src/main.c:141:6:read_keypad	40	static
../Core/Src/main.c:189:9:search_card_list_Global	24	static
../Core/Src/main.c:204:6:rc522_add_card	32	static
../Core/Src/main.c:254:6:rc522_delete_card	24	static
../Core/Src/main.c:282:6:rc522_test	24	static
../Core/Src/main.c:328:5:debounce	16	static
../Core/Src/main.c:343:6:PushButton	16	static
../Core/Src/main.c:354:9:rc522_check	16	static
../Core/Src/main.c:362:6:setpin	32	static
../Core/Src/main.c:404:6:unlock_fn_setpin	48	static
../Core/Src/main.c:421:9:keypad_check	24	static
../Core/Src/main.c:480:9:bluetooth_check	16	static
../Core/Src/main.c:493:6:unlock_fn_AddCard	48	static
../Core/Src/main.c:510:6:unlock_fn_DelCard	104	static
../Core/Src/main.c:550:6:unlock_fn_Lock	56	static
../Core/Src/main.c:568:6:lock_bee	16	static
../Core/Src/main.c:583:6:unlock_bee	16	static
../Core/Src/main.c:664:6:lock_task	48	static
../Core/Src/main.c:708:6:unlock_task	40	static
../Core/Src/main.c:820:5:main	32	static
../Core/Src/main.c:920:6:SystemClock_Config	88	static
../Core/Src/main.c:966:13:MX_ADC1_Init	24	static
../Core/Src/main.c:1027:13:MX_I2C1_Init	8	static
../Core/Src/main.c:1061:13:MX_I2S3_Init	8	static
../Core/Src/main.c:1095:6:MX_SPI1_Init	8	static
../Core/Src/main.c:1133:13:MX_SPI2_Init	8	static
../Core/Src/main.c:1171:13:MX_TIM2_Init	48	static
../Core/Src/main.c:1220:13:MX_USART1_UART_Init	8	static
../Core/Src/main.c:1253:13:MX_USART2_UART_Init	8	static
../Core/Src/main.c:1286:13:MX_USART3_UART_Init	8	static
../Core/Src/main.c:1317:13:MX_DMA_Init	16	static
../Core/Src/main.c:1339:13:MX_GPIO_Init	56	static
../Core/Src/main.c:1413:6:HAL_GPIO_EXTI_Callback	24	static,ignoring_inline_asm
../Core/Src/main.c:1444:6:HAL_TIM_PeriodElapsedCallback	16	static
../Core/Src/main.c:1461:6:Error_Handler	4	static,ignoring_inline_asm
