../Core/Src/stm32f4xx_it.c:74:6:NMI_Handler	4	static
../Core/Src/stm32f4xx_it.c:89:6:HardFault_Handler	4	static
../Core/Src/stm32f4xx_it.c:104:6:MemManage_Handler	4	static
../Core/Src/stm32f4xx_it.c:119:6:BusFault_Handler	4	static
../Core/Src/stm32f4xx_it.c:134:6:UsageFault_Handler	4	static
../Core/Src/stm32f4xx_it.c:162:6:DebugMon_Handler	4	static
../Core/Src/stm32f4xx_it.c:209:6:EXTI0_IRQHandler	8	static
../Core/Src/stm32f4xx_it.c:223:6:DMA1_Stream5_IRQHandler	8	static
../Core/Src/stm32f4xx_it.c:237:6:USART2_IRQHandler	8	static
../Core/Src/stm32f4xx_it.c:251:6:USART3_IRQHandler	8	static
../Core/Src/stm32f4xx_it.c:265:6:TIM7_IRQHandler	8	static
../Core/Src/stm32f4xx_it.c:279:6:DMA2_Stream0_IRQHandler	8	static
